Archive member included because of file (symbol)

c:/winavr-20100110/bin/../lib/gcc/avr/4.3.3/../../../../avr/lib/avr51\libprintf_flt.a(vfprintf_flt.o)
                              (vfprintf)
c:/winavr-20100110/bin/../lib/gcc/avr/4.3.3/../../../../avr/lib/avr51\libscanf_flt.a(vfscanf_flt.o)
                              (vfscanf)
c:/winavr-20100110/bin/../lib/gcc/avr/4.3.3/../../../../avr/lib/avr51\libm.a(addsf3.o)
                              C:/Jarboter_V_2_1/GUI/C/conversion.o (__subsf3)
c:/winavr-20100110/bin/../lib/gcc/avr/4.3.3/../../../../avr/lib/avr51\libm.a(addsf3x.o)
                              c:/winavr-20100110/bin/../lib/gcc/avr/4.3.3/../../../../avr/lib/avr51\libm.a(addsf3.o) (__addsf3x)
c:/winavr-20100110/bin/../lib/gcc/avr/4.3.3/../../../../avr/lib/avr51\libm.a(cmpsf2.o)
                              C:/Jarboter_V_2_1/Firmware/Interface_uC_Peripherical/C/debug.o (__ltsf2)
c:/winavr-20100110/bin/../lib/gcc/avr/4.3.3/../../../../avr/lib/avr51\libm.a(divsf3.o)
                              C:/Jarboter_V_2_1/GUI/C/conversion.o (__divsf3)
c:/winavr-20100110/bin/../lib/gcc/avr/4.3.3/../../../../avr/lib/avr51\libm.a(divsf3x.o)
                              c:/winavr-20100110/bin/../lib/gcc/avr/4.3.3/../../../../avr/lib/avr51\libm.a(divsf3.o) (__divsf3x)
c:/winavr-20100110/bin/../lib/gcc/avr/4.3.3/../../../../avr/lib/avr51\libm.a(fixsfsi.o)
                              C:/Jarboter_V_2_1/GUI/C/conversion.o (__fixsfsi)
c:/winavr-20100110/bin/../lib/gcc/avr/4.3.3/../../../../avr/lib/avr51\libm.a(fixunssfsi.o)
                              C:/Jarboter_V_2_1/Firmware/Interface_uC_PMD/C/PMDrobotics.o (__fixunssfsi)
c:/winavr-20100110/bin/../lib/gcc/avr/4.3.3/../../../../avr/lib/avr51\libm.a(floatsisf.o)
                              jarboter1.o (__floatunsisf)
c:/winavr-20100110/bin/../lib/gcc/avr/4.3.3/../../../../avr/lib/avr51\libm.a(floor.o)
                              C:/Jarboter_V_2_1/GUI/C/conversion.o (floor)
c:/winavr-20100110/bin/../lib/gcc/avr/4.3.3/../../../../avr/lib/avr51\libm.a(fp_cmp.o)
                              c:/winavr-20100110/bin/../lib/gcc/avr/4.3.3/../../../../avr/lib/avr51\libm.a(cmpsf2.o) (__fp_cmp)
c:/winavr-20100110/bin/../lib/gcc/avr/4.3.3/../../../../avr/lib/avr51\libm.a(fp_inf.o)
                              c:/winavr-20100110/bin/../lib/gcc/avr/4.3.3/../../../../avr/lib/avr51\libm.a(addsf3x.o) (__fp_inf)
c:/winavr-20100110/bin/../lib/gcc/avr/4.3.3/../../../../avr/lib/avr51\libm.a(fp_mintl.o)
                              c:/winavr-20100110/bin/../lib/gcc/avr/4.3.3/../../../../avr/lib/avr51\libm.a(floor.o) (__fp_mintl)
c:/winavr-20100110/bin/../lib/gcc/avr/4.3.3/../../../../avr/lib/avr51\libm.a(fp_mpack.o)
                              c:/winavr-20100110/bin/../lib/gcc/avr/4.3.3/../../../../avr/lib/avr51\libm.a(floor.o) (__fp_mpack)
c:/winavr-20100110/bin/../lib/gcc/avr/4.3.3/../../../../avr/lib/avr51\libm.a(fp_nan.o)
                              c:/winavr-20100110/bin/../lib/gcc/avr/4.3.3/../../../../avr/lib/avr51\libm.a(addsf3x.o) (__fp_nan)
c:/winavr-20100110/bin/../lib/gcc/avr/4.3.3/../../../../avr/lib/avr51\libm.a(fp_pscA.o)
                              c:/winavr-20100110/bin/../lib/gcc/avr/4.3.3/../../../../avr/lib/avr51\libm.a(addsf3x.o) (__fp_pscA)
c:/winavr-20100110/bin/../lib/gcc/avr/4.3.3/../../../../avr/lib/avr51\libm.a(fp_pscB.o)
                              c:/winavr-20100110/bin/../lib/gcc/avr/4.3.3/../../../../avr/lib/avr51\libm.a(addsf3x.o) (__fp_pscB)
c:/winavr-20100110/bin/../lib/gcc/avr/4.3.3/../../../../avr/lib/avr51\libm.a(fp_round.o)
                              c:/winavr-20100110/bin/../lib/gcc/avr/4.3.3/../../../../avr/lib/avr51\libm.a(addsf3.o) (__fp_round)
c:/winavr-20100110/bin/../lib/gcc/avr/4.3.3/../../../../avr/lib/avr51\libm.a(fp_split3.o)
                              c:/winavr-20100110/bin/../lib/gcc/avr/4.3.3/../../../../avr/lib/avr51\libm.a(addsf3x.o) (__fp_split3)
c:/winavr-20100110/bin/../lib/gcc/avr/4.3.3/../../../../avr/lib/avr51\libm.a(fp_trunc.o)
                              c:/winavr-20100110/bin/../lib/gcc/avr/4.3.3/../../../../avr/lib/avr51\libm.a(floor.o) (__fp_trunc)
c:/winavr-20100110/bin/../lib/gcc/avr/4.3.3/../../../../avr/lib/avr51\libm.a(fp_zero.o)
                              c:/winavr-20100110/bin/../lib/gcc/avr/4.3.3/../../../../avr/lib/avr51\libm.a(addsf3x.o) (__fp_zero)
c:/winavr-20100110/bin/../lib/gcc/avr/4.3.3/../../../../avr/lib/avr51\libm.a(gesf2.o)
                              C:/Jarboter_V_2_1/Firmware/Interface_uC_Peripherical/C/debug.o (__gtsf2)
c:/winavr-20100110/bin/../lib/gcc/avr/4.3.3/../../../../avr/lib/avr51\libm.a(mulsf3.o)
                              jarboter1.o (__mulsf3)
c:/winavr-20100110/bin/../lib/gcc/avr/4.3.3/../../../../avr/lib/avr51\libm.a(mulsf3x.o)
                              c:/winavr-20100110/bin/../lib/gcc/avr/4.3.3/../../../../avr/lib/avr51\libm.a(mulsf3.o) (__mulsf3x)
c:/winavr-20100110/bin/../lib/gcc/avr/4.3.3/avr51\libgcc.a(_mulsi3.o)
[...]
Memory Configuration

Name             Origin             Length             Attributes
text             0x00000000         0x00020000         xr
data             0x00800060         0x0000ffa0         rw !x
eeprom           0x00810000         0x00010000         rw !x
fuse             0x00820000         0x00000400         rw !x
lock             0x00830000         0x00000400         rw !x
signature        0x00840000         0x00000400         rw !x
*default*        0x00000000         0xffffffff

Linker script and memory map

Address of section .data set to 0x800200
LOAD c:/winavr-20100110/bin/../lib/gcc/avr/4.3.3/../../../../avr/lib/avr51/crtm1280.o
LOAD jarboter1.o
LOAD C:/Jarboter_V_2_1/GUI/C/conversion.o
LOAD C:/Jarboter_V_2_1/Comunicacion/Interface_PC_Controlador/C/low_usb.o
LOAD C:/Jarboter_V_2_1/Comunicacion/Interface_PC_Controlador/C/robotData.o
LOAD C:/Jarboter_V_2_1/Comunicacion/Interface_PC_Controlador/C/packetIO.o
LOAD C:/Jarboter_V_2_1/Comunicacion/Interface_PC_Controlador/C/mem.o
LOAD C:/Jarboter_V_2_1/Comunicacion/Interface_PC_Controlador/C/messages.o
LOAD C:/Jarboter_V_2_1/Firmware/Configuracion_uC/C/uC_setup.o
LOAD C:/Jarboter_V_2_1/Firmware/Interface_uC_PMD/C/basicIO.o
LOAD C:/Jarboter_V_2_1/Firmware/Interface_uC_PMD/C/PMDsetup.o
LOAD C:/Jarboter_V_2_1/Firmware/Interface_uC_PMD/C/PMDtrace.o
LOAD C:/Jarboter_V_2_1/Firmware/Interface_uC_PMD/C/PMDrobotics.o
LOAD C:/Jarboter_V_2_1/Firmware/Interface_uC_PMD/C/PMDinfo.o
LOAD C:/Jarboter_V_2_1/Firmware/Interface_uC_PMD/C/PMDinterrupt.o
LOAD C:/Jarboter_V_2_1/Firmware/Interface_uC_PMD/C/c-motion.o
LOAD C:/Jarboter_V_2_1/Firmware/Interface_uC_PMD/C/PMDpar.o
LOAD C:/Jarboter_V_2_1/Firmware/Interface_uC_PMD/C/PMDtrans.o
LOAD C:/Jarboter_V_2_1/Firmware/Interface_uC_Peripherical/C/uart.o
LOAD C:/Jarboter_V_2_1/Firmware/Interface_uC_Peripherical/C/hd44780.o
LOAD C:/Jarboter_V_2_1/Firmware/Interface_uC_Peripherical/C/lcd.o
LOAD C:/Jarboter_V_2_1/Firmware/Interface_uC_Peripherical/C/tw_interface.o
LOAD C:/Jarboter_V_2_1/Firmware/Interface_uC_Peripherical/C/tw_eeprom.o
LOAD C:/Jarboter_V_2_1/Firmware/Interface_uC_Peripherical/C/tw_rtc.o
LOAD C:/Jarboter_V_2_1/Firmware/Interface_uC_Peripherical/C/tw_teach_pendant.o
LOAD C:/Jarboter_V_2_1/Firmware/Interface_uC_Peripherical/C/debug.o
LOAD C:/Jarboter_V_2_1/Firmware/Efector_Final/C/gripper.o
Address of section .data set to 0x802200
                0x0080ffff                __heap_end = 0x80ffff
LOAD c:/winavr-20100110/bin/../lib/gcc/avr/4.3.3/../../../../avr/lib/avr51\libprintf_flt.a
LOAD c:/winavr-20100110/bin/../lib/gcc/avr/4.3.3/../../../../avr/lib/avr51\libscanf_flt.a
LOAD c:/winavr-20100110/bin/../lib/gcc/avr/4.3.3/../../../../avr/lib/avr51\libm.a
LOAD c:/winavr-20100110/bin/../lib/gcc/avr/4.3.3/avr51\libgcc.a
LOAD c:/winavr-20100110/bin/../lib/gcc/avr/4.3.3/../../../../avr/lib/avr51\libc.a
LOAD c:/winavr-20100110/bin/../lib/gcc/avr/4.3.3/avr51\libgcc.a

.hash
 *(.hash)

.dynsym
 *(.dynsym)

.dynstr
 *(.dynstr)

.gnu.version
 *(.gnu.version)

.gnu.version_d
 *(.gnu.version_d)

.gnu.version_r
 *(.gnu.version_r)

.rel.init
 *(.rel.init)

.rela.init
 *(.rela.init)

.rel.text
 *(.rel.text)
 *(.rel.text.*)
 *(.rel.gnu.linkonce.t*)

.rela.text
 *(.rela.text)
 *(.rela.text.*)
 *(.rela.gnu.linkonce.t*)

.rel.fini
 *(.rel.fini)

.rela.fini
 *(.rela.fini)

.rel.rodata
 *(.rel.rodata)
 *(.rel.rodata.*)
 *(.rel.gnu.linkonce.r*)

.rela.rodata
 *(.rela.rodata)
 *(.rela.rodata.*)
 *(.rela.gnu.linkonce.r*)

.rel.data
 *(.rel.data)
 *(.rel.data.*)
 *(.rel.gnu.linkonce.d*)

.rela.data
 *(.rela.data)
 *(.rela.data.*)
 *(.rela.gnu.linkonce.d*)

.rel.ctors
 *(.rel.ctors)

.rela.ctors
 *(.rela.ctors)

.rel.dtors
 *(.rel.dtors)

.rela.dtors
 *(.rela.dtors)

.rel.got
 *(.rel.got)

.rela.got
 *(.rela.got)

.rel.bss
 *(.rel.bss)

.rela.bss
 *(.rela.bss)

.rel.plt
 *(.rel.plt)

.rela.plt
 *(.rela.plt)

.text           0x00000000    0x141bc
 *(.vectors)
 .vectors       0x00000000       0xe4 c:/winavr-20100110/bin/../lib/gcc/avr/4.3.3/../../../../avr/lib/avr51/crtm1280.o
                0x00000000                __vectors
                0x00000000                __vector_default
 *(.vectors)
 *(.progmem.gcc*)
 .progmem.gcc_sw_table
                0x000000e4      0x246 C:/Jarboter_V_2_1/Comunicacion/Interface_PC_Controlador/C/messages.o
 *(.progmem*)
 .progmem.data  0x0000032a     0x1416 jarboter1.o
 .progmem.data  0x00001740       0x88 C:/Jarboter_V_2_1/Firmware/Interface_uC_PMD/C/PMDsetup.o
 .progmem.data  0x000017c8       0x6f C:/Jarboter_V_2_1/Firmware/Interface_uC_PMD/C/PMDinfo.o
 .progmem.data  0x00001837       0x2e C:/Jarboter_V_2_1/Firmware/Interface_uC_PMD/C/PMDinterrupt.o
 .progmem.data  0x00001865        0x8 c:/winavr-20100110/bin/../lib/gcc/avr/4.3.3/../../../../avr/lib/avr51\libprintf_flt.a(vfprintf_flt.o)
 .progmem.data  0x0000186d       0x4d c:/winavr-20100110/bin/../lib/gcc/avr/4.3.3/../../../../avr/lib/avr51\libscanf_flt.a(vfscanf_flt.o)
 .progmem.data  0x000018ba       0xfa c:/winavr-20100110/bin/../lib/gcc/avr/4.3.3/../../../../avr/lib/avr51\libc.a(ftoa_engine.o)
                0x000019b4                . = ALIGN (0x2)
                0x000019b4                __trampolines_start = .
 *(.trampolines)
 .trampolines   0x000019b4        0x0 linker stubs
 *(.trampolines*)
                0x000019b4                __trampolines_end = .
 *(.jumptables)
 *(.jumptables*)
 *(.lowtext)
 *(.lowtext*)
                0x000019b4                __ctors_start = .
 *(.ctors)
                0x000019b4                __ctors_end = .
                0x000019b4                __dtors_start = .
 *(.dtors)
                0x000019b4                __dtors_end = .
 SORT(*)(.ctors)
 SORT(*)(.dtors)
 *(.init0)
 .init0         0x000019b4        0x0 c:/winavr-20100110/bin/../lib/gcc/avr/4.3.3/../../../../avr/lib/avr51/crtm1280.o
                0x000019b4                __init
 *(.init0)
 *(.init1)
 *(.init1)
 *(.init2)
 .init2         0x000019b4        0xc c:/winavr-20100110/bin/../lib/gcc/avr/4.3.3/../../../../avr/lib/avr51/crtm1280.o
 *(.init2)
 *(.init3)
 .init3         0x000019c0        0xa jarboter1.o
                0x000019c0                Init_EXRAM
 *(.init3)
 *(.init4)
 .init4         0x000019ca       0x1a c:/winavr-20100110/bin/../lib/gcc/avr/4.3.3/../../../../avr/lib/avr51/crtm1280.o
                0x000019ca                __do_copy_data
 .init4         0x000019e4       0x10 c:/winavr-20100110/bin/../lib/gcc/avr/4.3.3/avr51\libgcc.a(_clear_bss.o)
                0x000019e4                __do_clear_bss
 *(.init4)
 *(.init5)
 *(.init5)
 *(.init6)
 *(.init6)
 *(.init7)
 *(.init7)
 *(.init8)
 *(.init8)
 *(.init9)
 .init9         0x000019f4        0x8 c:/winavr-20100110/bin/../lib/gcc/avr/4.3.3/../../../../avr/lib/avr51/crtm1280.o
 *(.init9)
 *(.text)
 .text          0x000019fc        0x4 c:/winavr-20100110/bin/../lib/gcc/avr/4.3.3/../../../../avr/lib/avr51/crtm1280.o
                0x000019fc                __vector_38
                0x000019fc                __vector_22
                0x000019fc                __vector_28
                0x000019fc                __vector_1
                0x000019fc                __vector_32
                0x000019fc                __vector_34
                0x000019fc                __vector_24
                0x000019fc                __vector_12
                0x000019fc                __vector_55
                0x000019fc                __vector_46
                0x000019fc                __bad_interrupt
                0x000019fc                __vector_31
                0x000019fc                __vector_39
                0x000019fc                __vector_23
                0x000019fc                __vector_30
                0x000019fc                __vector_45
                0x000019fc                __vector_25
                0x000019fc                __vector_11
                0x000019fc                __vector_54
                0x000019fc                __vector_13
                0x000019fc                __vector_17
                0x000019fc                __vector_19
                0x000019fc                __vector_56
                0x000019fc                __vector_7
                0x000019fc                __vector_49
                0x000019fc                __vector_41
                0x000019fc                __vector_43
                0x000019fc                __vector_27
                0x000019fc                __vector_33
                0x000019fc                __vector_47
                0x000019fc                __vector_52
                0x000019fc                __vector_37
                0x000019fc                __vector_4
                0x000019fc                __vector_44
                0x000019fc                __vector_51
                0x000019fc                __vector_9
                0x000019fc                __vector_2
                0x000019fc                __vector_21
                0x000019fc                __vector_15
                0x000019fc                __vector_36
                0x000019fc                __vector_29
                0x000019fc                __vector_40
                0x000019fc                __vector_8
                0x000019fc                __vector_26
                0x000019fc                __vector_48
                0x000019fc                __vector_14
                0x000019fc                __vector_53
                0x000019fc                __vector_10
                0x000019fc                __vector_50
                0x000019fc                __vector_16
                0x000019fc                __vector_18
                0x000019fc                __vector_42
 .text          0x00001a00     0x3820 jarboter1.o
                0x0000509e                __vector_6
                0x00004e44                __vector_35
                0x0000514e                __vector_3
                0x000050f6                __vector_5
                0x00001a00                main
                0x00004f84                __vector_20
 .text          0x00005220      0x38c C:/Jarboter_V_2_1/GUI/C/conversion.o
                0x000053e0                bcd2int
                0x000053d2                rad2grados
                0x0000540e                uPasosTOgradros
                0x0000552e                positionPCtoUC
                0x0000554a                gradrosTOuPasos
                0x000054fa                velocityPCtoUC
                0x000053f4                int2bcd
                0x000054ba                accelerationPCtoUC
                0x00005220                rad2usteps
                0x000052e8                ustep2rad
                0x000053c4                grados2rad
 .text          0x000055ac      0x152 C:/Jarboter_V_2_1/Comunicacion/Interface_PC_Controlador/C/low_usb.o
                0x0000566e                Envio_USB
                0x000056b6                Leo_USB
                0x0000561e                usb_write
                0x000055ac                usb_read
 .text          0x000056fe      0x408 C:/Jarboter_V_2_1/Comunicacion/Interface_PC_Controlador/C/robotData.o
                0x00005ada                setupAxisSettings
                0x000056fe                defaultAxisSettings
 .text          0x00005b06     0x11da C:/Jarboter_V_2_1/Comunicacion/Interface_PC_Controlador/C/packetIO.o
                0x00006290                BUFFERTraceTX
                0x000063f0                BUFFERFechaTX
                0x00005b6c                calcChecksum
                0x00006a9e                receiptPacket
                0x00005ce2                readPacketDataRX
                0x00006750                BUFFERCommandTX
                0x000061f8                BUFFERunit16TX
                0x00005d5c                fillPacketHeader
                0x00005c26                checksumOk
                0x00005dda                Axis2AxisMask
                0x00006684                BUFFERTrajectoryTX
                0x00005dc4                Esimpar
                0x00006358                BUFFERAlarmaTX
                0x00005b06                initPacketIO
                0x00006488                BUFFERVectorPoseTX
                0x000069a8                dispatchPacket
                0x000065e2                BUFFERAxisSettingsTX
                0x00005f84                Print_rxTrajectory
                0x00005e48                BUFFERPacketDataTX
                0x00005c54                readPacketHeaderRX
                0x000067ee                readTrajectoryRX
                0x00006544                BUFFERAxisLimitsTX
                0x000068e0                BUFFERStringTX
 .text          0x00006ce0       0x5a C:/Jarboter_V_2_1/Comunicacion/Interface_PC_Controlador/C/mem.o
                0x00006ce0                maxavail
                0x00006d02                declarar
 .text          0x00006d3a      0xa3a C:/Jarboter_V_2_1/Comunicacion/Interface_PC_Controlador/C/messages.o
                0x00007094                PMDGetOpcodeText
                0x0000768e                Dayname
                0x00006ffa                rcMsg
                0x00006d3a                AxisName
                0x00006f7a                PacketMsg
                0x000076e0                Monthname
                0x00006ed8                CommandMsg
                0x00006e78                Tracetype
                0x00007498                PMDGetErrorMessage
                0x00006de4                TraceName
 .text          0x00007774       0x72 C:/Jarboter_V_2_1/Firmware/Configuracion_uC/C/uC_setup.o
                0x00007774                initCard
                0x000077ce                TIM16_ReadTCNTn
 .text          0x000077e6      0x36e C:/Jarboter_V_2_1/Firmware/Interface_uC_PMD/C/basicIO.o
                0x00007896                writePMDdata
                0x00007946                readPMDdata
                0x000077e6                writePMDcommand
                0x00007b32                writePMDreset
                0x00007a3c                readPMDstatus
 .text          0x00007b54      0xfac C:/Jarboter_V_2_1/Firmware/Interface_uC_PMD/C/PMDsetup.o
                0x000081d8                Config_BreakPoint
                0x0000827c                Clear_Position_Error
                0x0000825e                ajustar_posicion
                0x0000847e                PMDChipsetReset
                0x00007b54                GetAxissetting
                0x000082ca                Reset_Even_Status_Register
                0x00007b96                PrintAxissetting
                0x000086f4                PMDchipsetOK
                0x000088cc                initAxisHandles
                0x000089dc                selftestPMD
                0x00008240                cargar_encoder
                0x00008066                Axissetting2hAxisHandle
                0x000084da                PMDsetupChipSets
                0x000082f4                PMDsetupChipsets_USB
 .text          0x00008b00      0x934 C:/Jarboter_V_2_1/Firmware/Interface_uC_PMD/C/PMDtrace.o
                0x00008b00                Tracevar2PMDVar
                0x000090e6                SetupSingleAxisTrace
                0x00008b44                DisableVariable
                0x00008f0a                DisplayTraceResults
                0x000091a4                Memoryconfig
                0x00008c06                EnvioTrazado2PC
                0x000091ea                SetupAxisTrace
 .text          0x00009434     0x42f0 C:/Jarboter_V_2_1/Firmware/Interface_uC_PMD/C/PMDrobotics.o
                0x0000a1ee                search_home_roll_positive
                0x00009494                AjustarPosicionActual
                0x00009ce6                mov_axis
                0x00009b36                Enable_Mov
                0x00009ba4                PMDcheckIdle
                0x00009c9a                inipitch_roll
                0x00009a60                motioncomplete
                0x0000adb0                mov_correlacionado_HOME
                0x0000cafa                initializeAxis
                0x000095b6                No_limit_switch
                0x00009aa2                abruptstop
                0x00009542                SetPosicionActual
                0x0000d028                teach_pendant_point
                0x00009736                ObtenerPose
                0x00009aec                sofstop
                0x00009c32                Status_Axis
                0x00009434                max
                0x0000a700                calibration
                0x0000992a                rangosrobot
                0x00009464                min
                0x00009ddc                StepCalibration
                0x0000cd5a                mov_correlacionado
                0x0000bdca                go_home
                0x0000b698                search_home_negative
                0x0000a4f0                pitch
                0x0000a036                roll
                0x0000af5a                search_home_positive
                0x0000d656                PMDprocessTrajectory
 .text          0x0000d724      0xcec C:/Jarboter_V_2_1/Firmware/Interface_uC_PMD/C/PMDinfo.o
                0x0000dec8                PMDCheckActivityStatus
                0x0000da0a                infomov
                0x0000d724                checkconnect
                0x0000dc6e                PMDCheckSignalStatus
                0x0000d8ce                Print_Handlesinfo
                0x0000e17e                PMDCheckEventStatus
                0x0000d9cc                getErrorHost
 .text          0x0000e410      0x82e C:/Jarboter_V_2_1/Firmware/Interface_uC_PMD/C/PMDinterrupt.o
                0x0000e8f8                MotionErrorhandling
                0x0000ea56                InterruptHandling_chipset2
                0x0000e482                MotionCompletehandling
                0x0000ec0e                HostInterruptDisable
                0x0000e9b6                interruptAxisHandling
                0x0000e410                InstructionErrorhandling
                0x0000ebde                HostInterruptEnable
                0x0000eb1a                InterruptHandling_chipset1
                0x0000e70c                Positivehandling
                0x0000e4ca                Negativehandling
 .text          0x0000ec3e     0x1152 C:/Jarboter_V_2_1/Firmware/Interface_uC_PMD/C/c-motion.o
                0x0000f6f0                PMDGetStartVelocity
                0x0000f556                PMDSetAutoStopMode
                0x0000faca                PMDReadBuffer
                0x0000f88e                PMDReadAnalog
                0x0000f48a                PMDSetMotorCommand
                0x0000f654                PMDGetActualVelocity
                0x0000f14a                PMDGetSettleTime
                0x0000f192                PMDGetKout
                0x0000f156                PMDGetDerivativeTime
                0x0000f89e                PMDReadIO
                0x0000f56e                PMDSetMotorLimit
                0x0000f0ae                PMDGetCaptureSource
                0x0000f57a                PMDSetLimitSwitchMode
                0x0000fd12                PMDSetPositionErrorLimit
                0x0000fd4a                PMDSetDeceleration
                0x0000f186                PMDGetLimitSwitchMode
                0x0000f5f6                PMDSetProfileMode
                0x0000f562                PMDSetMotorBias
                0x0000f16e                PMDGetMotorBias
                0x0000f5ce                PMDSetStopMode
                0x0000f4ae                PMDSetEncoderModulus
                0x0000f5da                PMDSetGearMaster
                0x0000f60e                PMDGetTime
                0x0000f678                PMDGetIntegral
                0x0000f5b6                PMDSetKd
                0x0000f04e                PMDGetNumberPhases
                0x0000f17a                PMDGetMotorLimit
                0x0000f946                PMDGetBreakpoint
                0x0000f6fc                PMDGetVelocity
                0x0000f3f0                PMDSetTraceMode
                0x0000f9ae                PMDWriteIO
                0x0000fc10                PMDWriteBuffer
                0x0000ef9e                PMDGetTracePeriod
                0x0000f884                PMDClearPositionError
                0x0000f0a2                PMDGetEncoderSource
                0x0000f042                PMDGetPhaseInitializeMode
                0x0000edba                PMDGetAxisOutSource
                0x0000f9be                PMDSetTraceVariable
                0x0000f012                PMDGetPhaseOffset
                0x0000fb04                PMDGetBufferLength
                0x0000f232                PMDGetProfileMode
                0x0000f0ea                PMDGetEventStatus
                0x0000f4a2                PMDSetOutputMode
                0x0000f11a                PMDGetDerivative
                0x0000f84e                PMDClearInterrupt
                0x0000ef02                PMDGetTraceStart
                0x0000f496                PMDSetMotorMode
                0x0000f690                PMDGetIntegrationLimit
                0x0000f6b4                PMDGetCommandedPosition
                0x0000ec72                PMDIsReady
                0x0000f714                PMDGetVersion
                0x0000f926                PMDGetBufferFunction
                0x0000f10e                PMDGetSampleTime
                0x0000f1e6                PMDGetGearMaster
                0x0000edae                PMDGetHostIOError
                0x0000f53e                PMDSetSettleTime
                0x0000fd3c                PMDSetJerk
                0x0000ec3e                PMDGetStatus
                0x0000f066                PMDGetCurrentMotorCommand
                0x0000f586                PMDSetKout
                0x0000f0f6                PMDGetInterruptAxis
                0x0000f8ae                PMDGetTraceVariable
                0x0000f036                PMDGetPhasePrescale
                0x0000f936                PMDGetPhaseCommand
                0x0000f262                PMDSetSerialPortMode
                0x0000f648                PMDGetCaptureValue
                0x0000f2b8                PMDSetAxisOutSource
                0x0000f532                PMDSetSettleWindow
                0x0000f708                PMDGetPosition
                0x0000f6c0                PMDGetGearRatio
                0x0000f4f6                PMDSetInterruptMask
                0x0000f5aa                PMDSetKi
                0x0000fd66                PMDSetStartVelocity
                0x0000f23e                PMDSetSynchronizationMode
                0x0000fa06                PMDSetBufferFunction
                0x0000f1aa                PMDGetKvff
                0x0000f096                PMDGetEncoderModulus
                0x0000f132                PMDGetTrackingWindow
                0x0000ec58                PMDHasError
                0x0000ed00                PMDGetDiagnosticPortMode
                0x0000fd74                PMDSetVelocity
                0x0000fcf6                PMDSetActualPosition
                0x0000ee2c                PMDGetAxisMode
                0x0000ecda                PMDGetCMotionVersion
                0x0000f684                PMDGetPositionErrorLimit
                0x0000f072                PMDGetMotorCommand
                0x0000f1c2                PMDGetKd
                0x0000ece8                PMDGetSynchronizationMode
                0x0000f7fe                PMDGetEncoderToStepRatio
                0x0000f05a                PMDGetCommutationMode
                0x0000f102                PMDGetInterruptMask
                0x0000f42a                PMDSetPhaseAngle
                0x0000fc98                PMDSetBufferStart
                0x0000ec8c                PMDHasInterrupt
                0x0000f2f2                PMDSetTraceStop
                0x0000f442                PMDSetPhaseInitializeTime
                0x0000fbcc                PMDSetBufferWriteIndex
                0x0000f4c6                PMDSetCaptureSource
                0x0000ee38                PMDGetTraceStatus
                0x0000fd82                PMDSetPosition
                0x0000f466                PMDSetPhaseInitializeMode
                0x0000fb3e                PMDGetBufferStart
                0x0000f4ba                PMDSetEncoderSource
                0x0000efcc                PMDGetTraceMode
                0x0000f87a                PMDUpdate
                0x0000f3c2                PMDSetTracePeriod
                0x0000f24a                PMDSetStepRange
                0x0000f0ba                PMDGetActualPositionUnits
                0x0000f19e                PMDGetKaff
                0x0000f592                PMDSetKaff
                0x0000f126                PMDGetMotionCompleteMode
                0x0000f4ea                PMDResetEventStatus
                0x0000f01e                PMDGetPhaseInitializeTime
                0x0000f660                PMDGetActualPosition
                0x0000ecf4                PMDGetStepRange
                0x0000fa26                PMDSetBreakpoint
                0x0000f61a                PMDGetTraceCount
                0x0000f1ce                PMDGetKp
                0x0000f47e                PMDSetCommutationMode
                0x0000eca6                PMDHardReset
                0x0000f08a                PMDGetOutputMode
                0x0000f1da                PMDGetStopMode
                0x0000fd04                PMDAdjustActualPosition
                0x0000f69c                PMDGetCommandedAcceleration
                0x0000f2e6                PMDSetAxisMode
                0x0000f6d8                PMDGetDeceleration
                0x0000f41e                PMDSetPhaseCorrectionMode
                0x0000f51a                PMDSetMotionCompleteMode
                0x0000f602                PMDGetChecksum
                0x0000f0de                PMDGetActivityStatus
                0x0000fb78                PMDGetBreakpointValue
                0x0000f0d2                PMDGetSignalSense
                0x0000fd58                PMDSetAcceleration
                0x0000f472                PMDSetNumberPhases
                0x0000f436                PMDSetPhaseOffset
                0x0000effa                PMDGetPhaseCorrectionMode
                0x0000ed0c                PMDGetSerialPortMode
                0x0000f80e                PMDNoOperation
                0x0000fa56                PMDGetBufferReadIndex
                0x0000fb88                PMDSetBufferReadIndex
                0x0000f818                PMDReset
                0x0000f502                PMDMultiUpdate
                0x0000f0c6                PMDGetSignalStatus
                0x0000f54a                PMDSetDerivativeTime
                0x0000f59e                PMDSetKvff
                0x0000f44e                PMDSetPhaseCounts
                0x0000f6e4                PMDGetAcceleration
                0x0000f5c2                PMDSetKp
                0x0000fd2e                PMDSetGearRatio
                0x0000f526                PMDSetTrackingWindow
                0x0000ee66                PMDGetTraceStop
                0x0000ecc0                PMDCloseAxisInterface
                0x0000f6a8                PMDGetCommandedVelocity
                0x0000f4de                PMDSetSignalSense
                0x0000f35a                PMDSetTraceStart
                0x0000f13e                PMDGetSettleWindow
                0x0000f50e                PMDSetSampleTime
                0x0000f162                PMDGetAutoStopMode
                0x0000f256                PMDSetDiagnosticPortMode
                0x0000f07e                PMDGetMotorMode
                0x0000fc54                PMDSetBufferLength
                0x0000fcdc                PMDSetBreakpointValue
                0x0000fa90                PMDGetBufferWriteIndex
                0x0000f6cc                PMDGetJerk
                0x0000f844                PMDInitializePhase
                0x0000f45a                PMDSetPhasePrescale
                0x0000f4d2                PMDSetActualPositionUnits
                0x0000f02a                PMDGetPhaseCounts
                0x0000f1b6                PMDGetKi
                0x0000fa16                PMDSetEncoderToStepRatio
                0x0000f006                PMDGetPhaseAngle
                0x0000f66c                PMDGetPositionError
                0x0000fd20                PMDSetIntegrationLimit
 .text          0x0000fd90      0x6ba C:/Jarboter_V_2_1/Firmware/Interface_uC_PMD/C/PMDpar.o
                0x00010060                PMDParallel_GetCommandStatus
                0x0000fd90                Axis2PMDChipset
                0x0000ff86                PMDSetupAxisInterface_Parallel
                0x0000fee8                PMDParallel_InitData
                0x0000ff4a                PMDParallel_Init
                0x0000fdb6                Axis2PMDAxis
 .text          0x0001044a      0x4a0 C:/Jarboter_V_2_1/Firmware/Interface_uC_PMD/C/PMDtrans.o
                0x0001044a                BuildCommand
                0x000104fc                SendCommandWordWord
                0x0001084a                SendCommandWordGetLong
                0x000107d6                SendCommandWordGetWord
                0x00010740                SendCommandGetLong
                0x000106bc                SendCommandGetWordWord
                0x00010456                SendCommand
                0x000105d6                SendCommandWordLong
                0x00010652                SendCommandGetWord
                0x0001055e                SendCommandLong
                0x000104a4                SendCommandWord
 .text          0x000108ea      0x1c2 C:/Jarboter_V_2_1/Firmware/Interface_uC_Peripherical/C/uart.o
                0x0001091a                uart_getchar
                0x000108ea                uart_init
                0x000108f8                uart_putchar
 .text          0x00010aac       0xf2 C:/Jarboter_V_2_1/Firmware/Interface_uC_Peripherical/C/hd44780.o
                0x00010b38                hd44780_wait_ready
                0x00010b44                hd44780_init
                0x00010ad0                hd44780_outbyte
                0x00010b1a                hd44780_inbyte
 .text          0x00010b9e       0xbe C:/Jarboter_V_2_1/Firmware/Interface_uC_Peripherical/C/lcd.o
                0x00010c32                lcd_init
                0x00010b9e                lcd_putchar
 .text          0x00010c5c      0x3be C:/Jarboter_V_2_1/Firmware/Interface_uC_Peripherical/C/tw_interface.o
                0x00010f7c                write_bytes_I2C
                0x00010c5c                TWI_init
                0x00010dce                write_page_I2C
                0x00010f46                error
                0x00010c68                read_bytes_I2C
 .text          0x0001101a       0xa2 C:/Jarboter_V_2_1/Firmware/Interface_uC_Peripherical/C/tw_eeprom.o
                0x00011070                ee24xx_read_bytes
                0x0001101a                ee24xx_write_bytes
 .text          0x000110bc      0x294 C:/Jarboter_V_2_1/Firmware/Interface_uC_Peripherical/C/tw_rtc.o
                0x000112a6                rtc_init
                0x000112e0                write_Fecha
                0x0001114a                Read_SR
                0x000110bc                RCT_task
                0x000111d6                write_alarm
                0x00011186                isl1207_write_Conf_SR
                0x00011168                Read_Fecha
                0x0001112c                read_control
                0x00011244                write_control
                0x0001110e                read_alarm
 .text          0x00011350      0x71e C:/Jarboter_V_2_1/Firmware/Interface_uC_Peripherical/C/tw_teach_pendant.o
                0x00011350                Pose2rxTrayectoria
                0x000117dc                SobreEscribir_Pose
                0x00011514                Get_Num_Poses
                0x0001155c                Adicionar_PoseTWI
                0x000114e6                BorrarEEPROM
                0x000115fe                return_id_vector
                0x00011842                Vector2Trajectory
                0x00011704                Found_Id
                0x00011814                Leer_PoseTWI
 .text          0x00011a6e      0x852 C:/Jarboter_V_2_1/Firmware/Interface_uC_Peripherical/C/debug.o
                0x00011b4e                Led_on
                0x00011b72                Led_off
                0x00011a82                buzzer
                0x00011a6e                delay_1s
                0x00011b98                Test_perifericos
                0x00011aac                buzzer_ms
 .text          0x000122c0       0xf0 C:/Jarboter_V_2_1/Firmware/Efector_Final/C/gripper.o
                0x00012322                closeGripper
                0x000122f2                openGripper_time
                0x00012384                Estado_gripper
                0x000122c0                openGripper
                0x00012354                closeGripper_time
 .text          0x000123b0        0x0 c:/winavr-20100110/bin/../lib/gcc/avr/4.3.3/../../../../avr/lib/avr51\libprintf_flt.a(vfprintf_flt.o)
 .text          0x000123b0        0x0 c:/winavr-20100110/bin/../lib/gcc/avr/4.3.3/../../../../avr/lib/avr51\libscanf_flt.a(vfscanf_flt.o)
 .text          0x000123b0        0x0 c:/winavr-20100110/bin/../lib/gcc/avr/4.3.3/../../../../avr/lib/avr51\libm.a(addsf3.o)
 .text          0x000123b0        0x0 c:/winavr-20100110/bin/../lib/gcc/avr/4.3.3/../../../../avr/lib/avr51\libm.a(addsf3x.o)
 .text          0x000123b0        0x0 c:/winavr-20100110/bin/../lib/gcc/avr/4.3.3/../../../../avr/lib/avr51\libm.a(cmpsf2.o)
 .text          0x000123b0        0x0 c:/winavr-20100110/bin/../lib/gcc/avr/4.3.3/../../../../avr/lib/avr51\libm.a(divsf3.o)
 .text          0x000123b0        0x0 c:/winavr-20100110/bin/../lib/gcc/avr/4.3.3/../../../../avr/lib/avr51\libm.a(divsf3x.o)
 .text          0x000123b0        0x0 c:/winavr-20100110/bin/../lib/gcc/avr/4.3.3/../../../../avr/lib/avr51\libm.a(fixsfsi.o)
 .text          0x000123b0        0x0 c:/winavr-20100110/bin/../lib/gcc/avr/4.3.3/../../../../avr/lib/avr51\libm.a(fixunssfsi.o)
 .text          0x000123b0        0x0 c:/winavr-20100110/bin/../lib/gcc/avr/4.3.3/../../../../avr/lib/avr51\libm.a(floatsisf.o)
 .text          0x000123b0        0x0 c:/winavr-20100110/bin/../lib/gcc/avr/4.3.3/../../../../avr/lib/avr51\libm.a(floor.o)
 .text          0x000123b0        0x0 c:/winavr-20100110/bin/../lib/gcc/avr/4.3.3/../../../../avr/lib/avr51\libm.a(fp_cmp.o)
 .text          0x000123b0        0x0 c:/winavr-20100110/bin/../lib/gcc/avr/4.3.3/../../../../avr/lib/avr51\libm.a(fp_inf.o)
 .text          0x000123b0        0x0 c:/winavr-20100110/bin/../lib/gcc/avr/4.3.3/../../../../avr/lib/avr51\libm.a(fp_mintl.o)
 .text          0x000123b0        0x0 c:/winavr-20100110/bin/../lib/gcc/avr/4.3.3/../../../../avr/lib/avr51\libm.a(fp_mpack.o)
 .text          0x000123b0        0x0 c:/winavr-20100110/bin/../lib/gcc/avr/4.3.3/../../../../avr/lib/avr51\libm.a(fp_nan.o)
 .text          0x000123b0        0x0 c:/winavr-20100110/bin/../lib/gcc/avr/4.3.3/../../../../avr/lib/avr51\libm.a(fp_pscA.o)
 .text          0x000123b0        0x0 c:/winavr-20100110/bin/../lib/gcc/avr/4.3.3/../../../../avr/lib/avr51\libm.a(fp_pscB.o)
 .text          0x000123b0        0x0 c:/winavr-20100110/bin/../lib/gcc/avr/4.3.3/../../../../avr/lib/avr51\libm.a(fp_round.o)
 .text          0x000123b0        0x0 c:/winavr-20100110/bin/../lib/gcc/avr/4.3.3/../../../../avr/lib/avr51\libm.a(fp_split3.o)
 .text          0x000123b0        0x0 c:/winavr-20100110/bin/../lib/gcc/avr/4.3.3/../../../../avr/lib/avr51\libm.a(fp_trunc.o)
 .text          0x000123b0        0x0 c:/winavr-20100110/bin/../lib/gcc/avr/4.3.3/../../../../avr/lib/avr51\libm.a(fp_zero.o)
 .text          0x000123b0        0x0 c:/winavr-20100110/bin/../lib/gcc/avr/4.3.3/../../../../avr/lib/avr51\libm.a(gesf2.o)
 .text          0x000123b0        0x0 c:/winavr-20100110/bin/../lib/gcc/avr/4.3.3/../../../../avr/lib/avr51\libm.a(mulsf3.o)
 .text          0x000123b0        0x0 c:/winavr-20100110/bin/../lib/gcc/avr/4.3.3/../../../../avr/lib/avr51\libm.a(mulsf3x.o)
 .text          0x000123b0        0x0 c:/winavr-20100110/bin/../lib/gcc/avr/4.3.3/avr51\libgcc.a(_mulsi3.o)
 .text          0x000123b0        0x0 c:/winavr-20100110/bin/../lib/gcc/avr/4.3.3/avr51\libgcc.a(_udivmodqi4.o)
 .text          0x000123b0        0x0 c:/winavr-20100110/bin/../lib/gcc/avr/4.3.3/avr51\libgcc.a(_divmodhi4.o)
 .text          0x000123b0        0x0 c:/winavr-20100110/bin/../lib/gcc/avr/4.3.3/avr51\libgcc.a(_divmodsi4.o)
 .text          0x000123b0        0x0 c:/winavr-20100110/bin/../lib/gcc/avr/4.3.3/avr51\libgcc.a(_exit.o)
 .text          0x000123b0        0x0 c:/winavr-20100110/bin/../lib/gcc/avr/4.3.3/avr51\libgcc.a(_clear_bss.o)
 .text          0x000123b0        0x0 c:/winavr-20100110/bin/../lib/gcc/avr/4.3.3/avr51\libgcc.a(_udivmodhi4.o)
 .text          0x000123b0        0x0 c:/winavr-20100110/bin/../lib/gcc/avr/4.3.3/avr51\libgcc.a(_udivmodsi4.o)
 .text          0x000123b0        0x0 c:/winavr-20100110/bin/../lib/gcc/avr/4.3.3/../../../../avr/lib/avr51\libc.a(malloc.o)
 .text          0x000123b0        0x0 c:/winavr-20100110/bin/../lib/gcc/avr/4.3.3/../../../../avr/lib/avr51\libc.a(ftoa_engine.o)
 .text          0x000123b0        0x0 c:/winavr-20100110/bin/../lib/gcc/avr/4.3.3/../../../../avr/lib/avr51\libc.a(isspace.o)
 .text          0x000123b0        0x0 c:/winavr-20100110/bin/../lib/gcc/avr/4.3.3/../../../../avr/lib/avr51\libc.a(tolower.o)
 .text          0x000123b0        0x0 c:/winavr-20100110/bin/../lib/gcc/avr/4.3.3/../../../../avr/lib/avr51\libc.a(strchr_P.o)
 .text          0x000123b0        0x0 c:/winavr-20100110/bin/../lib/gcc/avr/4.3.3/../../../../avr/lib/avr51\libc.a(strnlen_P.o)
 .text          0x000123b0        0x0 c:/winavr-20100110/bin/../lib/gcc/avr/4.3.3/../../../../avr/lib/avr51\libc.a(memset.o)
 .text          0x000123b0        0x0 c:/winavr-20100110/bin/../lib/gcc/avr/4.3.3/../../../../avr/lib/avr51\libc.a(strnlen.o)
 .text          0x000123b0        0x0 c:/winavr-20100110/bin/../lib/gcc/avr/4.3.3/../../../../avr/lib/avr51\libc.a(itoa.o)
 .text          0x000123b0        0x0 c:/winavr-20100110/bin/../lib/gcc/avr/4.3.3/../../../../avr/lib/avr51\libc.a(fgetc.o)
 .text          0x000123b0        0x0 c:/winavr-20100110/bin/../lib/gcc/avr/4.3.3/../../../../avr/lib/avr51\libc.a(fprintf.o)
 .text          0x000123b0        0x0 c:/winavr-20100110/bin/../lib/gcc/avr/4.3.3/../../../../avr/lib/avr51\libc.a(fprintf_p.o)
 .text          0x000123b0        0x0 c:/winavr-20100110/bin/../lib/gcc/avr/4.3.3/../../../../avr/lib/avr51\libc.a(fputc.o)
 .text          0x000123b0        0x0 c:/winavr-20100110/bin/../lib/gcc/avr/4.3.3/../../../../avr/lib/avr51\libc.a(fputs.o)
 .text          0x000123b0        0x0 c:/winavr-20100110/bin/../lib/gcc/avr/4.3.3/../../../../avr/lib/avr51\libc.a(iob.o)
 .text          0x000123b0        0x0 c:/winavr-20100110/bin/../lib/gcc/avr/4.3.3/../../../../avr/lib/avr51\libc.a(printf.o)
 .text          0x000123b0        0x0 c:/winavr-20100110/bin/../lib/gcc/avr/4.3.3/../../../../avr/lib/avr51\libc.a(putchar.o)
 .text          0x000123b0        0x0 c:/winavr-20100110/bin/../lib/gcc/avr/4.3.3/../../../../avr/lib/avr51\libc.a(puts.o)
 .text          0x000123b0        0x0 c:/winavr-20100110/bin/../lib/gcc/avr/4.3.3/../../../../avr/lib/avr51\libc.a(scanf.o)
 .text          0x000123b0        0x0 c:/winavr-20100110/bin/../lib/gcc/avr/4.3.3/../../../../avr/lib/avr51\libc.a(ungetc.o)
 .text          0x000123b0        0x0 c:/winavr-20100110/bin/../lib/gcc/avr/4.3.3/../../../../avr/lib/avr51\libc.a(ultoa_invert.o)
 .text          0x000123b0        0x0 c:/winavr-20100110/bin/../lib/gcc/avr/4.3.3/../../../../avr/lib/avr51\libc.a(eerd_block_atmega1280.o)
 .text          0x000123b0        0x0 c:/winavr-20100110/bin/../lib/gcc/avr/4.3.3/../../../../avr/lib/avr51\libc.a(eewr_block_atmega1280.o)
 .text          0x000123b0        0x0 c:/winavr-20100110/bin/../lib/gcc/avr/4.3.3/../../../../avr/lib/avr51\libc.a(eewr_byte_atmega1280.o)
 .text          0x000123b0        0x0 c:/winavr-20100110/bin/../lib/gcc/avr/4.3.3/../../../../avr/lib/avr51\libc.a(cty_isfalse.o)
 .text          0x000123b0        0x0 c:/winavr-20100110/bin/../lib/gcc/avr/4.3.3/../../../../avr/lib/avr51\libc.a(strrev.o)
                0x000123b0                . = ALIGN (0x2)
 *(.text.*)
 .text.avr-libc
                0x000123b0      0x760 c:/winavr-20100110/bin/../lib/gcc/avr/4.3.3/../../../../avr/lib/avr51\libprintf_flt.a(vfprintf_flt.o)
                0x000123b0                vfprintf
 .text.avr-libc
                0x00012b10      0x88c c:/winavr-20100110/bin/../lib/gcc/avr/4.3.3/../../../../avr/lib/avr51\libscanf_flt.a(vfscanf_flt.o)
                0x0001311e                vfscanf
 .text.avr-libc.fplib
                0x0001339c        0xa c:/winavr-20100110/bin/../lib/gcc/avr/4.3.3/../../../../avr/lib/avr51\libm.a(addsf3.o)
                0x0001339c                __subsf3
                0x0001339e                __addsf3
 .text.avr-libc.fplib
                0x000133a6       0xc0 c:/winavr-20100110/bin/../lib/gcc/avr/4.3.3/../../../../avr/lib/avr51\libm.a(addsf3x.o)
                0x000133c0                __addsf3x
 .text.avr-libc.fplib
                0x00013466        0x8 c:/winavr-20100110/bin/../lib/gcc/avr/4.3.3/../../../../avr/lib/avr51\libm.a(cmpsf2.o)
                0x00013466                __lesf2
                0x00013466                __nesf2
                0x00013466                __eqsf2
                0x00013466                __cmpsf2
                0x00013466                __ltsf2
 .text.avr-libc.fplib
                0x0001346e        0x4 c:/winavr-20100110/bin/../lib/gcc/avr/4.3.3/../../../../avr/lib/avr51\libm.a(divsf3.o)
                0x0001346e                __divsf3
 .text.avr-libc.fplib
                0x00013472       0xcc c:/winavr-20100110/bin/../lib/gcc/avr/4.3.3/../../../../avr/lib/avr51\libm.a(divsf3x.o)
                0x00013488                __divsf3x
                0x0001348c                __divsf3_pse
 .text.avr-libc.fplib
                0x0001353e        0xa c:/winavr-20100110/bin/../lib/gcc/avr/4.3.3/../../../../avr/lib/avr51\libm.a(fixsfsi.o)
                0x0001353e                __fixsfsi
 .text.avr-libc.fplib
                0x00013548       0x58 c:/winavr-20100110/bin/../lib/gcc/avr/4.3.3/../../../../avr/lib/avr51\libm.a(fixunssfsi.o)
                0x00013548                __fixunssfsi
 .text.avr-libc.fplib
                0x000135a0       0x7a c:/winavr-20100110/bin/../lib/gcc/avr/4.3.3/../../../../avr/lib/avr51\libm.a(floatsisf.o)
                0x000135a4                __floatsisf
                0x000135a0                __floatunsisf
 .text.avr-libc.fplib
                0x0001361a       0x26 c:/winavr-20100110/bin/../lib/gcc/avr/4.3.3/../../../../avr/lib/avr51\libm.a(floor.o)
                0x0001361a                floor
 .text.avr-libc.fplib
                0x00013640       0x48 c:/winavr-20100110/bin/../lib/gcc/avr/4.3.3/../../../../avr/lib/avr51\libm.a(fp_cmp.o)
                0x00013640                __fp_cmp
 .text.avr-libc.fplib
                0x00013688        0xc c:/winavr-20100110/bin/../lib/gcc/avr/4.3.3/../../../../avr/lib/avr51\libm.a(fp_inf.o)
                0x00013688                __fp_inf
 .text.avr-libc.fplib
                0x00013694       0x36 c:/winavr-20100110/bin/../lib/gcc/avr/4.3.3/../../../../avr/lib/avr51\libm.a(fp_mintl.o)
                0x00013694                __fp_mintl
 .text.avr-libc.fplib
                0x000136ca       0x1c c:/winavr-20100110/bin/../lib/gcc/avr/4.3.3/../../../../avr/lib/avr51\libm.a(fp_mpack.o)
                0x000136ce                __fp_mpack_finite
                0x000136ca                __fp_mpack
 .text.avr-libc.fplib
                0x000136e6        0x6 c:/winavr-20100110/bin/../lib/gcc/avr/4.3.3/../../../../avr/lib/avr51\libm.a(fp_nan.o)
                0x000136e6                __fp_nan
 .text.avr-libc.fplib
                0x000136ec        0xe c:/winavr-20100110/bin/../lib/gcc/avr/4.3.3/../../../../avr/lib/avr51\libm.a(fp_pscA.o)
                0x000136ec                __fp_pscA
 .text.avr-libc.fplib
                0x000136fa        0xe c:/winavr-20100110/bin/../lib/gcc/avr/4.3.3/../../../../avr/lib/avr51\libm.a(fp_pscB.o)
                0x000136fa                __fp_pscB
 .text.avr-libc.fplib
                0x00013708       0x22 c:/winavr-20100110/bin/../lib/gcc/avr/4.3.3/../../../../avr/lib/avr51\libm.a(fp_round.o)
                0x00013708                __fp_round
 .text.avr-libc.fplib
                0x0001372a       0x44 c:/winavr-20100110/bin/../lib/gcc/avr/4.3.3/../../../../avr/lib/avr51\libm.a(fp_split3.o)
                0x0001372a                __fp_split3
                0x0001373a                __fp_splitA
 .text.avr-libc.fplib
                0x0001376e       0x2e c:/winavr-20100110/bin/../lib/gcc/avr/4.3.3/../../../../avr/lib/avr51\libm.a(fp_trunc.o)
                0x0001376e                __fp_trunc
 .text.avr-libc.fplib
                0x0001379c        0xe c:/winavr-20100110/bin/../lib/gcc/avr/4.3.3/../../../../avr/lib/avr51\libm.a(fp_zero.o)
                0x0001379c                __fp_zero
                0x0001379e                __fp_szero
 .text.avr-libc.fplib
                0x000137aa        0x8 c:/winavr-20100110/bin/../lib/gcc/avr/4.3.3/../../../../avr/lib/avr51\libm.a(gesf2.o)
                0x000137aa                __gtsf2
                0x000137aa                __gesf2
 .text.avr-libc.fplib
                0x000137b2        0x4 c:/winavr-20100110/bin/../lib/gcc/avr/4.3.3/../../../../avr/lib/avr51\libm.a(mulsf3.o)
                0x000137b2                __mulsf3
 .text.avr-libc.fplib
                0x000137b6       0xc2 c:/winavr-20100110/bin/../lib/gcc/avr/4.3.3/../../../../avr/lib/avr51\libm.a(mulsf3x.o)
                0x000137ce                __mulsf3_pse
                0x000137ca                __mulsf3x
 .text.libgcc   0x00013878       0x3e c:/winavr-20100110/bin/../lib/gcc/avr/4.3.3/avr51\libgcc.a(_mulsi3.o)
                0x00013878                __mulsi3
 .text.libgcc   0x000138b6       0x18 c:/winavr-20100110/bin/../lib/gcc/avr/4.3.3/avr51\libgcc.a(_udivmodqi4.o)
                0x000138b6                __udivmodqi4
 .text.libgcc   0x000138ce       0x26 c:/winavr-20100110/bin/../lib/gcc/avr/4.3.3/avr51\libgcc.a(_divmodhi4.o)
                0x000138ce                __divmodhi4
                0x000138ce                _div
 .text.libgcc   0x000138f4       0x36 c:/winavr-20100110/bin/../lib/gcc/avr/4.3.3/avr51\libgcc.a(_divmodsi4.o)
                0x000138f4                __divmodsi4
 .text.libgcc   0x0001392a        0x0 c:/winavr-20100110/bin/../lib/gcc/avr/4.3.3/avr51\libgcc.a(_exit.o)
 .text.libgcc   0x0001392a        0x0 c:/winavr-20100110/bin/../lib/gcc/avr/4.3.3/avr51\libgcc.a(_clear_bss.o)
 .text.libgcc   0x0001392a       0x28 c:/winavr-20100110/bin/../lib/gcc/avr/4.3.3/avr51\libgcc.a(_udivmodhi4.o)
                0x0001392a                __udivmodhi4
 .text.libgcc   0x00013952       0x44 c:/winavr-20100110/bin/../lib/gcc/avr/4.3.3/avr51\libgcc.a(_udivmodsi4.o)
                0x00013952                __udivmodsi4
 .text.avr-libc
                0x00013996      0x20a c:/winavr-20100110/bin/../lib/gcc/avr/4.3.3/../../../../avr/lib/avr51\libc.a(malloc.o)
                0x00013996                malloc
                0x00013af0                free
 .text.avr-libc
                0x00013ba0      0x1b0 c:/winavr-20100110/bin/../lib/gcc/avr/4.3.3/../../../../avr/lib/avr51\libc.a(ftoa_engine.o)
                0x00013ba0                __ftoa_engine
 .text.avr-libc
                0x00013d50       0x10 c:/winavr-20100110/bin/../lib/gcc/avr/4.3.3/../../../../avr/lib/avr51\libc.a(isspace.o)
                0x00013d50                isspace
 .text.avr-libc
                0x00013d60       0x10 c:/winavr-20100110/bin/../lib/gcc/avr/4.3.3/../../../../avr/lib/avr51\libc.a(tolower.o)
                0x00013d60                tolower
 .text.avr-libc
                0x00013d70       0x16 c:/winavr-20100110/bin/../lib/gcc/avr/4.3.3/../../../../avr/lib/avr51\libc.a(strchr_P.o)
                0x00013d70                strchr_P
 .text.avr-libc
                0x00013d86       0x16 c:/winavr-20100110/bin/../lib/gcc/avr/4.3.3/../../../../avr/lib/avr51\libc.a(strnlen_P.o)
                0x00013d86                strnlen_P
 .text.avr-libc
                0x00013d9c        0xe c:/winavr-20100110/bin/../lib/gcc/avr/4.3.3/../../../../avr/lib/avr51\libc.a(memset.o)
                0x00013d9c                memset
 .text.avr-libc
                0x00013daa       0x16 c:/winavr-20100110/bin/../lib/gcc/avr/4.3.3/../../../../avr/lib/avr51\libc.a(strnlen.o)
                0x00013daa                strnlen
 .text.avr-libc
                0x00013dc0       0x42 c:/winavr-20100110/bin/../lib/gcc/avr/4.3.3/../../../../avr/lib/avr51\libc.a(itoa.o)
                0x00013dc0                itoa
 .text.avr-libc
                0x00013e02       0x84 c:/winavr-20100110/bin/../lib/gcc/avr/4.3.3/../../../../avr/lib/avr51\libc.a(fgetc.o)
                0x00013e02                fgetc
 .text.avr-libc
                0x00013e86       0x22 c:/winavr-20100110/bin/../lib/gcc/avr/4.3.3/../../../../avr/lib/avr51\libc.a(fprintf.o)
                0x00013e86                fprintf
 .text.avr-libc
                0x00013ea8       0x3c c:/winavr-20100110/bin/../lib/gcc/avr/4.3.3/../../../../avr/lib/avr51\libc.a(fprintf_p.o)
                0x00013ea8                fprintf_P
 .text.avr-libc
                0x00013ee4       0x58 c:/winavr-20100110/bin/../lib/gcc/avr/4.3.3/../../../../avr/lib/avr51\libc.a(fputc.o)
                0x00013ee4                fputc
 .text.avr-libc
                0x00013f3c       0x56 c:/winavr-20100110/bin/../lib/gcc/avr/4.3.3/../../../../avr/lib/avr51\libc.a(fputs.o)
                0x00013f3c                fputs
 .text.avr-libc
                0x00013f92       0x24 c:/winavr-20100110/bin/../lib/gcc/avr/4.3.3/../../../../avr/lib/avr51\libc.a(printf.o)
                0x00013f92                printf
 .text.avr-libc
                0x00013fb6        0xe c:/winavr-20100110/bin/../lib/gcc/avr/4.3.3/../../../../avr/lib/avr51\libc.a(putchar.o)
                0x00013fb6                putchar
 .text.avr-libc
                0x00013fc4       0x6a c:/winavr-20100110/bin/../lib/gcc/avr/4.3.3/../../../../avr/lib/avr51\libc.a(puts.o)
                0x00013fc4                puts
 .text.avr-libc
                0x0001402e       0x24 c:/winavr-20100110/bin/../lib/gcc/avr/4.3.3/../../../../avr/lib/avr51\libc.a(scanf.o)
                0x0001402e                scanf
 .text.avr-libc
                0x00014052       0x34 c:/winavr-20100110/bin/../lib/gcc/avr/4.3.3/../../../../avr/lib/avr51\libc.a(ungetc.o)
                0x00014052                ungetc
 .text.avr-libc
                0x00014086       0xbc c:/winavr-20100110/bin/../lib/gcc/avr/4.3.3/../../../../avr/lib/avr51\libc.a(ultoa_invert.o)
                0x00014086                __ultoa_invert
 .text.avr-libc
                0x00014142       0x20 c:/winavr-20100110/bin/../lib/gcc/avr/4.3.3/../../../../avr/lib/avr51\libc.a(eerd_block_atmega1280.o)
                0x00014142                __eerd_block_m1280
                0x00014146                __eerd_blraw_m1280
 .text.avr-libc
                0x00014162       0x14 c:/winavr-20100110/bin/../lib/gcc/avr/4.3.3/../../../../avr/lib/avr51\libc.a(eewr_block_atmega1280.o)
                0x00014162                __eewr_block_m1280
 .text.avr-libc
                0x00014176       0x1c c:/winavr-20100110/bin/../lib/gcc/avr/4.3.3/../../../../avr/lib/avr51\libc.a(eewr_byte_atmega1280.o)
                0x00014178                __eewr_r18_m1280
                0x00014176                __eewr_byte_m1280
 .text.avr-libc
                0x00014192        0x6 c:/winavr-20100110/bin/../lib/gcc/avr/4.3.3/../../../../avr/lib/avr51\libc.a(cty_isfalse.o)
                0x00014196                __ctype_istrue
                0x00014192                __ctype_isfalse
 .text.avr-libc
                0x00014198       0x20 c:/winavr-20100110/bin/../lib/gcc/avr/4.3.3/../../../../avr/lib/avr51\libc.a(strrev.o)
                0x00014198                strrev
                0x000141b8                . = ALIGN (0x2)
 *(.fini9)
 .fini9         0x000141b8        0x0 c:/winavr-20100110/bin/../lib/gcc/avr/4.3.3/avr51\libgcc.a(_exit.o)
                0x000141b8                exit
                0x000141b8                _exit
 *(.fini9)
 *(.fini8)
 *(.fini8)
 *(.fini7)
 *(.fini7)
 *(.fini6)
 *(.fini6)
 *(.fini5)
 *(.fini5)
 *(.fini4)
 *(.fini4)
 *(.fini3)
 *(.fini3)
 *(.fini2)
 *(.fini2)
 *(.fini1)
 *(.fini1)
 *(.fini0)
 .fini0         0x000141b8        0x4 c:/winavr-20100110/bin/../lib/gcc/avr/4.3.3/avr51\libgcc.a(_exit.o)
 *(.fini0)
                0x000141bc                _etext = .

.data           0x00802200     0x52aa load address 0x000141bc
                0x00802200                PROVIDE (__data_start, .)
 *(.data)
 .data          0x00802200        0x0 c:/winavr-20100110/bin/../lib/gcc/avr/4.3.3/../../../../avr/lib/avr51/crtm1280.o
 .data          0x00802200      0x4cd jarboter1.o
                0x0080269d                uart_str
                0x008026ab                lcd_str
 .data          0x008026cd        0x0 C:/Jarboter_V_2_1/GUI/C/conversion.o
 .data          0x008026cd        0x0 C:/Jarboter_V_2_1/Comunicacion/Interface_PC_Controlador/C/low_usb.o
 .data          0x008026cd        0x0 C:/Jarboter_V_2_1/Comunicacion/Interface_PC_Controlador/C/robotData.o
 .data          0x008026cd      0x1fa C:/Jarboter_V_2_1/Comunicacion/Interface_PC_Controlador/C/packetIO.o
 .data          0x008028c7       0x20 C:/Jarboter_V_2_1/Comunicacion/Interface_PC_Controlador/C/mem.o
 .data          0x008028e7     0x1220 C:/Jarboter_V_2_1/Comunicacion/Interface_PC_Controlador/C/messages.o
 .data          0x00803b07        0x0 C:/Jarboter_V_2_1/Firmware/Configuracion_uC/C/uC_setup.o
 .data          0x00803b07        0x0 C:/Jarboter_V_2_1/Firmware/Interface_uC_PMD/C/basicIO.o
 .data          0x00803b07      0x721 C:/Jarboter_V_2_1/Firmware/Interface_uC_PMD/C/PMDsetup.o
 .data          0x00804228      0x2c6 C:/Jarboter_V_2_1/Firmware/Interface_uC_PMD/C/PMDtrace.o
 .data          0x008044ee     0x154c C:/Jarboter_V_2_1/Firmware/Interface_uC_PMD/C/PMDrobotics.o
 .data          0x00805a3a     0x12a6 C:/Jarboter_V_2_1/Firmware/Interface_uC_PMD/C/PMDinfo.o
 .data          0x00806ce0      0x11a C:/Jarboter_V_2_1/Firmware/Interface_uC_PMD/C/PMDinterrupt.o
 .data          0x00806dfa        0x0 C:/Jarboter_V_2_1/Firmware/Interface_uC_PMD/C/c-motion.o
 .data          0x00806dfa      0x1c2 C:/Jarboter_V_2_1/Firmware/Interface_uC_PMD/C/PMDpar.o
 .data          0x00806fbc        0x0 C:/Jarboter_V_2_1/Firmware/Interface_uC_PMD/C/PMDtrans.o
 .data          0x00806fbc        0x0 C:/Jarboter_V_2_1/Firmware/Interface_uC_Peripherical/C/uart.o
 .data          0x00806fbc        0x0 C:/Jarboter_V_2_1/Firmware/Interface_uC_Peripherical/C/hd44780.o
 .data          0x00806fbc        0x0 C:/Jarboter_V_2_1/Firmware/Interface_uC_Peripherical/C/lcd.o
 .data          0x00806fbc       0x18 C:/Jarboter_V_2_1/Firmware/Interface_uC_Peripherical/C/tw_interface.o
 .data          0x00806fd4        0x0 C:/Jarboter_V_2_1/Firmware/Interface_uC_Peripherical/C/tw_eeprom.o
 .data          0x00806fd4       0x5e C:/Jarboter_V_2_1/Firmware/Interface_uC_Peripherical/C/tw_rtc.o
                0x00807030                Conf_SR
 .data          0x00807032       0x67 C:/Jarboter_V_2_1/Firmware/Interface_uC_Peripherical/C/tw_teach_pendant.o
 .data          0x00807099      0x386 C:/Jarboter_V_2_1/Firmware/Interface_uC_Peripherical/C/debug.o
 .data          0x0080741f       0x85 C:/Jarboter_V_2_1/Firmware/Efector_Final/C/gripper.o
 .data          0x008074a4        0x0 c:/winavr-20100110/bin/../lib/gcc/avr/4.3.3/../../../../avr/lib/avr51\libprintf_flt.a(vfprintf_flt.o)
 .data          0x008074a4        0x0 c:/winavr-20100110/bin/../lib/gcc/avr/4.3.3/../../../../avr/lib/avr51\libscanf_flt.a(vfscanf_flt.o)
 .data          0x008074a4        0x0 c:/winavr-20100110/bin/../lib/gcc/avr/4.3.3/../../../../avr/lib/avr51\libm.a(addsf3.o)
 .data          0x008074a4        0x0 c:/winavr-20100110/bin/../lib/gcc/avr/4.3.3/../../../../avr/lib/avr51\libm.a(addsf3x.o)
 .data          0x008074a4        0x0 c:/winavr-20100110/bin/../lib/gcc/avr/4.3.3/../../../../avr/lib/avr51\libm.a(cmpsf2.o)
 .data          0x008074a4        0x0 c:/winavr-20100110/bin/../lib/gcc/avr/4.3.3/../../../../avr/lib/avr51\libm.a(divsf3.o)
 .data          0x008074a4        0x0 c:/winavr-20100110/bin/../lib/gcc/avr/4.3.3/../../../../avr/lib/avr51\libm.a(divsf3x.o)
 .data          0x008074a4        0x0 c:/winavr-20100110/bin/../lib/gcc/avr/4.3.3/../../../../avr/lib/avr51\libm.a(fixsfsi.o)
 .data          0x008074a4        0x0 c:/winavr-20100110/bin/../lib/gcc/avr/4.3.3/../../../../avr/lib/avr51\libm.a(fixunssfsi.o)
 .data          0x008074a4        0x0 c:/winavr-20100110/bin/../lib/gcc/avr/4.3.3/../../../../avr/lib/avr51\libm.a(floatsisf.o)
 .data          0x008074a4        0x0 c:/winavr-20100110/bin/../lib/gcc/avr/4.3.3/../../../../avr/lib/avr51\libm.a(floor.o)
 .data          0x008074a4        0x0 c:/winavr-20100110/bin/../lib/gcc/avr/4.3.3/../../../../avr/lib/avr51\libm.a(fp_cmp.o)
 .data          0x008074a4        0x0 c:/winavr-20100110/bin/../lib/gcc/avr/4.3.3/../../../../avr/lib/avr51\libm.a(fp_inf.o)
 .data          0x008074a4        0x0 c:/winavr-20100110/bin/../lib/gcc/avr/4.3.3/../../../../avr/lib/avr51\libm.a(fp_mintl.o)
 .data          0x008074a4        0x0 c:/winavr-20100110/bin/../lib/gcc/avr/4.3.3/../../../../avr/lib/avr51\libm.a(fp_mpack.o)
 .data          0x008074a4        0x0 c:/winavr-20100110/bin/../lib/gcc/avr/4.3.3/../../../../avr/lib/avr51\libm.a(fp_nan.o)
 .data          0x008074a4        0x0 c:/winavr-20100110/bin/../lib/gcc/avr/4.3.3/../../../../avr/lib/avr51\libm.a(fp_pscA.o)
 .data          0x008074a4        0x0 c:/winavr-20100110/bin/../lib/gcc/avr/4.3.3/../../../../avr/lib/avr51\libm.a(fp_pscB.o)
 .data          0x008074a4        0x0 c:/winavr-20100110/bin/../lib/gcc/avr/4.3.3/../../../../avr/lib/avr51\libm.a(fp_round.o)
 .data          0x008074a4        0x0 c:/winavr-20100110/bin/../lib/gcc/avr/4.3.3/../../../../avr/lib/avr51\libm.a(fp_split3.o)
 .data          0x008074a4        0x0 c:/winavr-20100110/bin/../lib/gcc/avr/4.3.3/../../../../avr/lib/avr51\libm.a(fp_trunc.o)
 .data          0x008074a4        0x0 c:/winavr-20100110/bin/../lib/gcc/avr/4.3.3/../../../../avr/lib/avr51\libm.a(fp_zero.o)
 .data          0x008074a4        0x0 c:/winavr-20100110/bin/../lib/gcc/avr/4.3.3/../../../../avr/lib/avr51\libm.a(gesf2.o)
 .data          0x008074a4        0x0 c:/winavr-20100110/bin/../lib/gcc/avr/4.3.3/../../../../avr/lib/avr51\libm.a(mulsf3.o)
 .data          0x008074a4        0x0 c:/winavr-20100110/bin/../lib/gcc/avr/4.3.3/../../../../avr/lib/avr51\libm.a(mulsf3x.o)
 .data          0x008074a4        0x0 c:/winavr-20100110/bin/../lib/gcc/avr/4.3.3/avr51\libgcc.a(_mulsi3.o)
 .data          0x008074a4        0x0 c:/winavr-20100110/bin/../lib/gcc/avr/4.3.3/avr51\libgcc.a(_udivmodqi4.o)
 .data          0x008074a4        0x0 c:/winavr-20100110/bin/../lib/gcc/avr/4.3.3/avr51\libgcc.a(_divmodhi4.o)
 .data          0x008074a4        0x0 c:/winavr-20100110/bin/../lib/gcc/avr/4.3.3/avr51\libgcc.a(_divmodsi4.o)
 .data          0x008074a4        0x0 c:/winavr-20100110/bin/../lib/gcc/avr/4.3.3/avr51\libgcc.a(_exit.o)
 .data          0x008074a4        0x0 c:/winavr-20100110/bin/../lib/gcc/avr/4.3.3/avr51\libgcc.a(_clear_bss.o)
 .data          0x008074a4        0x0 c:/winavr-20100110/bin/../lib/gcc/avr/4.3.3/avr51\libgcc.a(_udivmodhi4.o)
 .data          0x008074a4        0x0 c:/winavr-20100110/bin/../lib/gcc/avr/4.3.3/avr51\libgcc.a(_udivmodsi4.o)
 .data          0x008074a4        0x6 c:/winavr-20100110/bin/../lib/gcc/avr/4.3.3/../../../../avr/lib/avr51\libc.a(malloc.o)
                0x008074a6                __malloc_heap_start
                0x008074a8                __malloc_heap_end
                0x008074a4                __malloc_margin
 .data          0x008074aa        0x0 c:/winavr-20100110/bin/../lib/gcc/avr/4.3.3/../../../../avr/lib/avr51\libc.a(ftoa_engine.o)
 .data          0x008074aa        0x0 c:/winavr-20100110/bin/../lib/gcc/avr/4.3.3/../../../../avr/lib/avr51\libc.a(isspace.o)
 .data          0x008074aa        0x0 c:/winavr-20100110/bin/../lib/gcc/avr/4.3.3/../../../../avr/lib/avr51\libc.a(tolower.o)
 .data          0x008074aa        0x0 c:/winavr-20100110/bin/../lib/gcc/avr/4.3.3/../../../../avr/lib/avr51\libc.a(strchr_P.o)
 .data          0x008074aa        0x0 c:/winavr-20100110/bin/../lib/gcc/avr/4.3.3/../../../../avr/lib/avr51\libc.a(strnlen_P.o)
 .data          0x008074aa        0x0 c:/winavr-20100110/bin/../lib/gcc/avr/4.3.3/../../../../avr/lib/avr51\libc.a(memset.o)
 .data          0x008074aa        0x0 c:/winavr-20100110/bin/../lib/gcc/avr/4.3.3/../../../../avr/lib/avr51\libc.a(strnlen.o)
 .data          0x008074aa        0x0 c:/winavr-20100110/bin/../lib/gcc/avr/4.3.3/../../../../avr/lib/avr51\libc.a(itoa.o)
 .data          0x008074aa        0x0 c:/winavr-20100110/bin/../lib/gcc/avr/4.3.3/../../../../avr/lib/avr51\libc.a(fgetc.o)
 .data          0x008074aa        0x0 c:/winavr-20100110/bin/../lib/gcc/avr/4.3.3/../../../../avr/lib/avr51\libc.a(fprintf.o)
 .data          0x008074aa        0x0 c:/winavr-20100110/bin/../lib/gcc/avr/4.3.3/../../../../avr/lib/avr51\libc.a(fprintf_p.o)
 .data          0x008074aa        0x0 c:/winavr-20100110/bin/../lib/gcc/avr/4.3.3/../../../../avr/lib/avr51\libc.a(fputc.o)
 .data          0x008074aa        0x0 c:/winavr-20100110/bin/../lib/gcc/avr/4.3.3/../../../../avr/lib/avr51\libc.a(fputs.o)
 .data          0x008074aa        0x0 c:/winavr-20100110/bin/../lib/gcc/avr/4.3.3/../../../../avr/lib/avr51\libc.a(iob.o)
 .data          0x008074aa        0x0 c:/winavr-20100110/bin/../lib/gcc/avr/4.3.3/../../../../avr/lib/avr51\libc.a(printf.o)
 .data          0x008074aa        0x0 c:/winavr-20100110/bin/../lib/gcc/avr/4.3.3/../../../../avr/lib/avr51\libc.a(putchar.o)
 .data          0x008074aa        0x0 c:/winavr-20100110/bin/../lib/gcc/avr/4.3.3/../../../../avr/lib/avr51\libc.a(puts.o)
 .data          0x008074aa        0x0 c:/winavr-20100110/bin/../lib/gcc/avr/4.3.3/../../../../avr/lib/avr51\libc.a(scanf.o)
 .data          0x008074aa        0x0 c:/winavr-20100110/bin/../lib/gcc/avr/4.3.3/../../../../avr/lib/avr51\libc.a(ungetc.o)
 .data          0x008074aa        0x0 c:/winavr-20100110/bin/../lib/gcc/avr/4.3.3/../../../../avr/lib/avr51\libc.a(ultoa_invert.o)
 .data          0x008074aa        0x0 c:/winavr-20100110/bin/../lib/gcc/avr/4.3.3/../../../../avr/lib/avr51\libc.a(eerd_block_atmega1280.o)
 .data          0x008074aa        0x0 c:/winavr-20100110/bin/../lib/gcc/avr/4.3.3/../../../../avr/lib/avr51\libc.a(eewr_block_atmega1280.o)
 .data          0x008074aa        0x0 c:/winavr-20100110/bin/../lib/gcc/avr/4.3.3/../../../../avr/lib/avr51\libc.a(eewr_byte_atmega1280.o)
 .data          0x008074aa        0x0 c:/winavr-20100110/bin/../lib/gcc/avr/4.3.3/../../../../avr/lib/avr51\libc.a(cty_isfalse.o)
 .data          0x008074aa        0x0 c:/winavr-20100110/bin/../lib/gcc/avr/4.3.3/../../../../avr/lib/avr51\libc.a(strrev.o)
 *(.data*)
 *(.rodata)
 *(.rodata*)
 *(.gnu.linkonce.d*)
                0x008074aa                . = ALIGN (0x2)
                0x008074aa                _edata = .
                0x008074aa                PROVIDE (__data_end, .)

.bss            0x008074aa      0x52a
                0x008074aa                PROVIDE (__bss_start, .)
 *(.bss)
 .bss           0x008074aa        0x0 c:/winavr-20100110/bin/../lib/gcc/avr/4.3.3/../../../../avr/lib/avr51/crtm1280.o
 .bss           0x008074aa        0x4 jarboter1.o
                0x008074aa                conta
                0x008074ac                cont_alarma
 .bss           0x008074ae        0x0 C:/Jarboter_V_2_1/GUI/C/conversion.o
 .bss           0x008074ae        0x0 C:/Jarboter_V_2_1/Comunicacion/Interface_PC_Controlador/C/low_usb.o
 .bss           0x008074ae        0x0 C:/Jarboter_V_2_1/Comunicacion/Interface_PC_Controlador/C/robotData.o
 .bss           0x008074ae        0x6 C:/Jarboter_V_2_1/Comunicacion/Interface_PC_Controlador/C/packetIO.o
                0x008074b2                FlagTraceok
                0x008074ae                FlagTrayectoryok
                0x008074b0                FlagrxVectorok
 .bss           0x008074b4        0x0 C:/Jarboter_V_2_1/Comunicacion/Interface_PC_Controlador/C/mem.o
 .bss           0x008074b4        0x0 C:/Jarboter_V_2_1/Comunicacion/Interface_PC_Controlador/C/messages.o
 .bss           0x008074b4        0x0 C:/Jarboter_V_2_1/Firmware/Configuracion_uC/C/uC_setup.o
 .bss           0x008074b4        0x0 C:/Jarboter_V_2_1/Firmware/Interface_uC_PMD/C/basicIO.o
 .bss           0x008074b4        0x0 C:/Jarboter_V_2_1/Firmware/Interface_uC_PMD/C/PMDsetup.o
 .bss           0x008074b4        0x1 C:/Jarboter_V_2_1/Firmware/Interface_uC_PMD/C/PMDtrace.o
                0x008074b4                printOK
 .bss           0x008074b5        0x4 C:/Jarboter_V_2_1/Firmware/Interface_uC_PMD/C/PMDrobotics.o
                0x008074b7                HomeRoll_process_active
                0x008074b5                HomePitch_process_active
 .bss           0x008074b9        0x0 C:/Jarboter_V_2_1/Firmware/Interface_uC_PMD/C/PMDinfo.o
 .bss           0x008074b9        0x0 C:/Jarboter_V_2_1/Firmware/Interface_uC_PMD/C/PMDinterrupt.o
 .bss           0x008074b9        0x0 C:/Jarboter_V_2_1/Firmware/Interface_uC_PMD/C/c-motion.o
 .bss           0x008074b9        0x0 C:/Jarboter_V_2_1/Firmware/Interface_uC_PMD/C/PMDpar.o
 .bss           0x008074b9        0x0 C:/Jarboter_V_2_1/Firmware/Interface_uC_PMD/C/PMDtrans.o
 .bss           0x008074b9       0x52 C:/Jarboter_V_2_1/Firmware/Interface_uC_Peripherical/C/uart.o
 .bss           0x0080750b        0x0 C:/Jarboter_V_2_1/Firmware/Interface_uC_Peripherical/C/hd44780.o
 .bss           0x0080750b        0x1 C:/Jarboter_V_2_1/Firmware/Interface_uC_Peripherical/C/lcd.o
 .bss           0x0080750c        0x0 C:/Jarboter_V_2_1/Firmware/Interface_uC_Peripherical/C/tw_interface.o
 .bss           0x0080750c        0x0 C:/Jarboter_V_2_1/Firmware/Interface_uC_Peripherical/C/tw_eeprom.o
 .bss           0x0080750c        0x0 C:/Jarboter_V_2_1/Firmware/Interface_uC_Peripherical/C/tw_rtc.o
 .bss           0x0080750c        0x2 C:/Jarboter_V_2_1/Firmware/Interface_uC_Peripherical/C/tw_teach_pendant.o
                0x0080750c                FlagTrayecPuntook
 .bss           0x0080750e        0x0 C:/Jarboter_V_2_1/Firmware/Interface_uC_Peripherical/C/debug.o
 .bss           0x0080750e        0x0 C:/Jarboter_V_2_1/Firmware/Efector_Final/C/gripper.o
 .bss           0x0080750e        0x0 c:/winavr-20100110/bin/../lib/gcc/avr/4.3.3/../../../../avr/lib/avr51\libprintf_flt.a(vfprintf_flt.o)
 .bss           0x0080750e        0x0 c:/winavr-20100110/bin/../lib/gcc/avr/4.3.3/../../../../avr/lib/avr51\libscanf_flt.a(vfscanf_flt.o)
 .bss           0x0080750e        0x0 c:/winavr-20100110/bin/../lib/gcc/avr/4.3.3/../../../../avr/lib/avr51\libm.a(addsf3.o)
 .bss           0x0080750e        0x0 c:/winavr-20100110/bin/../lib/gcc/avr/4.3.3/../../../../avr/lib/avr51\libm.a(addsf3x.o)
 .bss           0x0080750e        0x0 c:/winavr-20100110/bin/../lib/gcc/avr/4.3.3/../../../../avr/lib/avr51\libm.a(cmpsf2.o)
 .bss           0x0080750e        0x0 c:/winavr-20100110/bin/../lib/gcc/avr/4.3.3/../../../../avr/lib/avr51\libm.a(divsf3.o)
 .bss           0x0080750e        0x0 c:/winavr-20100110/bin/../lib/gcc/avr/4.3.3/../../../../avr/lib/avr51\libm.a(divsf3x.o)
 .bss           0x0080750e        0x0 c:/winavr-20100110/bin/../lib/gcc/avr/4.3.3/../../../../avr/lib/avr51\libm.a(fixsfsi.o)
 .bss           0x0080750e        0x0 c:/winavr-20100110/bin/../lib/gcc/avr/4.3.3/../../../../avr/lib/avr51\libm.a(fixunssfsi.o)
 .bss           0x0080750e        0x0 c:/winavr-20100110/bin/../lib/gcc/avr/4.3.3/../../../../avr/lib/avr51\libm.a(floatsisf.o)
 .bss           0x0080750e        0x0 c:/winavr-20100110/bin/../lib/gcc/avr/4.3.3/../../../../avr/lib/avr51\libm.a(floor.o)
 .bss           0x0080750e        0x0 c:/winavr-20100110/bin/../lib/gcc/avr/4.3.3/../../../../avr/lib/avr51\libm.a(fp_cmp.o)
 .bss           0x0080750e        0x0 c:/winavr-20100110/bin/../lib/gcc/avr/4.3.3/../../../../avr/lib/avr51\libm.a(fp_inf.o)
 .bss           0x0080750e        0x0 c:/winavr-20100110/bin/../lib/gcc/avr/4.3.3/../../../../avr/lib/avr51\libm.a(fp_mintl.o)
 .bss           0x0080750e        0x0 c:/winavr-20100110/bin/../lib/gcc/avr/4.3.3/../../../../avr/lib/avr51\libm.a(fp_mpack.o)
 .bss           0x0080750e        0x0 c:/winavr-20100110/bin/../lib/gcc/avr/4.3.3/../../../../avr/lib/avr51\libm.a(fp_nan.o)
 .bss           0x0080750e        0x0 c:/winavr-20100110/bin/../lib/gcc/avr/4.3.3/../../../../avr/lib/avr51\libm.a(fp_pscA.o)
 .bss           0x0080750e        0x0 c:/winavr-20100110/bin/../lib/gcc/avr/4.3.3/../../../../avr/lib/avr51\libm.a(fp_pscB.o)
 .bss           0x0080750e        0x0 c:/winavr-20100110/bin/../lib/gcc/avr/4.3.3/../../../../avr/lib/avr51\libm.a(fp_round.o)
 .bss           0x0080750e        0x0 c:/winavr-20100110/bin/../lib/gcc/avr/4.3.3/../../../../avr/lib/avr51\libm.a(fp_split3.o)
 .bss           0x0080750e        0x0 c:/winavr-20100110/bin/../lib/gcc/avr/4.3.3/../../../../avr/lib/avr51\libm.a(fp_trunc.o)
 .bss           0x0080750e        0x0 c:/winavr-20100110/bin/../lib/gcc/avr/4.3.3/../../../../avr/lib/avr51\libm.a(fp_zero.o)
 .bss           0x0080750e        0x0 c:/winavr-20100110/bin/../lib/gcc/avr/4.3.3/../../../../avr/lib/avr51\libm.a(gesf2.o)
 .bss           0x0080750e        0x0 c:/winavr-20100110/bin/../lib/gcc/avr/4.3.3/../../../../avr/lib/avr51\libm.a(mulsf3.o)
 .bss           0x0080750e        0x0 c:/winavr-20100110/bin/../lib/gcc/avr/4.3.3/../../../../avr/lib/avr51\libm.a(mulsf3x.o)
 .bss           0x0080750e        0x0 c:/winavr-20100110/bin/../lib/gcc/avr/4.3.3/avr51\libgcc.a(_mulsi3.o)
 .bss           0x0080750e        0x0 c:/winavr-20100110/bin/../lib/gcc/avr/4.3.3/avr51\libgcc.a(_udivmodqi4.o)
 .bss           0x0080750e        0x0 c:/winavr-20100110/bin/../lib/gcc/avr/4.3.3/avr51\libgcc.a(_divmodhi4.o)
 .bss           0x0080750e        0x0 c:/winavr-20100110/bin/../lib/gcc/avr/4.3.3/avr51\libgcc.a(_divmodsi4.o)
 .bss           0x0080750e        0x0 c:/winavr-20100110/bin/../lib/gcc/avr/4.3.3/avr51\libgcc.a(_exit.o)
 .bss           0x0080750e        0x0 c:/winavr-20100110/bin/../lib/gcc/avr/4.3.3/avr51\libgcc.a(_clear_bss.o)
 .bss           0x0080750e        0x0 c:/winavr-20100110/bin/../lib/gcc/avr/4.3.3/avr51\libgcc.a(_udivmodhi4.o)
 .bss           0x0080750e        0x0 c:/winavr-20100110/bin/../lib/gcc/avr/4.3.3/avr51\libgcc.a(_udivmodsi4.o)
 .bss           0x0080750e        0x0 c:/winavr-20100110/bin/../lib/gcc/avr/4.3.3/../../../../avr/lib/avr51\libc.a(malloc.o)
 .bss           0x0080750e        0x0 c:/winavr-20100110/bin/../lib/gcc/avr/4.3.3/../../../../avr/lib/avr51\libc.a(ftoa_engine.o)
 .bss           0x0080750e        0x0 c:/winavr-20100110/bin/../lib/gcc/avr/4.3.3/../../../../avr/lib/avr51\libc.a(isspace.o)
 .bss           0x0080750e        0x0 c:/winavr-20100110/bin/../lib/gcc/avr/4.3.3/../../../../avr/lib/avr51\libc.a(tolower.o)
 .bss           0x0080750e        0x0 c:/winavr-20100110/bin/../lib/gcc/avr/4.3.3/../../../../avr/lib/avr51\libc.a(strchr_P.o)
 .bss           0x0080750e        0x0 c:/winavr-20100110/bin/../lib/gcc/avr/4.3.3/../../../../avr/lib/avr51\libc.a(strnlen_P.o)
 .bss           0x0080750e        0x0 c:/winavr-20100110/bin/../lib/gcc/avr/4.3.3/../../../../avr/lib/avr51\libc.a(memset.o)
 .bss           0x0080750e        0x0 c:/winavr-20100110/bin/../lib/gcc/avr/4.3.3/../../../../avr/lib/avr51\libc.a(strnlen.o)
 .bss           0x0080750e        0x0 c:/winavr-20100110/bin/../lib/gcc/avr/4.3.3/../../../../avr/lib/avr51\libc.a(itoa.o)
 .bss           0x0080750e        0x0 c:/winavr-20100110/bin/../lib/gcc/avr/4.3.3/../../../../avr/lib/avr51\libc.a(fgetc.o)
 .bss           0x0080750e        0x0 c:/winavr-20100110/bin/../lib/gcc/avr/4.3.3/../../../../avr/lib/avr51\libc.a(fprintf.o)
 .bss           0x0080750e        0x0 c:/winavr-20100110/bin/../lib/gcc/avr/4.3.3/../../../../avr/lib/avr51\libc.a(fprintf_p.o)
 .bss           0x0080750e        0x0 c:/winavr-20100110/bin/../lib/gcc/avr/4.3.3/../../../../avr/lib/avr51\libc.a(fputc.o)
 .bss           0x0080750e        0x0 c:/winavr-20100110/bin/../lib/gcc/avr/4.3.3/../../../../avr/lib/avr51\libc.a(fputs.o)
 .bss           0x0080750e        0x0 c:/winavr-20100110/bin/../lib/gcc/avr/4.3.3/../../../../avr/lib/avr51\libc.a(iob.o)
 .bss           0x0080750e        0x0 c:/winavr-20100110/bin/../lib/gcc/avr/4.3.3/../../../../avr/lib/avr51\libc.a(printf.o)
 .bss           0x0080750e        0x0 c:/winavr-20100110/bin/../lib/gcc/avr/4.3.3/../../../../avr/lib/avr51\libc.a(putchar.o)
 .bss           0x0080750e        0x0 c:/winavr-20100110/bin/../lib/gcc/avr/4.3.3/../../../../avr/lib/avr51\libc.a(puts.o)
 .bss           0x0080750e        0x0 c:/winavr-20100110/bin/../lib/gcc/avr/4.3.3/../../../../avr/lib/avr51\libc.a(scanf.o)
 .bss           0x0080750e        0x0 c:/winavr-20100110/bin/../lib/gcc/avr/4.3.3/../../../../avr/lib/avr51\libc.a(ungetc.o)
 .bss           0x0080750e        0x0 c:/winavr-20100110/bin/../lib/gcc/avr/4.3.3/../../../../avr/lib/avr51\libc.a(ultoa_invert.o)
 .bss           0x0080750e        0x0 c:/winavr-20100110/bin/../lib/gcc/avr/4.3.3/../../../../avr/lib/avr51\libc.a(eerd_block_atmega1280.o)
 .bss           0x0080750e        0x0 c:/winavr-20100110/bin/../lib/gcc/avr/4.3.3/../../../../avr/lib/avr51\libc.a(eewr_block_atmega1280.o)
 .bss           0x0080750e        0x0 c:/winavr-20100110/bin/../lib/gcc/avr/4.3.3/../../../../avr/lib/avr51\libc.a(eewr_byte_atmega1280.o)
 .bss           0x0080750e        0x0 c:/winavr-20100110/bin/../lib/gcc/avr/4.3.3/../../../../avr/lib/avr51\libc.a(cty_isfalse.o)
 .bss           0x0080750e        0x0 c:/winavr-20100110/bin/../lib/gcc/avr/4.3.3/../../../../avr/lib/avr51\libc.a(strrev.o)
 *(.bss*)
 *(COMMON)
 COMMON         0x0080750e      0x361 jarboter1.o
                0x0080750e                ctr
                0x00807513                rxPosesActual
                0x00807515                atr
                0x00807517                ask
                0x00807519                hAxis
                0x008076f9                rxAxisSettings
                0x0080784d                dtr
                0x0080784f                bsw
                0x00807851                al
                0x00807853                scn
                0x00807855                SR_RTC
                0x00807856                tiempo_motor_stop
                0x00807858                im
                0x0080785a                rxTraceBuffer
                0x0080785c                activo_alarma
                0x0080785e                sbib
                0x00807860                alarma
                0x00807867                Fecha
 COMMON         0x0080786f      0x14a C:/Jarboter_V_2_1/Comunicacion/Interface_PC_Controlador/C/packetIO.o
                0x0080786f                rxPacket
                0x00807871                rxvector
                0x00807873                rxHeader
                0x0080787b                rxString
                0x0080797b                rxFecha
                0x00807983                rxAxisLimits
                0x0080798b                txPacket
                0x0080798d                rxCommand
                0x008079a8                rxTrajectory
                0x008079ae                rxAlarma
                0x008079b5                RXBUFFER
                0x008079b7                TXBUFFER
 COMMON         0x008079b9        0x2 C:/Jarboter_V_2_1/Firmware/Interface_uC_PMD/C/PMDtrace.o
                0x008079b9                PMD1NVariables
                0x008079ba                PMD2NVariables
 COMMON         0x008079bb        0x1 C:/Jarboter_V_2_1/Firmware/Interface_uC_Peripherical/C/tw_interface.o
                0x008079bb                twst
 COMMON         0x008079bc        0xe C:/Jarboter_V_2_1/Firmware/Interface_uC_Peripherical/C/tw_teach_pendant.o
                0x008079bc                Trajectoryvectorpunto
                0x008079c2                id_vector
                0x008079c4                Trajectoryvector
 COMMON         0x008079ca        0x4 c:/winavr-20100110/bin/../lib/gcc/avr/4.3.3/../../../../avr/lib/avr51\libc.a(malloc.o)
                0x008079ca                __brkval
                0x008079cc                __flp
 COMMON         0x008079ce        0x6 c:/winavr-20100110/bin/../lib/gcc/avr/4.3.3/../../../../avr/lib/avr51\libc.a(iob.o)
                0x008079ce                __iob
                0x008079d4                PROVIDE (__bss_end, .)
                0x000141bc                __data_load_start = LOADADDR (.data)
                0x00019466                __data_load_end = (__data_load_start + SIZEOF (.data))

.noinit         0x008079d4        0x0
                0x008079d4                PROVIDE (__noinit_start, .)
 *(.noinit*)
                0x008079d4                PROVIDE (__noinit_end, .)
                0x008079d4                _end = .
                0x008079d4                PROVIDE (__heap_start, .)

.eeprom         0x00810000      0x162
 *(.eeprom*)
 .eeprom        0x00810000      0x156 C:/Jarboter_V_2_1/Comunicacion/Interface_PC_Controlador/C/robotData.o
                0x00810000                EEprom_Reconf_Indicator
                0x00810002                EEprom_axisSettings
 .eeprom        0x00810156        0x8 C:/Jarboter_V_2_1/Firmware/Interface_uC_PMD/C/PMDrobotics.o
                0x0081015a                Mov_Pitch_Anterior
                0x00810156                Mov_Roll_Anterior
 .eeprom        0x0081015e        0x4 C:/Jarboter_V_2_1/Firmware/Interface_uC_Peripherical/C/debug.o
                0x0081015e                ATmegaEEPROM_var
                0x00810162                __eeprom_end = .

.fuse
 *(.fuse)
 *(.lfuse)
 *(.hfuse)
 *(.efuse)

.lock
 *(.lock*)

.signature
 *(.signature*)

.stab           0x00000000    0x162f0
 *(.stab)
 .stab          0x00000000     0x30d8 jarboter1.o
 .stab          0x000030d8      0x9f0 C:/Jarboter_V_2_1/GUI/C/conversion.o
                                0xde0 (size before relaxing)
 .stab          0x00003ac8      0x474 C:/Jarboter_V_2_1/Comunicacion/Interface_PC_Controlador/C/low_usb.o
                                0xd20 (size before relaxing)
 .stab          0x00003f3c      0x5ac C:/Jarboter_V_2_1/Comunicacion/Interface_PC_Controlador/C/robotData.o
                                0xe70 (size before relaxing)
 .stab          0x000044e8     0x1434 C:/Jarboter_V_2_1/Comunicacion/Interface_PC_Controlador/C/packetIO.o
                               0x1d34 (size before relaxing)
 .stab          0x0000591c      0x288 C:/Jarboter_V_2_1/Comunicacion/Interface_PC_Controlador/C/mem.o
                                0xb40 (size before relaxing)
 .stab          0x00005ba4     0x105c C:/Jarboter_V_2_1/Comunicacion/Interface_PC_Controlador/C/messages.o
                               0x18c0 (size before relaxing)
 .stab          0x00006c00      0x2d0 C:/Jarboter_V_2_1/Firmware/Configuracion_uC/C/uC_setup.o
                                0x48c (size before relaxing)
 .stab          0x00006ed0     0x105c C:/Jarboter_V_2_1/Firmware/Interface_uC_PMD/C/basicIO.o
                               0x1914 (size before relaxing)
 .stab          0x00007f2c      0xec4 C:/Jarboter_V_2_1/Firmware/Interface_uC_PMD/C/PMDsetup.o
                               0x1890 (size before relaxing)
 .stab          0x00008df0      0x93c C:/Jarboter_V_2_1/Firmware/Interface_uC_PMD/C/PMDtrace.o
                               0x1260 (size before relaxing)
 .stab          0x0000972c     0x2c64 C:/Jarboter_V_2_1/Firmware/Interface_uC_PMD/C/PMDrobotics.o
                               0x3630 (size before relaxing)
 .stab          0x0000c390      0xc3c C:/Jarboter_V_2_1/Firmware/Interface_uC_PMD/C/PMDinfo.o
                               0x15e4 (size before relaxing)
 .stab          0x0000cfcc      0xb28 C:/Jarboter_V_2_1/Firmware/Interface_uC_PMD/C/PMDinterrupt.o
                               0x1488 (size before relaxing)
 .stab          0x0000daf4     0x3df8 C:/Jarboter_V_2_1/Firmware/Interface_uC_PMD/C/c-motion.o
                               0x4674 (size before relaxing)
 .stab          0x000118ec      0xa74 C:/Jarboter_V_2_1/Firmware/Interface_uC_PMD/C/PMDpar.o
                               0x1374 (size before relaxing)
 .stab          0x00012360      0x7a4 C:/Jarboter_V_2_1/Firmware/Interface_uC_PMD/C/PMDtrans.o
                                0xffc (size before relaxing)
 .stab          0x00012b04      0x438 C:/Jarboter_V_2_1/Firmware/Interface_uC_Peripherical/C/uart.o
                                0x63c (size before relaxing)
 .stab          0x00012f3c      0x498 C:/Jarboter_V_2_1/Firmware/Interface_uC_Peripherical/C/hd44780.o
                                0x654 (size before relaxing)
 .stab          0x000133d4      0x3c0 C:/Jarboter_V_2_1/Firmware/Interface_uC_Peripherical/C/lcd.o
                                0xc60 (size before relaxing)
 .stab          0x00013794      0x738 C:/Jarboter_V_2_1/Firmware/Interface_uC_Peripherical/C/tw_interface.o
                               0x102c (size before relaxing)
 .stab          0x00013ecc      0x27c C:/Jarboter_V_2_1/Firmware/Interface_uC_Peripherical/C/tw_eeprom.o
                                0xb28 (size before relaxing)
 .stab          0x00014148      0x564 C:/Jarboter_V_2_1/Firmware/Interface_uC_Peripherical/C/tw_rtc.o
                                0xe10 (size before relaxing)
 .stab          0x000146ac      0x978 C:/Jarboter_V_2_1/Firmware/Interface_uC_Peripherical/C/tw_teach_pendant.o
                               0x1278 (size before relaxing)
 .stab          0x00015024      0xae0 C:/Jarboter_V_2_1/Firmware/Interface_uC_Peripherical/C/debug.o
                               0x13b0 (size before relaxing)
 .stab          0x00015b04      0x7ec C:/Jarboter_V_2_1/Firmware/Efector_Final/C/gripper.o
                               0x1098 (size before relaxing)

.stabstr        0x00000000     0xe94e
 *(.stabstr)
 .stabstr       0x00000000     0xe94e jarboter1.o

.stab.excl
 *(.stab.excl)

.stab.exclstr
 *(.stab.exclstr)

.stab.index
 *(.stab.index)

.stab.indexstr
 *(.stab.indexstr)

.comment
 *(.comment)

.debug
 *(.debug)

.line
 *(.line)

.debug_srcinfo
 *(.debug_srcinfo)

.debug_sfnames
 *(.debug_sfnames)

.debug_aranges
 *(.debug_aranges)

.debug_pubnames
 *(.debug_pubnames)

.debug_info
 *(.debug_info)
 *(.gnu.linkonce.wi.*)

.debug_abbrev
 *(.debug_abbrev)

.debug_line
 *(.debug_line)

.debug_frame
 *(.debug_frame)

.debug_str
 *(.debug_str)

.debug_loc
 *(.debug_loc)

.debug_macinfo
 *(.debug_macinfo)
OUTPUT(jarboter1.elf elf32-avr)
LOAD linker stubs

Cross Reference Table

Symbol                                            File
ATmegaEEPROM_var                                  C:/Jarboter_V_2_1/Firmware/Interface_uC_Peripherical/C/debug.o
Adicionar_PoseTWI                                 C:/Jarboter_V_2_1/Firmware/Interface_uC_Peripherical/C/tw_teach_pendant.o
                                                  jarboter1.o
AjustarPosicionActual                             C:/Jarboter_V_2_1/Firmware/Interface_uC_PMD/C/PMDrobotics.o
Axis2AxisMask                                     C:/Jarboter_V_2_1/Comunicacion/Interface_PC_Controlador/C/packetIO.o
                                                  C:/Jarboter_V_2_1/Firmware/Interface_uC_PMD/C/PMDrobotics.o
Axis2PMDAxis                                      C:/Jarboter_V_2_1/Firmware/Interface_uC_PMD/C/PMDpar.o
                                                  C:/Jarboter_V_2_1/Firmware/Interface_uC_PMD/C/PMDtrace.o
                                                  C:/Jarboter_V_2_1/Firmware/Interface_uC_PMD/C/PMDsetup.o
Axis2PMDChipset                                   C:/Jarboter_V_2_1/Firmware/Interface_uC_PMD/C/PMDpar.o
                                                  C:/Jarboter_V_2_1/Firmware/Interface_uC_PMD/C/PMDinfo.o
                                                  C:/Jarboter_V_2_1/Firmware/Interface_uC_PMD/C/PMDsetup.o
AxisName                                          C:/Jarboter_V_2_1/Comunicacion/Interface_PC_Controlador/C/messages.o
                                                  C:/Jarboter_V_2_1/Firmware/Interface_uC_PMD/C/PMDinterrupt.o
                                                  C:/Jarboter_V_2_1/Firmware/Interface_uC_PMD/C/PMDinfo.o
                                                  C:/Jarboter_V_2_1/Firmware/Interface_uC_PMD/C/PMDrobotics.o
                                                  C:/Jarboter_V_2_1/Firmware/Interface_uC_PMD/C/PMDtrace.o
                                                  C:/Jarboter_V_2_1/Comunicacion/Interface_PC_Controlador/C/packetIO.o
                                                  jarboter1.o
Axissetting2hAxisHandle                           C:/Jarboter_V_2_1/Firmware/Interface_uC_PMD/C/PMDsetup.o
BUFFERAlarmaTX                                    C:/Jarboter_V_2_1/Comunicacion/Interface_PC_Controlador/C/packetIO.o
BUFFERAxisLimitsTX                                C:/Jarboter_V_2_1/Comunicacion/Interface_PC_Controlador/C/packetIO.o
BUFFERAxisSettingsTX                              C:/Jarboter_V_2_1/Comunicacion/Interface_PC_Controlador/C/packetIO.o
BUFFERCommandTX                                   C:/Jarboter_V_2_1/Comunicacion/Interface_PC_Controlador/C/packetIO.o
BUFFERFechaTX                                     C:/Jarboter_V_2_1/Comunicacion/Interface_PC_Controlador/C/packetIO.o
BUFFERPacketDataTX                                C:/Jarboter_V_2_1/Comunicacion/Interface_PC_Controlador/C/packetIO.o
BUFFERStringTX                                    C:/Jarboter_V_2_1/Comunicacion/Interface_PC_Controlador/C/packetIO.o
BUFFERTraceTX                                     C:/Jarboter_V_2_1/Comunicacion/Interface_PC_Controlador/C/packetIO.o
BUFFERTrajectoryTX                                C:/Jarboter_V_2_1/Comunicacion/Interface_PC_Controlador/C/packetIO.o
BUFFERVectorPoseTX                                C:/Jarboter_V_2_1/Comunicacion/Interface_PC_Controlador/C/packetIO.o
BUFFERunit16TX                                    C:/Jarboter_V_2_1/Comunicacion/Interface_PC_Controlador/C/packetIO.o
BorrarEEPROM                                      C:/Jarboter_V_2_1/Firmware/Interface_uC_Peripherical/C/tw_teach_pendant.o
                                                  jarboter1.o
BuildCommand                                      C:/Jarboter_V_2_1/Firmware/Interface_uC_PMD/C/PMDtrans.o
Clear_Position_Error                              C:/Jarboter_V_2_1/Firmware/Interface_uC_PMD/C/PMDsetup.o
                                                  jarboter1.o
CommandMsg                                        C:/Jarboter_V_2_1/Comunicacion/Interface_PC_Controlador/C/messages.o
Conf_SR                                           C:/Jarboter_V_2_1/Firmware/Interface_uC_Peripherical/C/tw_rtc.o
Config_BreakPoint                                 C:/Jarboter_V_2_1/Firmware/Interface_uC_PMD/C/PMDsetup.o
                                                  jarboter1.o
Dayname                                           C:/Jarboter_V_2_1/Comunicacion/Interface_PC_Controlador/C/messages.o
                                                  C:/Jarboter_V_2_1/Firmware/Interface_uC_Peripherical/C/debug.o
                                                  jarboter1.o
DisableVariable                                   C:/Jarboter_V_2_1/Firmware/Interface_uC_PMD/C/PMDtrace.o
DisplayTraceResults                               C:/Jarboter_V_2_1/Firmware/Interface_uC_PMD/C/PMDtrace.o
                                                  jarboter1.o
EEprom_Reconf_Indicator                           C:/Jarboter_V_2_1/Comunicacion/Interface_PC_Controlador/C/robotData.o
                                                  C:/Jarboter_V_2_1/Firmware/Interface_uC_PMD/C/PMDsetup.o
EEprom_axisSettings                               C:/Jarboter_V_2_1/Comunicacion/Interface_PC_Controlador/C/robotData.o
                                                  C:/Jarboter_V_2_1/Firmware/Interface_uC_PMD/C/PMDsetup.o
Enable_Mov                                        C:/Jarboter_V_2_1/Firmware/Interface_uC_PMD/C/PMDrobotics.o
EnvioTrazado2PC                                   C:/Jarboter_V_2_1/Firmware/Interface_uC_PMD/C/PMDtrace.o
Envio_USB                                         C:/Jarboter_V_2_1/Comunicacion/Interface_PC_Controlador/C/low_usb.o
                                                  C:/Jarboter_V_2_1/Firmware/Interface_uC_PMD/C/PMDtrace.o
                                                  C:/Jarboter_V_2_1/Comunicacion/Interface_PC_Controlador/C/packetIO.o
Esimpar                                           C:/Jarboter_V_2_1/Comunicacion/Interface_PC_Controlador/C/packetIO.o
Estado_gripper                                    C:/Jarboter_V_2_1/Firmware/Efector_Final/C/gripper.o
Fecha                                             jarboter1.o
FlagTraceok                                       C:/Jarboter_V_2_1/Comunicacion/Interface_PC_Controlador/C/packetIO.o
FlagTrayecPuntook                                 C:/Jarboter_V_2_1/Firmware/Interface_uC_Peripherical/C/tw_teach_pendant.o
FlagTrayectoryok                                  C:/Jarboter_V_2_1/Comunicacion/Interface_PC_Controlador/C/packetIO.o
FlagrxVectorok                                    C:/Jarboter_V_2_1/Comunicacion/Interface_PC_Controlador/C/packetIO.o
                                                  C:/Jarboter_V_2_1/Firmware/Interface_uC_Peripherical/C/tw_teach_pendant.o
                                                  C:/Jarboter_V_2_1/Firmware/Interface_uC_Peripherical/C/tw_rtc.o
Found_Id                                          C:/Jarboter_V_2_1/Firmware/Interface_uC_Peripherical/C/tw_teach_pendant.o
                                                  jarboter1.o
GetAxissetting                                    C:/Jarboter_V_2_1/Firmware/Interface_uC_PMD/C/PMDsetup.o
Get_Num_Poses                                     C:/Jarboter_V_2_1/Firmware/Interface_uC_Peripherical/C/tw_teach_pendant.o
                                                  C:/Jarboter_V_2_1/Firmware/Interface_uC_Peripherical/C/debug.o
HomePitch_process_active                          C:/Jarboter_V_2_1/Firmware/Interface_uC_PMD/C/PMDrobotics.o
HomeRoll_process_active                           C:/Jarboter_V_2_1/Firmware/Interface_uC_PMD/C/PMDrobotics.o
HostInterruptDisable                              C:/Jarboter_V_2_1/Firmware/Interface_uC_PMD/C/PMDinterrupt.o
                                                  C:/Jarboter_V_2_1/Firmware/Interface_uC_PMD/C/PMDrobotics.o
HostInterruptEnable                               C:/Jarboter_V_2_1/Firmware/Interface_uC_PMD/C/PMDinterrupt.o
                                                  C:/Jarboter_V_2_1/Firmware/Interface_uC_PMD/C/PMDrobotics.o
                                                  jarboter1.o
Init_EXRAM                                        jarboter1.o
InstructionErrorhandling                          C:/Jarboter_V_2_1/Firmware/Interface_uC_PMD/C/PMDinterrupt.o
InterruptHandling_chipset1                        C:/Jarboter_V_2_1/Firmware/Interface_uC_PMD/C/PMDinterrupt.o
                                                  jarboter1.o
InterruptHandling_chipset2                        C:/Jarboter_V_2_1/Firmware/Interface_uC_PMD/C/PMDinterrupt.o
                                                  jarboter1.o
Led_off                                           C:/Jarboter_V_2_1/Firmware/Interface_uC_Peripherical/C/debug.o
                                                  jarboter1.o
Led_on                                            C:/Jarboter_V_2_1/Firmware/Interface_uC_Peripherical/C/debug.o
                                                  C:/Jarboter_V_2_1/Firmware/Interface_uC_PMD/C/PMDpar.o
                                                  C:/Jarboter_V_2_1/Firmware/Interface_uC_PMD/C/PMDinterrupt.o
                                                  C:/Jarboter_V_2_1/Firmware/Interface_uC_PMD/C/PMDsetup.o
                                                  jarboter1.o
Leer_PoseTWI                                      C:/Jarboter_V_2_1/Firmware/Interface_uC_Peripherical/C/tw_teach_pendant.o
                                                  jarboter1.o
Leo_USB                                           C:/Jarboter_V_2_1/Comunicacion/Interface_PC_Controlador/C/low_usb.o
                                                  C:/Jarboter_V_2_1/Comunicacion/Interface_PC_Controlador/C/packetIO.o
Memoryconfig                                      C:/Jarboter_V_2_1/Firmware/Interface_uC_PMD/C/PMDtrace.o
                                                  jarboter1.o
Monthname                                         C:/Jarboter_V_2_1/Comunicacion/Interface_PC_Controlador/C/messages.o
                                                  C:/Jarboter_V_2_1/Firmware/Interface_uC_Peripherical/C/debug.o
                                                  jarboter1.o
MotionCompletehandling                            C:/Jarboter_V_2_1/Firmware/Interface_uC_PMD/C/PMDinterrupt.o
MotionErrorhandling                               C:/Jarboter_V_2_1/Firmware/Interface_uC_PMD/C/PMDinterrupt.o
Mov_Pitch_Anterior                                C:/Jarboter_V_2_1/Firmware/Interface_uC_PMD/C/PMDrobotics.o
Mov_Roll_Anterior                                 C:/Jarboter_V_2_1/Firmware/Interface_uC_PMD/C/PMDrobotics.o
Negativehandling                                  C:/Jarboter_V_2_1/Firmware/Interface_uC_PMD/C/PMDinterrupt.o