Archive member included because of file (symbol)

c:/winavr-20100110/bin/../lib/gcc/avr/4.3.3/../../../../avr/lib/avr51\libprintf_flt.a(vfprintf_flt.o)
                              (vfprintf)
c:/winavr-20100110/bin/../lib/gcc/avr/4.3.3/../../../../avr/lib/avr51\libscanf_flt.a(vfscanf_flt.o)
                              (vfscanf)
c:/winavr-20100110/bin/../lib/gcc/avr/4.3.3/../../../../avr/lib/avr51\libm.a(addsf3.o)
                              controlador_Jarboter.o (__subsf3)
c:/winavr-20100110/bin/../lib/gcc/avr/4.3.3/../../../../avr/lib/avr51\libm.a(addsf3x.o)
                              c:/winavr-20100110/bin/../lib/gcc/avr/4.3.3/../../../../avr/lib/avr51\libm.a(addsf3.o) (__addsf3x)
c:/winavr-20100110/bin/../lib/gcc/avr/4.3.3/../../../../avr/lib/avr51\libm.a(cmpsf2.o)
                              C:/Jarboter_V_2_1/Firmware/Interface_uC_Peripherical/C/debug.o (__ltsf2)
c:/winavr-20100110/bin/../lib/gcc/avr/4.3.3/../../../../avr/lib/avr51\libm.a(divsf3.o)
                              C:/Jarboter_V_2_1/GUI/C/conversion.o (__divsf3)
c:/winavr-20100110/bin/../lib/gcc/avr/4.3.3/../../../../avr/lib/avr51\libm.a(divsf3x.o)
                              c:/winavr-20100110/bin/../lib/gcc/avr/4.3.3/../../../../avr/lib/avr51\libm.a(divsf3.o) (__divsf3x)
c:/winavr-20100110/bin/../lib/gcc/avr/4.3.3/../../../../avr/lib/avr51\libm.a(fixsfsi.o)
                              C:/Jarboter_V_2_1/GUI/C/conversion.o (__fixsfsi)
c:/winavr-20100110/bin/../lib/gcc/avr/4.3.3/../../../../avr/lib/avr51\libm.a(fixunssfsi.o)
                              C:/Jarboter_V_2_1/Firmware/Interface_uC_PMD/C/PMDrobotics.o (__fixunssfsi)
c:/winavr-20100110/bin/../lib/gcc/avr/4.3.3/../../../../avr/lib/avr51\libm.a(floatsisf.o)
                              C:/Jarboter_V_2_1/Firmware/Interface_uC_PMD/C/PMDrobotics.o (__floatunsisf)
c:/winavr-20100110/bin/../lib/gcc/avr/4.3.3/../../../../avr/lib/avr51\libm.a(floor.o)
                              C:/Jarboter_V_2_1/GUI/C/conversion.o (floor)
c:/winavr-20100110/bin/../lib/gcc/avr/4.3.3/../../../../avr/lib/avr51\libm.a(fp_cmp.o)
                              c:/winavr-20100110/bin/../lib/gcc/avr/4.3.3/../../../../avr/lib/avr51\libm.a(cmpsf2.o) (__fp_cmp)
c:/winavr-20100110/bin/../lib/gcc/avr/4.3.3/../../../../avr/lib/avr51\libm.a(fp_inf.o)
                              c:/winavr-20100110/bin/../lib/gcc/avr/4.3.3/../../../../avr/lib/avr51\libm.a(addsf3x.o) (__fp_inf)
c:/winavr-20100110/bin/../lib/gcc/avr/4.3.3/../../../../avr/lib/avr51\libm.a(fp_mintl.o)
                              c:/winavr-20100110/bin/../lib/gcc/avr/4.3.3/../../../../avr/lib/avr51\libm.a(floor.o) (__fp_mintl)
c:/winavr-20100110/bin/../lib/gcc/avr/4.3.3/../../../../avr/lib/avr51\libm.a(fp_mpack.o)
                              c:/winavr-20100110/bin/../lib/gcc/avr/4.3.3/../../../../avr/lib/avr51\libm.a(floor.o) (__fp_mpack)
c:/winavr-20100110/bin/../lib/gcc/avr/4.3.3/../../../../avr/lib/avr51\libm.a(fp_nan.o)
                              c:/winavr-20100110/bin/../lib/gcc/avr/4.3.3/../../../../avr/lib/avr51\libm.a(addsf3x.o) (__fp_nan)
c:/winavr-20100110/bin/../lib/gcc/avr/4.3.3/../../../../avr/lib/avr51\libm.a(fp_pscA.o)
                              c:/winavr-20100110/bin/../lib/gcc/avr/4.3.3/../../../../avr/lib/avr51\libm.a(addsf3x.o) (__fp_pscA)
c:/winavr-20100110/bin/../lib/gcc/avr/4.3.3/../../../../avr/lib/avr51\libm.a(fp_pscB.o)
                              c:/winavr-20100110/bin/../lib/gcc/avr/4.3.3/../../../../avr/lib/avr51\libm.a(addsf3x.o) (__fp_pscB)
c:/winavr-20100110/bin/../lib/gcc/avr/4.3.3/../../../../avr/lib/avr51\libm.a(fp_round.o)
                              c:/winavr-20100110/bin/../lib/gcc/avr/4.3.3/../../../../avr/lib/avr51\libm.a(addsf3.o) (__fp_round)
c:/winavr-20100110/bin/../lib/gcc/avr/4.3.3/../../../../avr/lib/avr51\libm.a(fp_split3.o)
                              c:/winavr-20100110/bin/../lib/gcc/avr/4.3.3/../../../../avr/lib/avr51\libm.a(addsf3x.o) (__fp_split3)
c:/winavr-20100110/bin/../lib/gcc/avr/4.3.3/../../../../avr/lib/avr51\libm.a(fp_trunc.o)
                              c:/winavr-20100110/bin/../lib/gcc/avr/4.3.3/../../../../avr/lib/avr51\libm.a(floor.o) (__fp_trunc)
c:/winavr-20100110/bin/../lib/gcc/avr/4.3.3/../../../../avr/lib/avr51\libm.a(fp_zero.o)
                              c:/winavr-20100110/bin/../lib/gcc/avr/4.3.3/../../../../avr/lib/avr51\libm.a(addsf3x.o) (__fp_zero)
c:/winavr-20100110/bin/../lib/gcc/avr/4.3.3/../../../../avr/lib/avr51\libm.a(gesf2.o)
                              C:/Jarboter_V_2_1/Firmware/Interface_uC_Peripherical/C/debug.o (__gtsf2)
c:/winavr-20100110/bin/../lib/gcc/avr/4.3.3/../../../../avr/lib/avr51\libm.a(mulsf3.o)
                              C:/Jarboter_V_2_1/GUI/C/conversion.o (__mulsf3)
c:/winavr-20100110/bin/../lib/gcc/avr/4.3.3/../../../../avr/lib/avr51\libm.a(mulsf3x.o)
                              c:/winavr-20100110/bin/../lib/gcc/avr/4.3.3/../../../../avr/lib/avr51\libm.a(mulsf3.o) (__mulsf3x)
[...]
Memory Configuration

Name             Origin             Length             Attributes
text             0x00000000         0x00020000         xr
data             0x00800060         0x0000ffa0         rw !x
eeprom           0x00810000         0x00010000         rw !x
fuse             0x00820000         0x00000400         rw !x
lock             0x00830000         0x00000400         rw !x
signature        0x00840000         0x00000400         rw !x
*default*        0x00000000         0xffffffff

Linker script and memory map

Address of section .data set to 0x800200
LOAD c:/winavr-20100110/bin/../lib/gcc/avr/4.3.3/../../../../avr/lib/avr51/crtm1280.o
LOAD controlador_Jarboter.o
LOAD C:/Jarboter_V_2_1/GUI/C/conversion.o
LOAD C:/Jarboter_V_2_1/Comunicacion/Interface_PC_Controlador/C/low_usb.o
LOAD C:/Jarboter_V_2_1/Comunicacion/Interface_PC_Controlador/C/robotData.o
LOAD C:/Jarboter_V_2_1/Comunicacion/Interface_PC_Controlador/C/packetIO.o
LOAD C:/Jarboter_V_2_1/Comunicacion/Interface_PC_Controlador/C/mem.o
LOAD C:/Jarboter_V_2_1/Comunicacion/Interface_PC_Controlador/C/messages.o
LOAD C:/Jarboter_V_2_1/Firmware/Configuracion_uC/C/uC_setup.o
LOAD C:/Jarboter_V_2_1/Firmware/Interface_uC_PMD/C/basicIO.o
LOAD C:/Jarboter_V_2_1/Firmware/Interface_uC_PMD/C/PMDsetup.o
LOAD C:/Jarboter_V_2_1/Firmware/Interface_uC_PMD/C/PMDtrace.o
LOAD C:/Jarboter_V_2_1/Firmware/Interface_uC_PMD/C/PMDrobotics.o
LOAD C:/Jarboter_V_2_1/Firmware/Interface_uC_PMD/C/PMDinfo.o
LOAD C:/Jarboter_V_2_1/Firmware/Interface_uC_PMD/C/PMDinterrupt.o
LOAD C:/Jarboter_V_2_1/Firmware/Interface_uC_PMD/C/c-motion.o
LOAD C:/Jarboter_V_2_1/Firmware/Interface_uC_PMD/C/PMDpar.o
LOAD C:/Jarboter_V_2_1/Firmware/Interface_uC_PMD/C/PMDtrans.o
LOAD C:/Jarboter_V_2_1/Firmware/Interface_uC_Peripherical/C/uart.o
LOAD C:/Jarboter_V_2_1/Firmware/Interface_uC_Peripherical/C/hd44780.o
LOAD C:/Jarboter_V_2_1/Firmware/Interface_uC_Peripherical/C/lcd.o
LOAD C:/Jarboter_V_2_1/Firmware/Interface_uC_Peripherical/C/tw_interface.o
LOAD C:/Jarboter_V_2_1/Firmware/Interface_uC_Peripherical/C/tw_eeprom.o
LOAD C:/Jarboter_V_2_1/Firmware/Interface_uC_Peripherical/C/tw_rtc.o
LOAD C:/Jarboter_V_2_1/Firmware/Interface_uC_Peripherical/C/tw_teach_pendant.o
LOAD C:/Jarboter_V_2_1/Firmware/Efector_Final/C/gripper.o
LOAD C:/Jarboter_V_2_1/Firmware/Interface_uC_Peripherical/C/debug.o
Address of section .data set to 0x802200
                0x0080ffff                __heap_end = 0x80ffff
LOAD c:/winavr-20100110/bin/../lib/gcc/avr/4.3.3/../../../../avr/lib/avr51\libprintf_flt.a
LOAD c:/winavr-20100110/bin/../lib/gcc/avr/4.3.3/../../../../avr/lib/avr51\libscanf_flt.a
LOAD c:/winavr-20100110/bin/../lib/gcc/avr/4.3.3/../../../../avr/lib/avr51\libm.a
LOAD c:/winavr-20100110/bin/../lib/gcc/avr/4.3.3/avr51\libgcc.a
LOAD c:/winavr-20100110/bin/../lib/gcc/avr/4.3.3/../../../../avr/lib/avr51\libc.a
LOAD c:/winavr-20100110/bin/../lib/gcc/avr/4.3.3/avr51\libgcc.a

.hash
 *(.hash)

.dynsym
 *(.dynsym)

.dynstr
 *(.dynstr)

.gnu.version
 *(.gnu.version)

.gnu.version_d
 *(.gnu.version_d)

.gnu.version_r
 *(.gnu.version_r)

.rel.init
 *(.rel.init)

.rela.init
 *(.rela.init)

.rel.text
 *(.rel.text)
 *(.rel.text.*)
 *(.rel.gnu.linkonce.t*)

.rela.text
 *(.rela.text)
 *(.rela.text.*)
 *(.rela.gnu.linkonce.t*)

.rel.fini
 *(.rel.fini)

.rela.fini
 *(.rela.fini)

.rel.rodata
 *(.rel.rodata)
 *(.rel.rodata.*)
 *(.rel.gnu.linkonce.r*)

.rela.rodata
 *(.rela.rodata)
 *(.rela.rodata.*)
 *(.rela.gnu.linkonce.r*)

.rel.data
 *(.rel.data)
 *(.rel.data.*)
 *(.rel.gnu.linkonce.d*)

.rela.data
 *(.rela.data)
 *(.rela.data.*)
 *(.rela.gnu.linkonce.d*)

.rel.ctors
 *(.rel.ctors)

.rela.ctors
 *(.rela.ctors)

.rel.dtors
 *(.rel.dtors)

.rela.dtors
 *(.rela.dtors)

.rel.got
 *(.rel.got)

.rela.got
 *(.rela.got)

.rel.bss
 *(.rel.bss)

.rela.bss
 *(.rela.bss)

.rel.plt
 *(.rel.plt)

.rela.plt
 *(.rela.plt)

.text           0x00000000    0x11420
 *(.vectors)
 .vectors       0x00000000       0xe4 c:/winavr-20100110/bin/../lib/gcc/avr/4.3.3/../../../../avr/lib/avr51/crtm1280.o
                0x00000000                __vectors
                0x00000000                __vector_default
 *(.vectors)
 *(.progmem.gcc*)
 .progmem.gcc_sw_table
                0x000000e4      0x246 C:/Jarboter_V_2_1/Comunicacion/Interface_PC_Controlador/C/messages.o
 *(.progmem*)
 .progmem.data  0x0000032a       0xaa controlador_Jarboter.o
 .progmem.data  0x000003d4       0x88 C:/Jarboter_V_2_1/Firmware/Interface_uC_PMD/C/PMDsetup.o
 .progmem.data  0x0000045c       0x6f C:/Jarboter_V_2_1/Firmware/Interface_uC_PMD/C/PMDinfo.o
 .progmem.data  0x000004cb       0x2e C:/Jarboter_V_2_1/Firmware/Interface_uC_PMD/C/PMDinterrupt.o
 .progmem.data  0x000004f9        0x8 c:/winavr-20100110/bin/../lib/gcc/avr/4.3.3/../../../../avr/lib/avr51\libprintf_flt.a(vfprintf_flt.o)
 .progmem.data  0x00000501       0x4d c:/winavr-20100110/bin/../lib/gcc/avr/4.3.3/../../../../avr/lib/avr51\libscanf_flt.a(vfscanf_flt.o)
 .progmem.data  0x0000054e       0xfa c:/winavr-20100110/bin/../lib/gcc/avr/4.3.3/../../../../avr/lib/avr51\libc.a(ftoa_engine.o)
                0x00000648                . = ALIGN (0x2)
                0x00000648                __trampolines_start = .
 *(.trampolines)
 .trampolines   0x00000648        0x0 linker stubs
 *(.trampolines*)
                0x00000648                __trampolines_end = .
 *(.jumptables)
 *(.jumptables*)
 *(.lowtext)
 *(.lowtext*)
                0x00000648                __ctors_start = .
 *(.ctors)
                0x00000648                __ctors_end = .
                0x00000648                __dtors_start = .
 *(.dtors)
                0x00000648                __dtors_end = .
 SORT(*)(.ctors)
 SORT(*)(.dtors)
 *(.init0)
 .init0         0x00000648        0x0 c:/winavr-20100110/bin/../lib/gcc/avr/4.3.3/../../../../avr/lib/avr51/crtm1280.o
                0x00000648                __init
 *(.init0)
 *(.init1)
 *(.init1)
 *(.init2)
 .init2         0x00000648        0xc c:/winavr-20100110/bin/../lib/gcc/avr/4.3.3/../../../../avr/lib/avr51/crtm1280.o
 *(.init2)
 *(.init3)
 .init3         0x00000654        0xa controlador_Jarboter.o
                0x00000654                Init_EXRAM
 *(.init3)
 *(.init4)
 .init4         0x0000065e       0x1a c:/winavr-20100110/bin/../lib/gcc/avr/4.3.3/../../../../avr/lib/avr51/crtm1280.o
                0x0000065e                __do_copy_data
 .init4         0x00000678       0x10 c:/winavr-20100110/bin/../lib/gcc/avr/4.3.3/avr51\libgcc.a(_clear_bss.o)
                0x00000678                __do_clear_bss
 *(.init4)
 *(.init5)
 *(.init5)
 *(.init6)
 *(.init6)
 *(.init7)
 *(.init7)
 *(.init8)
 *(.init8)
 *(.init9)
 .init9         0x00000688        0x8 c:/winavr-20100110/bin/../lib/gcc/avr/4.3.3/../../../../avr/lib/avr51/crtm1280.o
 *(.init9)
 *(.text)
 .text          0x00000690        0x4 c:/winavr-20100110/bin/../lib/gcc/avr/4.3.3/../../../../avr/lib/avr51/crtm1280.o
                0x00000690                __vector_38
                0x00000690                __vector_22
                0x00000690                __vector_28
                0x00000690                __vector_1
                0x00000690                __vector_32
                0x00000690                __vector_34
                0x00000690                __vector_24
                0x00000690                __vector_12
                0x00000690                __vector_55
                0x00000690                __vector_46
                0x00000690                __bad_interrupt
                0x00000690                __vector_31
                0x00000690                __vector_39
                0x00000690                __vector_23
                0x00000690                __vector_30
                0x00000690                __vector_45
                0x00000690                __vector_25
                0x00000690                __vector_11
                0x00000690                __vector_54
                0x00000690                __vector_13
                0x00000690                __vector_17
                0x00000690                __vector_19
                0x00000690                __vector_56
                0x00000690                __vector_7
                0x00000690                __vector_49
                0x00000690                __vector_41
                0x00000690                __vector_43
                0x00000690                __vector_27
                0x00000690                __vector_33
                0x00000690                __vector_47
                0x00000690                __vector_52
                0x00000690                __vector_37
                0x00000690                __vector_44
                0x00000690                __vector_51
                0x00000690                __vector_9
                0x00000690                __vector_2
                0x00000690                __vector_21
                0x00000690                __vector_15
                0x00000690                __vector_36
                0x00000690                __vector_29
                0x00000690                __vector_40
                0x00000690                __vector_8
                0x00000690                __vector_26
                0x00000690                __vector_48
                0x00000690                __vector_14
                0x00000690                __vector_53
                0x00000690                __vector_10
                0x00000690                __vector_50
                0x00000690                __vector_16
                0x00000690                __vector_18
                0x00000690                __vector_42
 .text          0x00000694     0x1e72 controlador_Jarboter.o
                0x00002318                __vector_6
                0x000006b6                __vector_35
                0x00002496                __vector_3
                0x00002370                __vector_5
                0x000008d4                work_out
                0x00001e16                main
                0x000023c8                __vector_4
                0x000006d8                work_in
                0x00000694                __vector_20
 .text          0x00002506      0x38c C:/Jarboter_V_2_1/GUI/C/conversion.o
                0x000026c6                bcd2int
                0x000026b8                rad2grados
                0x000026f4                uPasosTOgradros
                0x00002814                positionPCtoUC
                0x00002830                gradrosTOuPasos
                0x000027e0                velocityPCtoUC
                0x000026da                int2bcd
                0x000027a0                accelerationPCtoUC
                0x00002506                rad2usteps
                0x000025ce                ustep2rad
                0x000026aa                grados2rad
 .text          0x00002892      0x152 C:/Jarboter_V_2_1/Comunicacion/Interface_PC_Controlador/C/low_usb.o
                0x00002954                Envio_USB
                0x0000299c                Leo_USB
                0x00002904                usb_write
                0x00002892                usb_read
 .text          0x000029e4      0x408 C:/Jarboter_V_2_1/Comunicacion/Interface_PC_Controlador/C/robotData.o
                0x00002dc0                setupAxisSettings
                0x000029e4                defaultAxisSettings
 .text          0x00002dec     0x11da C:/Jarboter_V_2_1/Comunicacion/Interface_PC_Controlador/C/packetIO.o
                0x00003576                BUFFERTraceTX
                0x000036d6                BUFFERFechaTX
                0x00002e52                calcChecksum
                0x00003d84                receiptPacket
                0x00002fc8                readPacketDataRX
                0x00003a36                BUFFERCommandTX
                0x000034de                BUFFERunit16TX
                0x00003042                fillPacketHeader
                0x00002f0c                checksumOk
                0x000030c0                Axis2AxisMask
                0x0000396a                BUFFERTrajectoryTX
                0x000030aa                Esimpar
                0x0000363e                BUFFERAlarmaTX
                0x00002dec                initPacketIO
                0x0000376e                BUFFERVectorPoseTX
                0x00003c8e                dispatchPacket
                0x000038c8                BUFFERAxisSettingsTX
                0x0000326a                Print_rxTrajectory
                0x0000312e                BUFFERPacketDataTX
                0x00002f3a                readPacketHeaderRX
                0x00003ad4                readTrajectoryRX
                0x0000382a                BUFFERAxisLimitsTX
                0x00003bc6                BUFFERStringTX
 .text          0x00003fc6       0x5a C:/Jarboter_V_2_1/Comunicacion/Interface_PC_Controlador/C/mem.o
                0x00003fc6                maxavail
                0x00003fe8                declarar
 .text          0x00004020      0xa3a C:/Jarboter_V_2_1/Comunicacion/Interface_PC_Controlador/C/messages.o
                0x0000437a                PMDGetOpcodeText
                0x00004974                Dayname
                0x000042e0                rcMsg
                0x00004020                AxisName
                0x00004260                PacketMsg
                0x000049c6                Monthname
                0x000041be                CommandMsg
                0x0000415e                Tracetype
                0x0000477e                PMDGetErrorMessage
                0x000040ca                TraceName
 .text          0x00004a5a       0x72 C:/Jarboter_V_2_1/Firmware/Configuracion_uC/C/uC_setup.o
                0x00004a5a                initCard
                0x00004ab4                TIM16_ReadTCNTn
 .text          0x00004acc      0x36e C:/Jarboter_V_2_1/Firmware/Interface_uC_PMD/C/basicIO.o
                0x00004b7c                writePMDdata
                0x00004c2c                readPMDdata
                0x00004acc                writePMDcommand
                0x00004e18                writePMDreset
                0x00004d22                readPMDstatus
 .text          0x00004e3a      0xfac C:/Jarboter_V_2_1/Firmware/Interface_uC_PMD/C/PMDsetup.o
                0x000054be                Config_BreakPoint
                0x00005562                Clear_Position_Error
                0x00005544                ajustar_posicion
                0x00005764                PMDChipsetReset
                0x00004e3a                GetAxissetting
                0x000055b0                Reset_Even_Status_Register
                0x00004e7c                PrintAxissetting
                0x000059da                PMDchipsetOK
                0x00005bb2                initAxisHandles
                0x00005cc2                selftestPMD
                0x00005526                cargar_encoder
                0x0000534c                Axissetting2hAxisHandle
                0x000057c0                PMDsetupChipSets
                0x000055da                PMDsetupChipsets_USB
 .text          0x00005de6      0x934 C:/Jarboter_V_2_1/Firmware/Interface_uC_PMD/C/PMDtrace.o
                0x00005de6                Tracevar2PMDVar
                0x000063cc                SetupSingleAxisTrace
                0x00005e2a                DisableVariable
                0x000061f0                DisplayTraceResults
                0x0000648a                Memoryconfig
                0x00005eec                EnvioTrazado2PC
                0x000064d0                SetupAxisTrace
 .text          0x0000671a     0x42e0 C:/Jarboter_V_2_1/Firmware/Interface_uC_PMD/C/PMDrobotics.o
                0x000074cc                search_home_roll_positive
                0x0000677a                AjustarPosicionActual
                0x00006fc4                mov_axis
                0x00006e14                Enable_Mov
                0x00006e82                PMDcheckIdle
                0x00006f78                inipitch_roll
                0x00006d3e                motioncomplete
                0x0000808e                mov_correlacionado_HOME
                0x00009dd0                initializeAxis
                0x0000689c                No_limit_switch
                0x00006d80                abruptstop
                0x00006828                SetPosicionActual
                0x0000a2fe                teach_pendant_point
                0x00006a14                ObtenerPose
                0x00006dca                sofstop
                0x00006f10                Status_Axis
                0x0000671a                max
                0x000079de                calibration
                0x00006c08                rangosrobot
                0x0000674a                min
                0x000070ba                StepCalibration
                0x0000a030                mov_correlacionado
                0x000090a0                go_home
                0x00008976                search_home_negative
                0x000077ce                pitch
                0x00007314                roll
                0x00008238                search_home_positive
                0x0000a92c                PMDprocessTrajectory
 .text          0x0000a9fa      0xcec C:/Jarboter_V_2_1/Firmware/Interface_uC_PMD/C/PMDinfo.o
                0x0000b19e                PMDCheckActivityStatus
                0x0000ace0                infomov
                0x0000a9fa                checkconnect
                0x0000af44                PMDCheckSignalStatus
                0x0000aba4                Print_Handlesinfo
                0x0000b454                PMDCheckEventStatus
                0x0000aca2                getErrorHost
 .text          0x0000b6e6      0x7bc C:/Jarboter_V_2_1/Firmware/Interface_uC_PMD/C/PMDinterrupt.o
                0x0000bb5c                MotionErrorhandling
                0x0000bcba                InterruptHandling_chipset2
                0x0000b758                MotionCompletehandling
                0x0000be72                HostInterruptDisable
                0x0000bc1a                interruptAxisHandling
                0x0000b6e6                InstructionErrorhandling
                0x0000be42                HostInterruptEnable
                0x0000bd7e                InterruptHandling_chipset1
                0x0000b970                Positivehandling
                0x0000b7a0                Negativehandling
 .text          0x0000bea2     0x1152 C:/Jarboter_V_2_1/Firmware/Interface_uC_PMD/C/c-motion.o
                0x0000c954                PMDGetStartVelocity
                0x0000c7ba                PMDSetAutoStopMode
                0x0000cd2e                PMDReadBuffer
                0x0000caf2                PMDReadAnalog
                0x0000c6ee                PMDSetMotorCommand
                0x0000c8b8                PMDGetActualVelocity
                0x0000c3ae                PMDGetSettleTime
                0x0000c3f6                PMDGetKout
                0x0000c3ba                PMDGetDerivativeTime
                0x0000cb02                PMDReadIO
                0x0000c7d2                PMDSetMotorLimit
                0x0000c312                PMDGetCaptureSource
                0x0000c7de                PMDSetLimitSwitchMode
                0x0000cf76                PMDSetPositionErrorLimit
                0x0000cfae                PMDSetDeceleration
                0x0000c3ea                PMDGetLimitSwitchMode
                0x0000c85a                PMDSetProfileMode
                0x0000c7c6                PMDSetMotorBias
                0x0000c3d2                PMDGetMotorBias
                0x0000c832                PMDSetStopMode
                0x0000c712                PMDSetEncoderModulus
                0x0000c83e                PMDSetGearMaster
                0x0000c872                PMDGetTime
                0x0000c8dc                PMDGetIntegral
                0x0000c81a                PMDSetKd
                0x0000c2b2                PMDGetNumberPhases
                0x0000c3de                PMDGetMotorLimit
                0x0000cbaa                PMDGetBreakpoint
                0x0000c960                PMDGetVelocity
                0x0000c654                PMDSetTraceMode
                0x0000cc12                PMDWriteIO
                0x0000ce74                PMDWriteBuffer
                0x0000c202                PMDGetTracePeriod
                0x0000cae8                PMDClearPositionError
                0x0000c306                PMDGetEncoderSource
                0x0000c2a6                PMDGetPhaseInitializeMode
                0x0000c01e                PMDGetAxisOutSource
                0x0000cc22                PMDSetTraceVariable
                0x0000c276                PMDGetPhaseOffset
                0x0000cd68                PMDGetBufferLength
                0x0000c496                PMDGetProfileMode
                0x0000c34e                PMDGetEventStatus
                0x0000c706                PMDSetOutputMode
                0x0000c37e                PMDGetDerivative
                0x0000cab2                PMDClearInterrupt
                0x0000c166                PMDGetTraceStart
                0x0000c6fa                PMDSetMotorMode
                0x0000c8f4                PMDGetIntegrationLimit
                0x0000c918                PMDGetCommandedPosition
                0x0000bed6                PMDIsReady
                0x0000c978                PMDGetVersion
                0x0000cb8a                PMDGetBufferFunction
                0x0000c372                PMDGetSampleTime
                0x0000c44a                PMDGetGearMaster
                0x0000c012                PMDGetHostIOError
                0x0000c7a2                PMDSetSettleTime
                0x0000cfa0                PMDSetJerk
                0x0000bea2                PMDGetStatus
                0x0000c2ca                PMDGetCurrentMotorCommand
                0x0000c7ea                PMDSetKout
                0x0000c35a                PMDGetInterruptAxis
                0x0000cb12                PMDGetTraceVariable
                0x0000c29a                PMDGetPhasePrescale
                0x0000cb9a                PMDGetPhaseCommand
                0x0000c4c6                PMDSetSerialPortMode
                0x0000c8ac                PMDGetCaptureValue
                0x0000c51c                PMDSetAxisOutSource
                0x0000c796                PMDSetSettleWindow
                0x0000c96c                PMDGetPosition
                0x0000c924                PMDGetGearRatio
                0x0000c75a                PMDSetInterruptMask
                0x0000c80e                PMDSetKi
                0x0000cfca                PMDSetStartVelocity
                0x0000c4a2                PMDSetSynchronizationMode
                0x0000cc6a                PMDSetBufferFunction
                0x0000c40e                PMDGetKvff
                0x0000c2fa                PMDGetEncoderModulus
                0x0000c396                PMDGetTrackingWindow
                0x0000bebc                PMDHasError
                0x0000bf64                PMDGetDiagnosticPortMode
                0x0000cfd8                PMDSetVelocity
                0x0000cf5a                PMDSetActualPosition
                0x0000c090                PMDGetAxisMode
                0x0000bf3e                PMDGetCMotionVersion
                0x0000c8e8                PMDGetPositionErrorLimit
                0x0000c2d6                PMDGetMotorCommand
                0x0000c426                PMDGetKd
                0x0000bf4c                PMDGetSynchronizationMode
                0x0000ca62                PMDGetEncoderToStepRatio
                0x0000c2be                PMDGetCommutationMode
                0x0000c366                PMDGetInterruptMask
                0x0000c68e                PMDSetPhaseAngle
                0x0000cefc                PMDSetBufferStart
                0x0000bef0                PMDHasInterrupt
                0x0000c556                PMDSetTraceStop
                0x0000c6a6                PMDSetPhaseInitializeTime
                0x0000ce30                PMDSetBufferWriteIndex
                0x0000c72a                PMDSetCaptureSource
                0x0000c09c                PMDGetTraceStatus
                0x0000cfe6                PMDSetPosition
                0x0000c6ca                PMDSetPhaseInitializeMode
                0x0000cda2                PMDGetBufferStart
                0x0000c71e                PMDSetEncoderSource
                0x0000c230                PMDGetTraceMode
                0x0000cade                PMDUpdate
                0x0000c626                PMDSetTracePeriod
                0x0000c4ae                PMDSetStepRange
                0x0000c31e                PMDGetActualPositionUnits
                0x0000c402                PMDGetKaff
                0x0000c7f6                PMDSetKaff
                0x0000c38a                PMDGetMotionCompleteMode
                0x0000c74e                PMDResetEventStatus
                0x0000c282                PMDGetPhaseInitializeTime
                0x0000c8c4                PMDGetActualPosition
                0x0000bf58                PMDGetStepRange
                0x0000cc8a                PMDSetBreakpoint
                0x0000c87e                PMDGetTraceCount
                0x0000c432                PMDGetKp
                0x0000c6e2                PMDSetCommutationMode
                0x0000bf0a                PMDHardReset
                0x0000c2ee                PMDGetOutputMode
                0x0000c43e                PMDGetStopMode
                0x0000cf68                PMDAdjustActualPosition
                0x0000c900                PMDGetCommandedAcceleration
                0x0000c54a                PMDSetAxisMode
                0x0000c93c                PMDGetDeceleration
                0x0000c682                PMDSetPhaseCorrectionMode
                0x0000c77e                PMDSetMotionCompleteMode
                0x0000c866                PMDGetChecksum
                0x0000c342                PMDGetActivityStatus
                0x0000cddc                PMDGetBreakpointValue
                0x0000c336                PMDGetSignalSense
                0x0000cfbc                PMDSetAcceleration
                0x0000c6d6                PMDSetNumberPhases
                0x0000c69a                PMDSetPhaseOffset
                0x0000c25e                PMDGetPhaseCorrectionMode
                0x0000bf70                PMDGetSerialPortMode
                0x0000ca72                PMDNoOperation
                0x0000ccba                PMDGetBufferReadIndex
                0x0000cdec                PMDSetBufferReadIndex
                0x0000ca7c                PMDReset
                0x0000c766                PMDMultiUpdate
                0x0000c32a                PMDGetSignalStatus
                0x0000c7ae                PMDSetDerivativeTime
                0x0000c802                PMDSetKvff
                0x0000c6b2                PMDSetPhaseCounts
                0x0000c948                PMDGetAcceleration
                0x0000c826                PMDSetKp
                0x0000cf92                PMDSetGearRatio
                0x0000c78a                PMDSetTrackingWindow
                0x0000c0ca                PMDGetTraceStop
                0x0000bf24                PMDCloseAxisInterface
                0x0000c90c                PMDGetCommandedVelocity
                0x0000c742                PMDSetSignalSense
                0x0000c5be                PMDSetTraceStart
                0x0000c3a2                PMDGetSettleWindow
                0x0000c772                PMDSetSampleTime
                0x0000c3c6                PMDGetAutoStopMode
                0x0000c4ba                PMDSetDiagnosticPortMode
                0x0000c2e2                PMDGetMotorMode
                0x0000ceb8                PMDSetBufferLength
                0x0000cf40                PMDSetBreakpointValue
                0x0000ccf4                PMDGetBufferWriteIndex
                0x0000c930                PMDGetJerk
                0x0000caa8                PMDInitializePhase
                0x0000c6be                PMDSetPhasePrescale
                0x0000c736                PMDSetActualPositionUnits
                0x0000c28e                PMDGetPhaseCounts
                0x0000c41a                PMDGetKi
                0x0000cc7a                PMDSetEncoderToStepRatio
                0x0000c26a                PMDGetPhaseAngle
                0x0000c8d0                PMDGetPositionError
                0x0000cf84                PMDSetIntegrationLimit
 .text          0x0000cff4      0x6ba C:/Jarboter_V_2_1/Firmware/Interface_uC_PMD/C/PMDpar.o
                0x0000d2c4                PMDParallel_GetCommandStatus
                0x0000cff4                Axis2PMDChipset
                0x0000d1ea                PMDSetupAxisInterface_Parallel
                0x0000d14c                PMDParallel_InitData
                0x0000d1ae                PMDParallel_Init
                0x0000d01a                Axis2PMDAxis
 .text          0x0000d6ae      0x4a0 C:/Jarboter_V_2_1/Firmware/Interface_uC_PMD/C/PMDtrans.o
                0x0000d6ae                BuildCommand
                0x0000d760                SendCommandWordWord
                0x0000daae                SendCommandWordGetLong
                0x0000da3a                SendCommandWordGetWord
                0x0000d9a4                SendCommandGetLong
                0x0000d920                SendCommandGetWordWord
                0x0000d6ba                SendCommand
                0x0000d83a                SendCommandWordLong
                0x0000d8b6                SendCommandGetWord
                0x0000d7c2                SendCommandLong
                0x0000d708                SendCommandWord
 .text          0x0000db4e      0x1c2 C:/Jarboter_V_2_1/Firmware/Interface_uC_Peripherical/C/uart.o
                0x0000db7e                uart_getchar
                0x0000db4e                uart_init
                0x0000db5c                uart_putchar
 .text          0x0000dd10       0xf2 C:/Jarboter_V_2_1/Firmware/Interface_uC_Peripherical/C/hd44780.o
                0x0000dd9c                hd44780_wait_ready
                0x0000dda8                hd44780_init
                0x0000dd34                hd44780_outbyte
                0x0000dd7e                hd44780_inbyte
 .text          0x0000de02       0xbe C:/Jarboter_V_2_1/Firmware/Interface_uC_Peripherical/C/lcd.o
                0x0000de96                lcd_init
                0x0000de02                lcd_putchar
 .text          0x0000dec0      0x3be C:/Jarboter_V_2_1/Firmware/Interface_uC_Peripherical/C/tw_interface.o
                0x0000e1e0                write_bytes_I2C
                0x0000dec0                TWI_init
                0x0000e032                write_page_I2C
                0x0000e1aa                error
                0x0000decc                read_bytes_I2C
 .text          0x0000e27e       0xa2 C:/Jarboter_V_2_1/Firmware/Interface_uC_Peripherical/C/tw_eeprom.o
                0x0000e2d4                ee24xx_read_bytes
                0x0000e27e                ee24xx_write_bytes
 .text          0x0000e320      0x294 C:/Jarboter_V_2_1/Firmware/Interface_uC_Peripherical/C/tw_rtc.o
                0x0000e50a                rtc_init
                0x0000e544                write_Fecha
                0x0000e3ae                Read_SR
                0x0000e320                RCT_task
                0x0000e43a                write_alarm
                0x0000e3ea                isl1207_write_Conf_SR
                0x0000e3cc                Read_Fecha
                0x0000e390                read_control
                0x0000e4a8                write_control
                0x0000e372                read_alarm
 .text          0x0000e5b4      0x71e C:/Jarboter_V_2_1/Firmware/Interface_uC_Peripherical/C/tw_teach_pendant.o
                0x0000e5b4                Pose2rxTrayectoria
                0x0000ea40                SobreEscribir_Pose
                0x0000e778                Get_Num_Poses
                0x0000e7c0                Adicionar_PoseTWI
                0x0000e74a                BorrarEEPROM
                0x0000e862                return_id_vector
                0x0000eaa6                Vector2Trajectory
                0x0000e968                Found_Id
                0x0000ea78                Leer_PoseTWI
 .text          0x0000ecd2       0xf0 C:/Jarboter_V_2_1/Firmware/Efector_Final/C/gripper.o
                0x0000ed34                closeGripper
                0x0000ed04                openGripper_time
                0x0000ed96                Estado_gripper
                0x0000ecd2                openGripper
                0x0000ed66                closeGripper_time
 .text          0x0000edc2      0x852 C:/Jarboter_V_2_1/Firmware/Interface_uC_Peripherical/C/debug.o
                0x0000eea2                Led_on
                0x0000eec6                Led_off
                0x0000edd6                buzzer
                0x0000edc2                delay_1s
                0x0000eeec                Test_perifericos
                0x0000ee00                buzzer_ms
 .text          0x0000f614        0x0 c:/winavr-20100110/bin/../lib/gcc/avr/4.3.3/../../../../avr/lib/avr51\libprintf_flt.a(vfprintf_flt.o)
 .text          0x0000f614        0x0 c:/winavr-20100110/bin/../lib/gcc/avr/4.3.3/../../../../avr/lib/avr51\libscanf_flt.a(vfscanf_flt.o)
 .text          0x0000f614        0x0 c:/winavr-20100110/bin/../lib/gcc/avr/4.3.3/../../../../avr/lib/avr51\libm.a(addsf3.o)
 .text          0x0000f614        0x0 c:/winavr-20100110/bin/../lib/gcc/avr/4.3.3/../../../../avr/lib/avr51\libm.a(addsf3x.o)
 .text          0x0000f614        0x0 c:/winavr-20100110/bin/../lib/gcc/avr/4.3.3/../../../../avr/lib/avr51\libm.a(cmpsf2.o)
 .text          0x0000f614        0x0 c:/winavr-20100110/bin/../lib/gcc/avr/4.3.3/../../../../avr/lib/avr51\libm.a(divsf3.o)
 .text          0x0000f614        0x0 c:/winavr-20100110/bin/../lib/gcc/avr/4.3.3/../../../../avr/lib/avr51\libm.a(divsf3x.o)
 .text          0x0000f614        0x0 c:/winavr-20100110/bin/../lib/gcc/avr/4.3.3/../../../../avr/lib/avr51\libm.a(fixsfsi.o)
 .text          0x0000f614        0x0 c:/winavr-20100110/bin/../lib/gcc/avr/4.3.3/../../../../avr/lib/avr51\libm.a(fixunssfsi.o)
 .text          0x0000f614        0x0 c:/winavr-20100110/bin/../lib/gcc/avr/4.3.3/../../../../avr/lib/avr51\libm.a(floatsisf.o)
 .text          0x0000f614        0x0 c:/winavr-20100110/bin/../lib/gcc/avr/4.3.3/../../../../avr/lib/avr51\libm.a(floor.o)
 .text          0x0000f614        0x0 c:/winavr-20100110/bin/../lib/gcc/avr/4.3.3/../../../../avr/lib/avr51\libm.a(fp_cmp.o)
 .text          0x0000f614        0x0 c:/winavr-20100110/bin/../lib/gcc/avr/4.3.3/../../../../avr/lib/avr51\libm.a(fp_inf.o)
 .text          0x0000f614        0x0 c:/winavr-20100110/bin/../lib/gcc/avr/4.3.3/../../../../avr/lib/avr51\libm.a(fp_mintl.o)
 .text          0x0000f614        0x0 c:/winavr-20100110/bin/../lib/gcc/avr/4.3.3/../../../../avr/lib/avr51\libm.a(fp_mpack.o)
 .text          0x0000f614        0x0 c:/winavr-20100110/bin/../lib/gcc/avr/4.3.3/../../../../avr/lib/avr51\libm.a(fp_nan.o)
 .text          0x0000f614        0x0 c:/winavr-20100110/bin/../lib/gcc/avr/4.3.3/../../../../avr/lib/avr51\libm.a(fp_pscA.o)
 .text          0x0000f614        0x0 c:/winavr-20100110/bin/../lib/gcc/avr/4.3.3/../../../../avr/lib/avr51\libm.a(fp_pscB.o)
 .text          0x0000f614        0x0 c:/winavr-20100110/bin/../lib/gcc/avr/4.3.3/../../../../avr/lib/avr51\libm.a(fp_round.o)
 .text          0x0000f614        0x0 c:/winavr-20100110/bin/../lib/gcc/avr/4.3.3/../../../../avr/lib/avr51\libm.a(fp_split3.o)
 .text          0x0000f614        0x0 c:/winavr-20100110/bin/../lib/gcc/avr/4.3.3/../../../../avr/lib/avr51\libm.a(fp_trunc.o)
 .text          0x0000f614        0x0 c:/winavr-20100110/bin/../lib/gcc/avr/4.3.3/../../../../avr/lib/avr51\libm.a(fp_zero.o)
 .text          0x0000f614        0x0 c:/winavr-20100110/bin/../lib/gcc/avr/4.3.3/../../../../avr/lib/avr51\libm.a(gesf2.o)
 .text          0x0000f614        0x0 c:/winavr-20100110/bin/../lib/gcc/avr/4.3.3/../../../../avr/lib/avr51\libm.a(mulsf3.o)
 .text          0x0000f614        0x0 c:/winavr-20100110/bin/../lib/gcc/avr/4.3.3/../../../../avr/lib/avr51\libm.a(mulsf3x.o)
 .text          0x0000f614        0x0 c:/winavr-20100110/bin/../lib/gcc/avr/4.3.3/avr51\libgcc.a(_mulsi3.o)
 .text          0x0000f614        0x0 c:/winavr-20100110/bin/../lib/gcc/avr/4.3.3/avr51\libgcc.a(_udivmodqi4.o)
 .text          0x0000f614        0x0 c:/winavr-20100110/bin/../lib/gcc/avr/4.3.3/avr51\libgcc.a(_divmodhi4.o)
 .text          0x0000f614        0x0 c:/winavr-20100110/bin/../lib/gcc/avr/4.3.3/avr51\libgcc.a(_divmodsi4.o)
 .text          0x0000f614        0x0 c:/winavr-20100110/bin/../lib/gcc/avr/4.3.3/avr51\libgcc.a(_exit.o)
 .text          0x0000f614        0x0 c:/winavr-20100110/bin/../lib/gcc/avr/4.3.3/avr51\libgcc.a(_clear_bss.o)
 .text          0x0000f614        0x0 c:/winavr-20100110/bin/../lib/gcc/avr/4.3.3/avr51\libgcc.a(_udivmodhi4.o)
 .text          0x0000f614        0x0 c:/winavr-20100110/bin/../lib/gcc/avr/4.3.3/avr51\libgcc.a(_udivmodsi4.o)
 .text          0x0000f614        0x0 c:/winavr-20100110/bin/../lib/gcc/avr/4.3.3/../../../../avr/lib/avr51\libc.a(malloc.o)
 .text          0x0000f614        0x0 c:/winavr-20100110/bin/../lib/gcc/avr/4.3.3/../../../../avr/lib/avr51\libc.a(ftoa_engine.o)
 .text          0x0000f614        0x0 c:/winavr-20100110/bin/../lib/gcc/avr/4.3.3/../../../../avr/lib/avr51\libc.a(isspace.o)
 .text          0x0000f614        0x0 c:/winavr-20100110/bin/../lib/gcc/avr/4.3.3/../../../../avr/lib/avr51\libc.a(tolower.o)
 .text          0x0000f614        0x0 c:/winavr-20100110/bin/../lib/gcc/avr/4.3.3/../../../../avr/lib/avr51\libc.a(strchr_P.o)
 .text          0x0000f614        0x0 c:/winavr-20100110/bin/../lib/gcc/avr/4.3.3/../../../../avr/lib/avr51\libc.a(strnlen_P.o)
 .text          0x0000f614        0x0 c:/winavr-20100110/bin/../lib/gcc/avr/4.3.3/../../../../avr/lib/avr51\libc.a(memset.o)
 .text          0x0000f614        0x0 c:/winavr-20100110/bin/../lib/gcc/avr/4.3.3/../../../../avr/lib/avr51\libc.a(strnlen.o)
 .text          0x0000f614        0x0 c:/winavr-20100110/bin/../lib/gcc/avr/4.3.3/../../../../avr/lib/avr51\libc.a(itoa.o)
 .text          0x0000f614        0x0 c:/winavr-20100110/bin/../lib/gcc/avr/4.3.3/../../../../avr/lib/avr51\libc.a(fgetc.o)
 .text          0x0000f614        0x0 c:/winavr-20100110/bin/../lib/gcc/avr/4.3.3/../../../../avr/lib/avr51\libc.a(fprintf.o)
 .text          0x0000f614        0x0 c:/winavr-20100110/bin/../lib/gcc/avr/4.3.3/../../../../avr/lib/avr51\libc.a(fprintf_p.o)
 .text          0x0000f614        0x0 c:/winavr-20100110/bin/../lib/gcc/avr/4.3.3/../../../../avr/lib/avr51\libc.a(fputc.o)
 .text          0x0000f614        0x0 c:/winavr-20100110/bin/../lib/gcc/avr/4.3.3/../../../../avr/lib/avr51\libc.a(fputs.o)
 .text          0x0000f614        0x0 c:/winavr-20100110/bin/../lib/gcc/avr/4.3.3/../../../../avr/lib/avr51\libc.a(iob.o)
 .text          0x0000f614        0x0 c:/winavr-20100110/bin/../lib/gcc/avr/4.3.3/../../../../avr/lib/avr51\libc.a(printf.o)
 .text          0x0000f614        0x0 c:/winavr-20100110/bin/../lib/gcc/avr/4.3.3/../../../../avr/lib/avr51\libc.a(putchar.o)
 .text          0x0000f614        0x0 c:/winavr-20100110/bin/../lib/gcc/avr/4.3.3/../../../../avr/lib/avr51\libc.a(puts.o)
 .text          0x0000f614        0x0 c:/winavr-20100110/bin/../lib/gcc/avr/4.3.3/../../../../avr/lib/avr51\libc.a(scanf.o)
 .text          0x0000f614        0x0 c:/winavr-20100110/bin/../lib/gcc/avr/4.3.3/../../../../avr/lib/avr51\libc.a(ungetc.o)
 .text          0x0000f614        0x0 c:/winavr-20100110/bin/../lib/gcc/avr/4.3.3/../../../../avr/lib/avr51\libc.a(ultoa_invert.o)
 .text          0x0000f614        0x0 c:/winavr-20100110/bin/../lib/gcc/avr/4.3.3/../../../../avr/lib/avr51\libc.a(eerd_block_atmega1280.o)
 .text          0x0000f614        0x0 c:/winavr-20100110/bin/../lib/gcc/avr/4.3.3/../../../../avr/lib/avr51\libc.a(eewr_block_atmega1280.o)
 .text          0x0000f614        0x0 c:/winavr-20100110/bin/../lib/gcc/avr/4.3.3/../../../../avr/lib/avr51\libc.a(eewr_byte_atmega1280.o)
 .text          0x0000f614        0x0 c:/winavr-20100110/bin/../lib/gcc/avr/4.3.3/../../../../avr/lib/avr51\libc.a(cty_isfalse.o)
 .text          0x0000f614        0x0 c:/winavr-20100110/bin/../lib/gcc/avr/4.3.3/../../../../avr/lib/avr51\libc.a(strrev.o)
                0x0000f614                . = ALIGN (0x2)
 *(.text.*)
 .text.avr-libc
                0x0000f614      0x760 c:/winavr-20100110/bin/../lib/gcc/avr/4.3.3/../../../../avr/lib/avr51\libprintf_flt.a(vfprintf_flt.o)
                0x0000f614                vfprintf
 .text.avr-libc
                0x0000fd74      0x88c c:/winavr-20100110/bin/../lib/gcc/avr/4.3.3/../../../../avr/lib/avr51\libscanf_flt.a(vfscanf_flt.o)
                0x00010382                vfscanf
 .text.avr-libc.fplib
                0x00010600        0xa c:/winavr-20100110/bin/../lib/gcc/avr/4.3.3/../../../../avr/lib/avr51\libm.a(addsf3.o)
                0x00010600                __subsf3
                0x00010602                __addsf3
 .text.avr-libc.fplib
                0x0001060a       0xc0 c:/winavr-20100110/bin/../lib/gcc/avr/4.3.3/../../../../avr/lib/avr51\libm.a(addsf3x.o)
                0x00010624                __addsf3x
 .text.avr-libc.fplib
                0x000106ca        0x8 c:/winavr-20100110/bin/../lib/gcc/avr/4.3.3/../../../../avr/lib/avr51\libm.a(cmpsf2.o)
                0x000106ca                __lesf2
                0x000106ca                __nesf2
                0x000106ca                __eqsf2
                0x000106ca                __cmpsf2
                0x000106ca                __ltsf2
 .text.avr-libc.fplib
                0x000106d2        0x4 c:/winavr-20100110/bin/../lib/gcc/avr/4.3.3/../../../../avr/lib/avr51\libm.a(divsf3.o)
                0x000106d2                __divsf3
 .text.avr-libc.fplib
                0x000106d6       0xcc c:/winavr-20100110/bin/../lib/gcc/avr/4.3.3/../../../../avr/lib/avr51\libm.a(divsf3x.o)
                0x000106ec                __divsf3x
                0x000106f0                __divsf3_pse
 .text.avr-libc.fplib
                0x000107a2        0xa c:/winavr-20100110/bin/../lib/gcc/avr/4.3.3/../../../../avr/lib/avr51\libm.a(fixsfsi.o)
                0x000107a2                __fixsfsi
 .text.avr-libc.fplib
                0x000107ac       0x58 c:/winavr-20100110/bin/../lib/gcc/avr/4.3.3/../../../../avr/lib/avr51\libm.a(fixunssfsi.o)
                0x000107ac                __fixunssfsi
 .text.avr-libc.fplib
                0x00010804       0x7a c:/winavr-20100110/bin/../lib/gcc/avr/4.3.3/../../../../avr/lib/avr51\libm.a(floatsisf.o)
                0x00010808                __floatsisf
                0x00010804                __floatunsisf
 .text.avr-libc.fplib
                0x0001087e       0x26 c:/winavr-20100110/bin/../lib/gcc/avr/4.3.3/../../../../avr/lib/avr51\libm.a(floor.o)
                0x0001087e                floor
 .text.avr-libc.fplib
                0x000108a4       0x48 c:/winavr-20100110/bin/../lib/gcc/avr/4.3.3/../../../../avr/lib/avr51\libm.a(fp_cmp.o)
                0x000108a4                __fp_cmp
 .text.avr-libc.fplib
                0x000108ec        0xc c:/winavr-20100110/bin/../lib/gcc/avr/4.3.3/../../../../avr/lib/avr51\libm.a(fp_inf.o)
                0x000108ec                __fp_inf
 .text.avr-libc.fplib
                0x000108f8       0x36 c:/winavr-20100110/bin/../lib/gcc/avr/4.3.3/../../../../avr/lib/avr51\libm.a(fp_mintl.o)
                0x000108f8                __fp_mintl
 .text.avr-libc.fplib
                0x0001092e       0x1c c:/winavr-20100110/bin/../lib/gcc/avr/4.3.3/../../../../avr/lib/avr51\libm.a(fp_mpack.o)
                0x00010932                __fp_mpack_finite
                0x0001092e                __fp_mpack
 .text.avr-libc.fplib
                0x0001094a        0x6 c:/winavr-20100110/bin/../lib/gcc/avr/4.3.3/../../../../avr/lib/avr51\libm.a(fp_nan.o)
                0x0001094a                __fp_nan
 .text.avr-libc.fplib
                0x00010950        0xe c:/winavr-20100110/bin/../lib/gcc/avr/4.3.3/../../../../avr/lib/avr51\libm.a(fp_pscA.o)
                0x00010950                __fp_pscA
 .text.avr-libc.fplib
                0x0001095e        0xe c:/winavr-20100110/bin/../lib/gcc/avr/4.3.3/../../../../avr/lib/avr51\libm.a(fp_pscB.o)
                0x0001095e                __fp_pscB
 .text.avr-libc.fplib
                0x0001096c       0x22 c:/winavr-20100110/bin/../lib/gcc/avr/4.3.3/../../../../avr/lib/avr51\libm.a(fp_round.o)
                0x0001096c                __fp_round
 .text.avr-libc.fplib
                0x0001098e       0x44 c:/winavr-20100110/bin/../lib/gcc/avr/4.3.3/../../../../avr/lib/avr51\libm.a(fp_split3.o)
                0x0001098e                __fp_split3
                0x0001099e                __fp_splitA
 .text.avr-libc.fplib
                0x000109d2       0x2e c:/winavr-20100110/bin/../lib/gcc/avr/4.3.3/../../../../avr/lib/avr51\libm.a(fp_trunc.o)
                0x000109d2                __fp_trunc
 .text.avr-libc.fplib
                0x00010a00        0xe c:/winavr-20100110/bin/../lib/gcc/avr/4.3.3/../../../../avr/lib/avr51\libm.a(fp_zero.o)
                0x00010a00                __fp_zero
                0x00010a02                __fp_szero
 .text.avr-libc.fplib
                0x00010a0e        0x8 c:/winavr-20100110/bin/../lib/gcc/avr/4.3.3/../../../../avr/lib/avr51\libm.a(gesf2.o)
                0x00010a0e                __gtsf2
                0x00010a0e                __gesf2
 .text.avr-libc.fplib
                0x00010a16        0x4 c:/winavr-20100110/bin/../lib/gcc/avr/4.3.3/../../../../avr/lib/avr51\libm.a(mulsf3.o)
                0x00010a16                __mulsf3
 .text.avr-libc.fplib
                0x00010a1a       0xc2 c:/winavr-20100110/bin/../lib/gcc/avr/4.3.3/../../../../avr/lib/avr51\libm.a(mulsf3x.o)
                0x00010a32                __mulsf3_pse
                0x00010a2e                __mulsf3x
 .text.libgcc   0x00010adc       0x3e c:/winavr-20100110/bin/../lib/gcc/avr/4.3.3/avr51\libgcc.a(_mulsi3.o)
                0x00010adc                __mulsi3
 .text.libgcc   0x00010b1a       0x18 c:/winavr-20100110/bin/../lib/gcc/avr/4.3.3/avr51\libgcc.a(_udivmodqi4.o)
                0x00010b1a                __udivmodqi4
 .text.libgcc   0x00010b32       0x26 c:/winavr-20100110/bin/../lib/gcc/avr/4.3.3/avr51\libgcc.a(_divmodhi4.o)
                0x00010b32                __divmodhi4
                0x00010b32                _div
 .text.libgcc   0x00010b58       0x36 c:/winavr-20100110/bin/../lib/gcc/avr/4.3.3/avr51\libgcc.a(_divmodsi4.o)
                0x00010b58                __divmodsi4
 .text.libgcc   0x00010b8e        0x0 c:/winavr-20100110/bin/../lib/gcc/avr/4.3.3/avr51\libgcc.a(_exit.o)
 .text.libgcc   0x00010b8e        0x0 c:/winavr-20100110/bin/../lib/gcc/avr/4.3.3/avr51\libgcc.a(_clear_bss.o)
 .text.libgcc   0x00010b8e       0x28 c:/winavr-20100110/bin/../lib/gcc/avr/4.3.3/avr51\libgcc.a(_udivmodhi4.o)
                0x00010b8e                __udivmodhi4
 .text.libgcc   0x00010bb6       0x44 c:/winavr-20100110/bin/../lib/gcc/avr/4.3.3/avr51\libgcc.a(_udivmodsi4.o)
                0x00010bb6                __udivmodsi4
 .text.avr-libc
                0x00010bfa      0x20a c:/winavr-20100110/bin/../lib/gcc/avr/4.3.3/../../../../avr/lib/avr51\libc.a(malloc.o)
                0x00010bfa                malloc
                0x00010d54                free
 .text.avr-libc
                0x00010e04      0x1b0 c:/winavr-20100110/bin/../lib/gcc/avr/4.3.3/../../../../avr/lib/avr51\libc.a(ftoa_engine.o)
                0x00010e04                __ftoa_engine
 .text.avr-libc
                0x00010fb4       0x10 c:/winavr-20100110/bin/../lib/gcc/avr/4.3.3/../../../../avr/lib/avr51\libc.a(isspace.o)
                0x00010fb4                isspace
 .text.avr-libc
                0x00010fc4       0x10 c:/winavr-20100110/bin/../lib/gcc/avr/4.3.3/../../../../avr/lib/avr51\libc.a(tolower.o)
                0x00010fc4                tolower
 .text.avr-libc
                0x00010fd4       0x16 c:/winavr-20100110/bin/../lib/gcc/avr/4.3.3/../../../../avr/lib/avr51\libc.a(strchr_P.o)
                0x00010fd4                strchr_P
 .text.avr-libc
                0x00010fea       0x16 c:/winavr-20100110/bin/../lib/gcc/avr/4.3.3/../../../../avr/lib/avr51\libc.a(strnlen_P.o)
                0x00010fea                strnlen_P
 .text.avr-libc
                0x00011000        0xe c:/winavr-20100110/bin/../lib/gcc/avr/4.3.3/../../../../avr/lib/avr51\libc.a(memset.o)
                0x00011000                memset
 .text.avr-libc
                0x0001100e       0x16 c:/winavr-20100110/bin/../lib/gcc/avr/4.3.3/../../../../avr/lib/avr51\libc.a(strnlen.o)
                0x0001100e                strnlen
 .text.avr-libc
                0x00011024       0x42 c:/winavr-20100110/bin/../lib/gcc/avr/4.3.3/../../../../avr/lib/avr51\libc.a(itoa.o)
                0x00011024                itoa
 .text.avr-libc
                0x00011066       0x84 c:/winavr-20100110/bin/../lib/gcc/avr/4.3.3/../../../../avr/lib/avr51\libc.a(fgetc.o)
                0x00011066                fgetc
 .text.avr-libc
                0x000110ea       0x22 c:/winavr-20100110/bin/../lib/gcc/avr/4.3.3/../../../../avr/lib/avr51\libc.a(fprintf.o)
                0x000110ea                fprintf
 .text.avr-libc
                0x0001110c       0x3c c:/winavr-20100110/bin/../lib/gcc/avr/4.3.3/../../../../avr/lib/avr51\libc.a(fprintf_p.o)
                0x0001110c                fprintf_P
 .text.avr-libc
                0x00011148       0x58 c:/winavr-20100110/bin/../lib/gcc/avr/4.3.3/../../../../avr/lib/avr51\libc.a(fputc.o)
                0x00011148                fputc
 .text.avr-libc
                0x000111a0       0x56 c:/winavr-20100110/bin/../lib/gcc/avr/4.3.3/../../../../avr/lib/avr51\libc.a(fputs.o)
                0x000111a0                fputs
 .text.avr-libc
                0x000111f6       0x24 c:/winavr-20100110/bin/../lib/gcc/avr/4.3.3/../../../../avr/lib/avr51\libc.a(printf.o)
                0x000111f6                printf
 .text.avr-libc
                0x0001121a        0xe c:/winavr-20100110/bin/../lib/gcc/avr/4.3.3/../../../../avr/lib/avr51\libc.a(putchar.o)
                0x0001121a                putchar
 .text.avr-libc
                0x00011228       0x6a c:/winavr-20100110/bin/../lib/gcc/avr/4.3.3/../../../../avr/lib/avr51\libc.a(puts.o)
                0x00011228                puts
 .text.avr-libc
                0x00011292       0x24 c:/winavr-20100110/bin/../lib/gcc/avr/4.3.3/../../../../avr/lib/avr51\libc.a(scanf.o)
                0x00011292                scanf
 .text.avr-libc
                0x000112b6       0x34 c:/winavr-20100110/bin/../lib/gcc/avr/4.3.3/../../../../avr/lib/avr51\libc.a(ungetc.o)
                0x000112b6                ungetc
 .text.avr-libc
                0x000112ea       0xbc c:/winavr-20100110/bin/../lib/gcc/avr/4.3.3/../../../../avr/lib/avr51\libc.a(ultoa_invert.o)
                0x000112ea                __ultoa_invert
 .text.avr-libc
                0x000113a6       0x20 c:/winavr-20100110/bin/../lib/gcc/avr/4.3.3/../../../../avr/lib/avr51\libc.a(eerd_block_atmega1280.o)
                0x000113a6                __eerd_block_m1280
                0x000113aa                __eerd_blraw_m1280
 .text.avr-libc
                0x000113c6       0x14 c:/winavr-20100110/bin/../lib/gcc/avr/4.3.3/../../../../avr/lib/avr51\libc.a(eewr_block_atmega1280.o)
                0x000113c6                __eewr_block_m1280
 .text.avr-libc
                0x000113da       0x1c c:/winavr-20100110/bin/../lib/gcc/avr/4.3.3/../../../../avr/lib/avr51\libc.a(eewr_byte_atmega1280.o)
                0x000113dc                __eewr_r18_m1280
                0x000113da                __eewr_byte_m1280
 .text.avr-libc
                0x000113f6        0x6 c:/winavr-20100110/bin/../lib/gcc/avr/4.3.3/../../../../avr/lib/avr51\libc.a(cty_isfalse.o)
                0x000113fa                __ctype_istrue
                0x000113f6                __ctype_isfalse
 .text.avr-libc
                0x000113fc       0x20 c:/winavr-20100110/bin/../lib/gcc/avr/4.3.3/../../../../avr/lib/avr51\libc.a(strrev.o)
                0x000113fc                strrev
                0x0001141c                . = ALIGN (0x2)
 *(.fini9)
 .fini9         0x0001141c        0x0 c:/winavr-20100110/bin/../lib/gcc/avr/4.3.3/avr51\libgcc.a(_exit.o)
                0x0001141c                exit
                0x0001141c                _exit
 *(.fini9)
 *(.fini8)
 *(.fini8)
 *(.fini7)
 *(.fini7)
 *(.fini6)
 *(.fini6)
 *(.fini5)
 *(.fini5)
 *(.fini4)
 *(.fini4)
 *(.fini3)
 *(.fini3)
 *(.fini2)
 *(.fini2)
 *(.fini1)
 *(.fini1)
 *(.fini0)
 .fini0         0x0001141c        0x4 c:/winavr-20100110/bin/../lib/gcc/avr/4.3.3/avr51\libgcc.a(_exit.o)
 *(.fini0)
                0x00011420                _etext = .

.data           0x00802200     0x5990 load address 0x00011420
                0x00802200                PROVIDE (__data_start, .)
 *(.data)
 .data          0x00802200        0x0 c:/winavr-20100110/bin/../lib/gcc/avr/4.3.3/../../../../avr/lib/avr51/crtm1280.o
 .data          0x00802200      0xc72 controlador_Jarboter.o
                0x00802e56                uart_str
                0x00802e54                TEST_EJE
                0x00802e52                ATENDER_INT_IN
                0x00802e64                lcd_str
 .data          0x00802e72        0x0 C:/Jarboter_V_2_1/GUI/C/conversion.o
 .data          0x00802e72        0x0 C:/Jarboter_V_2_1/Comunicacion/Interface_PC_Controlador/C/low_usb.o
 .data          0x00802e72        0x0 C:/Jarboter_V_2_1/Comunicacion/Interface_PC_Controlador/C/robotData.o
 .data          0x00802e72      0x1fa C:/Jarboter_V_2_1/Comunicacion/Interface_PC_Controlador/C/packetIO.o
 .data          0x0080306c       0x20 C:/Jarboter_V_2_1/Comunicacion/Interface_PC_Controlador/C/mem.o
 .data          0x0080308c     0x1220 C:/Jarboter_V_2_1/Comunicacion/Interface_PC_Controlador/C/messages.o
 .data          0x008042ac        0x0 C:/Jarboter_V_2_1/Firmware/Configuracion_uC/C/uC_setup.o
 .data          0x008042ac        0x0 C:/Jarboter_V_2_1/Firmware/Interface_uC_PMD/C/basicIO.o
 .data          0x008042ac      0x721 C:/Jarboter_V_2_1/Firmware/Interface_uC_PMD/C/PMDsetup.o
 .data          0x008049cd      0x2c6 C:/Jarboter_V_2_1/Firmware/Interface_uC_PMD/C/PMDtrace.o
 .data          0x00804c93     0x1520 C:/Jarboter_V_2_1/Firmware/Interface_uC_PMD/C/PMDrobotics.o
 .data          0x008061b3     0x12a6 C:/Jarboter_V_2_1/Firmware/Interface_uC_PMD/C/PMDinfo.o
 .data          0x00807459       0x86 C:/Jarboter_V_2_1/Firmware/Interface_uC_PMD/C/PMDinterrupt.o
 .data          0x008074df        0x0 C:/Jarboter_V_2_1/Firmware/Interface_uC_PMD/C/c-motion.o
 .data          0x008074df      0x1c2 C:/Jarboter_V_2_1/Firmware/Interface_uC_PMD/C/PMDpar.o
 .data          0x008076a1        0x0 C:/Jarboter_V_2_1/Firmware/Interface_uC_PMD/C/PMDtrans.o
 .data          0x008076a1        0x0 C:/Jarboter_V_2_1/Firmware/Interface_uC_Peripherical/C/uart.o
 .data          0x008076a1        0x0 C:/Jarboter_V_2_1/Firmware/Interface_uC_Peripherical/C/hd44780.o
 .data          0x008076a1        0x0 C:/Jarboter_V_2_1/Firmware/Interface_uC_Peripherical/C/lcd.o
 .data          0x008076a1       0x18 C:/Jarboter_V_2_1/Firmware/Interface_uC_Peripherical/C/tw_interface.o
 .data          0x008076b9        0x0 C:/Jarboter_V_2_1/Firmware/Interface_uC_Peripherical/C/tw_eeprom.o
 .data          0x008076b9       0x5e C:/Jarboter_V_2_1/Firmware/Interface_uC_Peripherical/C/tw_rtc.o
                0x00807715                Conf_SR
 .data          0x00807717       0x67 C:/Jarboter_V_2_1/Firmware/Interface_uC_Peripherical/C/tw_teach_pendant.o
 .data          0x0080777e       0x85 C:/Jarboter_V_2_1/Firmware/Efector_Final/C/gripper.o
 .data          0x00807803      0x386 C:/Jarboter_V_2_1/Firmware/Interface_uC_Peripherical/C/debug.o
 .data          0x00807b89        0x0 c:/winavr-20100110/bin/../lib/gcc/avr/4.3.3/../../../../avr/lib/avr51\libprintf_flt.a(vfprintf_flt.o)
 .data          0x00807b89        0x0 c:/winavr-20100110/bin/../lib/gcc/avr/4.3.3/../../../../avr/lib/avr51\libscanf_flt.a(vfscanf_flt.o)
 .data          0x00807b89        0x0 c:/winavr-20100110/bin/../lib/gcc/avr/4.3.3/../../../../avr/lib/avr51\libm.a(addsf3.o)
 .data          0x00807b89        0x0 c:/winavr-20100110/bin/../lib/gcc/avr/4.3.3/../../../../avr/lib/avr51\libm.a(addsf3x.o)
 .data          0x00807b89        0x0 c:/winavr-20100110/bin/../lib/gcc/avr/4.3.3/../../../../avr/lib/avr51\libm.a(cmpsf2.o)
 .data          0x00807b89        0x0 c:/winavr-20100110/bin/../lib/gcc/avr/4.3.3/../../../../avr/lib/avr51\libm.a(divsf3.o)
 .data          0x00807b89        0x0 c:/winavr-20100110/bin/../lib/gcc/avr/4.3.3/../../../../avr/lib/avr51\libm.a(divsf3x.o)
 .data          0x00807b89        0x0 c:/winavr-20100110/bin/../lib/gcc/avr/4.3.3/../../../../avr/lib/avr51\libm.a(fixsfsi.o)
 .data          0x00807b89        0x0 c:/winavr-20100110/bin/../lib/gcc/avr/4.3.3/../../../../avr/lib/avr51\libm.a(fixunssfsi.o)
 .data          0x00807b89        0x0 c:/winavr-20100110/bin/../lib/gcc/avr/4.3.3/../../../../avr/lib/avr51\libm.a(floatsisf.o)
 .data          0x00807b89        0x0 c:/winavr-20100110/bin/../lib/gcc/avr/4.3.3/../../../../avr/lib/avr51\libm.a(floor.o)
 .data          0x00807b89        0x0 c:/winavr-20100110/bin/../lib/gcc/avr/4.3.3/../../../../avr/lib/avr51\libm.a(fp_cmp.o)
 .data          0x00807b89        0x0 c:/winavr-20100110/bin/../lib/gcc/avr/4.3.3/../../../../avr/lib/avr51\libm.a(fp_inf.o)
 .data          0x00807b89        0x0 c:/winavr-20100110/bin/../lib/gcc/avr/4.3.3/../../../../avr/lib/avr51\libm.a(fp_mintl.o)
 .data          0x00807b89        0x0 c:/winavr-20100110/bin/../lib/gcc/avr/4.3.3/../../../../avr/lib/avr51\libm.a(fp_mpack.o)
 .data          0x00807b89        0x0 c:/winavr-20100110/bin/../lib/gcc/avr/4.3.3/../../../../avr/lib/avr51\libm.a(fp_nan.o)
 .data          0x00807b89        0x0 c:/winavr-20100110/bin/../lib/gcc/avr/4.3.3/../../../../avr/lib/avr51\libm.a(fp_pscA.o)
 .data          0x00807b89        0x0 c:/winavr-20100110/bin/../lib/gcc/avr/4.3.3/../../../../avr/lib/avr51\libm.a(fp_pscB.o)
 .data          0x00807b89        0x0 c:/winavr-20100110/bin/../lib/gcc/avr/4.3.3/../../../../avr/lib/avr51\libm.a(fp_round.o)
 .data          0x00807b89        0x0 c:/winavr-20100110/bin/../lib/gcc/avr/4.3.3/../../../../avr/lib/avr51\libm.a(fp_split3.o)
 .data          0x00807b89        0x0 c:/winavr-20100110/bin/../lib/gcc/avr/4.3.3/../../../../avr/lib/avr51\libm.a(fp_trunc.o)
 .data          0x00807b89        0x0 c:/winavr-20100110/bin/../lib/gcc/avr/4.3.3/../../../../avr/lib/avr51\libm.a(fp_zero.o)
 .data          0x00807b89        0x0 c:/winavr-20100110/bin/../lib/gcc/avr/4.3.3/../../../../avr/lib/avr51\libm.a(gesf2.o)
 .data          0x00807b89        0x0 c:/winavr-20100110/bin/../lib/gcc/avr/4.3.3/../../../../avr/lib/avr51\libm.a(mulsf3.o)
 .data          0x00807b89        0x0 c:/winavr-20100110/bin/../lib/gcc/avr/4.3.3/../../../../avr/lib/avr51\libm.a(mulsf3x.o)
 .data          0x00807b89        0x0 c:/winavr-20100110/bin/../lib/gcc/avr/4.3.3/avr51\libgcc.a(_mulsi3.o)
 .data          0x00807b89        0x0 c:/winavr-20100110/bin/../lib/gcc/avr/4.3.3/avr51\libgcc.a(_udivmodqi4.o)
 .data          0x00807b89        0x0 c:/winavr-20100110/bin/../lib/gcc/avr/4.3.3/avr51\libgcc.a(_divmodhi4.o)
 .data          0x00807b89        0x0 c:/winavr-20100110/bin/../lib/gcc/avr/4.3.3/avr51\libgcc.a(_divmodsi4.o)
 .data          0x00807b89        0x0 c:/winavr-20100110/bin/../lib/gcc/avr/4.3.3/avr51\libgcc.a(_exit.o)
 .data          0x00807b89        0x0 c:/winavr-20100110/bin/../lib/gcc/avr/4.3.3/avr51\libgcc.a(_clear_bss.o)
 .data          0x00807b89        0x0 c:/winavr-20100110/bin/../lib/gcc/avr/4.3.3/avr51\libgcc.a(_udivmodhi4.o)
 .data          0x00807b89        0x0 c:/winavr-20100110/bin/../lib/gcc/avr/4.3.3/avr51\libgcc.a(_udivmodsi4.o)
 .data          0x00807b89        0x6 c:/winavr-20100110/bin/../lib/gcc/avr/4.3.3/../../../../avr/lib/avr51\libc.a(malloc.o)
                0x00807b8b                __malloc_heap_start
                0x00807b8d                __malloc_heap_end
                0x00807b89                __malloc_margin
 .data          0x00807b8f        0x0 c:/winavr-20100110/bin/../lib/gcc/avr/4.3.3/../../../../avr/lib/avr51\libc.a(ftoa_engine.o)
 .data          0x00807b8f        0x0 c:/winavr-20100110/bin/../lib/gcc/avr/4.3.3/../../../../avr/lib/avr51\libc.a(isspace.o)
 .data          0x00807b8f        0x0 c:/winavr-20100110/bin/../lib/gcc/avr/4.3.3/../../../../avr/lib/avr51\libc.a(tolower.o)
 .data          0x00807b8f        0x0 c:/winavr-20100110/bin/../lib/gcc/avr/4.3.3/../../../../avr/lib/avr51\libc.a(strchr_P.o)
 .data          0x00807b8f        0x0 c:/winavr-20100110/bin/../lib/gcc/avr/4.3.3/../../../../avr/lib/avr51\libc.a(strnlen_P.o)
 .data          0x00807b8f        0x0 c:/winavr-20100110/bin/../lib/gcc/avr/4.3.3/../../../../avr/lib/avr51\libc.a(memset.o)
 .data          0x00807b8f        0x0 c:/winavr-20100110/bin/../lib/gcc/avr/4.3.3/../../../../avr/lib/avr51\libc.a(strnlen.o)
 .data          0x00807b8f        0x0 c:/winavr-20100110/bin/../lib/gcc/avr/4.3.3/../../../../avr/lib/avr51\libc.a(itoa.o)
 .data          0x00807b8f        0x0 c:/winavr-20100110/bin/../lib/gcc/avr/4.3.3/../../../../avr/lib/avr51\libc.a(fgetc.o)
 .data          0x00807b8f        0x0 c:/winavr-20100110/bin/../lib/gcc/avr/4.3.3/../../../../avr/lib/avr51\libc.a(fprintf.o)
 .data          0x00807b8f        0x0 c:/winavr-20100110/bin/../lib/gcc/avr/4.3.3/../../../../avr/lib/avr51\libc.a(fprintf_p.o)
 .data          0x00807b8f        0x0 c:/winavr-20100110/bin/../lib/gcc/avr/4.3.3/../../../../avr/lib/avr51\libc.a(fputc.o)
 .data          0x00807b8f        0x0 c:/winavr-20100110/bin/../lib/gcc/avr/4.3.3/../../../../avr/lib/avr51\libc.a(fputs.o)
 .data          0x00807b8f        0x0 c:/winavr-20100110/bin/../lib/gcc/avr/4.3.3/../../../../avr/lib/avr51\libc.a(iob.o)
 .data          0x00807b8f        0x0 c:/winavr-20100110/bin/../lib/gcc/avr/4.3.3/../../../../avr/lib/avr51\libc.a(printf.o)
 .data          0x00807b8f        0x0 c:/winavr-20100110/bin/../lib/gcc/avr/4.3.3/../../../../avr/lib/avr51\libc.a(putchar.o)
 .data          0x00807b8f        0x0 c:/winavr-20100110/bin/../lib/gcc/avr/4.3.3/../../../../avr/lib/avr51\libc.a(puts.o)
 .data          0x00807b8f        0x0 c:/winavr-20100110/bin/../lib/gcc/avr/4.3.3/../../../../avr/lib/avr51\libc.a(scanf.o)
 .data          0x00807b8f        0x0 c:/winavr-20100110/bin/../lib/gcc/avr/4.3.3/../../../../avr/lib/avr51\libc.a(ungetc.o)
 .data          0x00807b8f        0x0 c:/winavr-20100110/bin/../lib/gcc/avr/4.3.3/../../../../avr/lib/avr51\libc.a(ultoa_invert.o)
 .data          0x00807b8f        0x0 c:/winavr-20100110/bin/../lib/gcc/avr/4.3.3/../../../../avr/lib/avr51\libc.a(eerd_block_atmega1280.o)
 .data          0x00807b8f        0x0 c:/winavr-20100110/bin/../lib/gcc/avr/4.3.3/../../../../avr/lib/avr51\libc.a(eewr_block_atmega1280.o)
 .data          0x00807b8f        0x0 c:/winavr-20100110/bin/../lib/gcc/avr/4.3.3/../../../../avr/lib/avr51\libc.a(eewr_byte_atmega1280.o)
 .data          0x00807b8f        0x0 c:/winavr-20100110/bin/../lib/gcc/avr/4.3.3/../../../../avr/lib/avr51\libc.a(cty_isfalse.o)
 .data          0x00807b8f        0x0 c:/winavr-20100110/bin/../lib/gcc/avr/4.3.3/../../../../avr/lib/avr51\libc.a(strrev.o)
 *(.data*)
 *(.rodata)
 *(.rodata*)
 *(.gnu.linkonce.d*)
                0x00807b90                . = ALIGN (0x2)
 *fill*         0x00807b8f        0x1 00
                0x00807b90                _edata = .
                0x00807b90                PROVIDE (__data_end, .)

.bss            0x00807b90      0x6a5
                0x00807b90                PROVIDE (__bss_start, .)
 *(.bss)
 .bss           0x00807b90        0x0 c:/winavr-20100110/bin/../lib/gcc/avr/4.3.3/../../../../avr/lib/avr51/crtm1280.o
 .bss           0x00807b90       0x20 controlador_Jarboter.o
                0x00807b92                TXPoseActual
                0x00807b94                GripperActual
                0x00807b90                activo_alarma
 .bss           0x00807bb0        0x0 C:/Jarboter_V_2_1/GUI/C/conversion.o
 .bss           0x00807bb0        0x0 C:/Jarboter_V_2_1/Comunicacion/Interface_PC_Controlador/C/low_usb.o
 .bss           0x00807bb0        0x0 C:/Jarboter_V_2_1/Comunicacion/Interface_PC_Controlador/C/robotData.o
 .bss           0x00807bb0        0x6 C:/Jarboter_V_2_1/Comunicacion/Interface_PC_Controlador/C/packetIO.o
                0x00807bb4                FlagTraceok
                0x00807bb0                FlagTrayectoryok
                0x00807bb2                FlagrxVectorok
 .bss           0x00807bb6        0x0 C:/Jarboter_V_2_1/Comunicacion/Interface_PC_Controlador/C/mem.o
 .bss           0x00807bb6        0x0 C:/Jarboter_V_2_1/Comunicacion/Interface_PC_Controlador/C/messages.o
 .bss           0x00807bb6        0x0 C:/Jarboter_V_2_1/Firmware/Configuracion_uC/C/uC_setup.o
 .bss           0x00807bb6        0x0 C:/Jarboter_V_2_1/Firmware/Interface_uC_PMD/C/basicIO.o
 .bss           0x00807bb6        0x0 C:/Jarboter_V_2_1/Firmware/Interface_uC_PMD/C/PMDsetup.o
 .bss           0x00807bb6        0x1 C:/Jarboter_V_2_1/Firmware/Interface_uC_PMD/C/PMDtrace.o
                0x00807bb6                printOK
 .bss           0x00807bb7        0x4 C:/Jarboter_V_2_1/Firmware/Interface_uC_PMD/C/PMDrobotics.o
                0x00807bb9                HomeRoll_process_active
                0x00807bb7                HomePitch_process_active
 .bss           0x00807bbb        0x0 C:/Jarboter_V_2_1/Firmware/Interface_uC_PMD/C/PMDinfo.o
 .bss           0x00807bbb        0x0 C:/Jarboter_V_2_1/Firmware/Interface_uC_PMD/C/PMDinterrupt.o
 .bss           0x00807bbb        0x0 C:/Jarboter_V_2_1/Firmware/Interface_uC_PMD/C/c-motion.o
 .bss           0x00807bbb        0x0 C:/Jarboter_V_2_1/Firmware/Interface_uC_PMD/C/PMDpar.o
 .bss           0x00807bbb        0x0 C:/Jarboter_V_2_1/Firmware/Interface_uC_PMD/C/PMDtrans.o
 .bss           0x00807bbb       0x52 C:/Jarboter_V_2_1/Firmware/Interface_uC_Peripherical/C/uart.o
 .bss           0x00807c0d        0x0 C:/Jarboter_V_2_1/Firmware/Interface_uC_Peripherical/C/hd44780.o
 .bss           0x00807c0d        0x1 C:/Jarboter_V_2_1/Firmware/Interface_uC_Peripherical/C/lcd.o
 .bss           0x00807c0e        0x0 C:/Jarboter_V_2_1/Firmware/Interface_uC_Peripherical/C/tw_interface.o
 .bss           0x00807c0e        0x0 C:/Jarboter_V_2_1/Firmware/Interface_uC_Peripherical/C/tw_eeprom.o
 .bss           0x00807c0e        0x0 C:/Jarboter_V_2_1/Firmware/Interface_uC_Peripherical/C/tw_rtc.o
 .bss           0x00807c0e        0x2 C:/Jarboter_V_2_1/Firmware/Interface_uC_Peripherical/C/tw_teach_pendant.o
                0x00807c0e                FlagTrayecPuntook
 .bss           0x00807c10        0x0 C:/Jarboter_V_2_1/Firmware/Efector_Final/C/gripper.o
 .bss           0x00807c10        0x0 C:/Jarboter_V_2_1/Firmware/Interface_uC_Peripherical/C/debug.o
 .bss           0x00807c10        0x0 c:/winavr-20100110/bin/../lib/gcc/avr/4.3.3/../../../../avr/lib/avr51\libprintf_flt.a(vfprintf_flt.o)
 .bss           0x00807c10        0x0 c:/winavr-20100110/bin/../lib/gcc/avr/4.3.3/../../../../avr/lib/avr51\libscanf_flt.a(vfscanf_flt.o)
 .bss           0x00807c10        0x0 c:/winavr-20100110/bin/../lib/gcc/avr/4.3.3/../../../../avr/lib/avr51\libm.a(addsf3.o)
 .bss           0x00807c10        0x0 c:/winavr-20100110/bin/../lib/gcc/avr/4.3.3/../../../../avr/lib/avr51\libm.a(addsf3x.o)
 .bss           0x00807c10        0x0 c:/winavr-20100110/bin/../lib/gcc/avr/4.3.3/../../../../avr/lib/avr51\libm.a(cmpsf2.o)
 .bss           0x00807c10        0x0 c:/winavr-20100110/bin/../lib/gcc/avr/4.3.3/../../../../avr/lib/avr51\libm.a(divsf3.o)
 .bss           0x00807c10        0x0 c:/winavr-20100110/bin/../lib/gcc/avr/4.3.3/../../../../avr/lib/avr51\libm.a(divsf3x.o)
 .bss           0x00807c10        0x0 c:/winavr-20100110/bin/../lib/gcc/avr/4.3.3/../../../../avr/lib/avr51\libm.a(fixsfsi.o)
 .bss           0x00807c10        0x0 c:/winavr-20100110/bin/../lib/gcc/avr/4.3.3/../../../../avr/lib/avr51\libm.a(fixunssfsi.o)
 .bss           0x00807c10        0x0 c:/winavr-20100110/bin/../lib/gcc/avr/4.3.3/../../../../avr/lib/avr51\libm.a(floatsisf.o)
 .bss           0x00807c10        0x0 c:/winavr-20100110/bin/../lib/gcc/avr/4.3.3/../../../../avr/lib/avr51\libm.a(floor.o)
 .bss           0x00807c10        0x0 c:/winavr-20100110/bin/../lib/gcc/avr/4.3.3/../../../../avr/lib/avr51\libm.a(fp_cmp.o)
 .bss           0x00807c10        0x0 c:/winavr-20100110/bin/../lib/gcc/avr/4.3.3/../../../../avr/lib/avr51\libm.a(fp_inf.o)
 .bss           0x00807c10        0x0 c:/winavr-20100110/bin/../lib/gcc/avr/4.3.3/../../../../avr/lib/avr51\libm.a(fp_mintl.o)
 .bss           0x00807c10        0x0 c:/winavr-20100110/bin/../lib/gcc/avr/4.3.3/../../../../avr/lib/avr51\libm.a(fp_mpack.o)
 .bss           0x00807c10        0x0 c:/winavr-20100110/bin/../lib/gcc/avr/4.3.3/../../../../avr/lib/avr51\libm.a(fp_nan.o)
 .bss           0x00807c10        0x0 c:/winavr-20100110/bin/../lib/gcc/avr/4.3.3/../../../../avr/lib/avr51\libm.a(fp_pscA.o)
 .bss           0x00807c10        0x0 c:/winavr-20100110/bin/../lib/gcc/avr/4.3.3/../../../../avr/lib/avr51\libm.a(fp_pscB.o)
 .bss           0x00807c10        0x0 c:/winavr-20100110/bin/../lib/gcc/avr/4.3.3/../../../../avr/lib/avr51\libm.a(fp_round.o)
 .bss           0x00807c10        0x0 c:/winavr-20100110/bin/../lib/gcc/avr/4.3.3/../../../../avr/lib/avr51\libm.a(fp_split3.o)
 .bss           0x00807c10        0x0 c:/winavr-20100110/bin/../lib/gcc/avr/4.3.3/../../../../avr/lib/avr51\libm.a(fp_trunc.o)
 .bss           0x00807c10        0x0 c:/winavr-20100110/bin/../lib/gcc/avr/4.3.3/../../../../avr/lib/avr51\libm.a(fp_zero.o)
 .bss           0x00807c10        0x0 c:/winavr-20100110/bin/../lib/gcc/avr/4.3.3/../../../../avr/lib/avr51\libm.a(gesf2.o)
 .bss           0x00807c10        0x0 c:/winavr-20100110/bin/../lib/gcc/avr/4.3.3/../../../../avr/lib/avr51\libm.a(mulsf3.o)
 .bss           0x00807c10        0x0 c:/winavr-20100110/bin/../lib/gcc/avr/4.3.3/../../../../avr/lib/avr51\libm.a(mulsf3x.o)
 .bss           0x00807c10        0x0 c:/winavr-20100110/bin/../lib/gcc/avr/4.3.3/avr51\libgcc.a(_mulsi3.o)
 .bss           0x00807c10        0x0 c:/winavr-20100110/bin/../lib/gcc/avr/4.3.3/avr51\libgcc.a(_udivmodqi4.o)
 .bss           0x00807c10        0x0 c:/winavr-20100110/bin/../lib/gcc/avr/4.3.3/avr51\libgcc.a(_divmodhi4.o)
 .bss           0x00807c10        0x0 c:/winavr-20100110/bin/../lib/gcc/avr/4.3.3/avr51\libgcc.a(_divmodsi4.o)
 .bss           0x00807c10        0x0 c:/winavr-20100110/bin/../lib/gcc/avr/4.3.3/avr51\libgcc.a(_exit.o)
 .bss           0x00807c10        0x0 c:/winavr-20100110/bin/../lib/gcc/avr/4.3.3/avr51\libgcc.a(_clear_bss.o)
 .bss           0x00807c10        0x0 c:/winavr-20100110/bin/../lib/gcc/avr/4.3.3/avr51\libgcc.a(_udivmodhi4.o)
 .bss           0x00807c10        0x0 c:/winavr-20100110/bin/../lib/gcc/avr/4.3.3/avr51\libgcc.a(_udivmodsi4.o)
 .bss           0x00807c10        0x0 c:/winavr-20100110/bin/../lib/gcc/avr/4.3.3/../../../../avr/lib/avr51\libc.a(malloc.o)
 .bss           0x00807c10        0x0 c:/winavr-20100110/bin/../lib/gcc/avr/4.3.3/../../../../avr/lib/avr51\libc.a(ftoa_engine.o)
 .bss           0x00807c10        0x0 c:/winavr-20100110/bin/../lib/gcc/avr/4.3.3/../../../../avr/lib/avr51\libc.a(isspace.o)
 .bss           0x00807c10        0x0 c:/winavr-20100110/bin/../lib/gcc/avr/4.3.3/../../../../avr/lib/avr51\libc.a(tolower.o)
 .bss           0x00807c10        0x0 c:/winavr-20100110/bin/../lib/gcc/avr/4.3.3/../../../../avr/lib/avr51\libc.a(strchr_P.o)
 .bss           0x00807c10        0x0 c:/winavr-20100110/bin/../lib/gcc/avr/4.3.3/../../../../avr/lib/avr51\libc.a(strnlen_P.o)
 .bss           0x00807c10        0x0 c:/winavr-20100110/bin/../lib/gcc/avr/4.3.3/../../../../avr/lib/avr51\libc.a(memset.o)
 .bss           0x00807c10        0x0 c:/winavr-20100110/bin/../lib/gcc/avr/4.3.3/../../../../avr/lib/avr51\libc.a(strnlen.o)
 .bss           0x00807c10        0x0 c:/winavr-20100110/bin/../lib/gcc/avr/4.3.3/../../../../avr/lib/avr51\libc.a(itoa.o)
 .bss           0x00807c10        0x0 c:/winavr-20100110/bin/../lib/gcc/avr/4.3.3/../../../../avr/lib/avr51\libc.a(fgetc.o)
 .bss           0x00807c10        0x0 c:/winavr-20100110/bin/../lib/gcc/avr/4.3.3/../../../../avr/lib/avr51\libc.a(fprintf.o)
 .bss           0x00807c10        0x0 c:/winavr-20100110/bin/../lib/gcc/avr/4.3.3/../../../../avr/lib/avr51\libc.a(fprintf_p.o)
 .bss           0x00807c10        0x0 c:/winavr-20100110/bin/../lib/gcc/avr/4.3.3/../../../../avr/lib/avr51\libc.a(fputc.o)
 .bss           0x00807c10        0x0 c:/winavr-20100110/bin/../lib/gcc/avr/4.3.3/../../../../avr/lib/avr51\libc.a(fputs.o)
 .bss           0x00807c10        0x0 c:/winavr-20100110/bin/../lib/gcc/avr/4.3.3/../../../../avr/lib/avr51\libc.a(iob.o)
 .bss           0x00807c10        0x0 c:/winavr-20100110/bin/../lib/gcc/avr/4.3.3/../../../../avr/lib/avr51\libc.a(printf.o)
 .bss           0x00807c10        0x0 c:/winavr-20100110/bin/../lib/gcc/avr/4.3.3/../../../../avr/lib/avr51\libc.a(putchar.o)
 .bss           0x00807c10        0x0 c:/winavr-20100110/bin/../lib/gcc/avr/4.3.3/../../../../avr/lib/avr51\libc.a(puts.o)
 .bss           0x00807c10        0x0 c:/winavr-20100110/bin/../lib/gcc/avr/4.3.3/../../../../avr/lib/avr51\libc.a(scanf.o)
 .bss           0x00807c10        0x0 c:/winavr-20100110/bin/../lib/gcc/avr/4.3.3/../../../../avr/lib/avr51\libc.a(ungetc.o)
 .bss           0x00807c10        0x0 c:/winavr-20100110/bin/../lib/gcc/avr/4.3.3/../../../../avr/lib/avr51\libc.a(ultoa_invert.o)
 .bss           0x00807c10        0x0 c:/winavr-20100110/bin/../lib/gcc/avr/4.3.3/../../../../avr/lib/avr51\libc.a(eerd_block_atmega1280.o)
 .bss           0x00807c10        0x0 c:/winavr-20100110/bin/../lib/gcc/avr/4.3.3/../../../../avr/lib/avr51\libc.a(eewr_block_atmega1280.o)
 .bss           0x00807c10        0x0 c:/winavr-20100110/bin/../lib/gcc/avr/4.3.3/../../../../avr/lib/avr51\libc.a(eewr_byte_atmega1280.o)
 .bss           0x00807c10        0x0 c:/winavr-20100110/bin/../lib/gcc/avr/4.3.3/../../../../avr/lib/avr51\libc.a(cty_isfalse.o)
 .bss           0x00807c10        0x0 c:/winavr-20100110/bin/../lib/gcc/avr/4.3.3/../../../../avr/lib/avr51\libc.a(strrev.o)
 *(.bss*)
 *(COMMON)
 COMMON         0x00807c10      0x4c0 controlador_Jarboter.o
                0x00807c10                readencoder1
                0x00807c14                TxAxisSettings
                0x00807d68                rxPosesActual
                0x00807d6a                micropasos
                0x00807d6c                readerror
                0x00807d70                velocity1
                0x00807d74                hAxis
                0x00807f54                rxAxisSettings
                0x008080a8                commandedacceleration
                0x008080ac                GetBufferFlag
                0x008080ad                deceleration
                0x008080b1                acceleration1
                0x008080b5                cuentas_encoder
                0x008080b7                rxTraceBuffer
                0x008080b9                TRACETrajFlag
                0x008080bb                txFecha
                0x008080c3                commandedposition
                0x008080c7                commandedvelocity
                0x008080cb                position1
                0x008080cf                intflags
 COMMON         0x008080d0      0x14a C:/Jarboter_V_2_1/Comunicacion/Interface_PC_Controlador/C/packetIO.o
                0x008080d0                rxPacket
                0x008080d2                rxvector
                0x008080d4                rxHeader
                0x008080dc                rxString
                0x008081dc                rxFecha
                0x008081e4                rxAxisLimits
                0x008081ec                txPacket
                0x008081ee                rxCommand
                0x00808209                rxTrajectory
                0x0080820f                rxAlarma
                0x00808216                RXBUFFER
                0x00808218                TXBUFFER
 COMMON         0x0080821a        0x2 C:/Jarboter_V_2_1/Firmware/Interface_uC_PMD/C/PMDtrace.o
                0x0080821a                PMD1NVariables
                0x0080821b                PMD2NVariables
 COMMON         0x0080821c        0x1 C:/Jarboter_V_2_1/Firmware/Interface_uC_Peripherical/C/tw_interface.o
                0x0080821c                twst
 COMMON         0x0080821d        0xe C:/Jarboter_V_2_1/Firmware/Interface_uC_Peripherical/C/tw_teach_pendant.o
                0x0080821d                Trajectoryvectorpunto
                0x00808223                id_vector
                0x00808225                Trajectoryvector
 COMMON         0x0080822b        0x4 c:/winavr-20100110/bin/../lib/gcc/avr/4.3.3/../../../../avr/lib/avr51\libc.a(malloc.o)
                0x0080822b                __brkval
                0x0080822d                __flp
 COMMON         0x0080822f        0x6 c:/winavr-20100110/bin/../lib/gcc/avr/4.3.3/../../../../avr/lib/avr51\libc.a(iob.o)
                0x0080822f                __iob
                0x00808235                PROVIDE (__bss_end, .)
                0x00011420                __data_load_start = LOADADDR (.data)
                0x00016db0                __data_load_end = (__data_load_start + SIZEOF (.data))

.noinit         0x00808235        0x0
                0x00808235                PROVIDE (__noinit_start, .)
 *(.noinit*)
                0x00808235                PROVIDE (__noinit_end, .)
                0x00808235                _end = .
                0x00808235                PROVIDE (__heap_start, .)

.eeprom         0x00810000      0x162
 *(.eeprom*)
 .eeprom        0x00810000      0x156 C:/Jarboter_V_2_1/Comunicacion/Interface_PC_Controlador/C/robotData.o
                0x00810000                EEprom_Reconf_Indicator
                0x00810002                EEprom_axisSettings
 .eeprom        0x00810156        0x8 C:/Jarboter_V_2_1/Firmware/Interface_uC_PMD/C/PMDrobotics.o
                0x0081015a                Mov_Pitch_Anterior
                0x00810156                Mov_Roll_Anterior
 .eeprom        0x0081015e        0x4 C:/Jarboter_V_2_1/Firmware/Interface_uC_Peripherical/C/debug.o
                0x0081015e                ATmegaEEPROM_var
                0x00810162                __eeprom_end = .

.fuse
 *(.fuse)
 *(.lfuse)
 *(.hfuse)
 *(.efuse)

.lock
 *(.lock*)

.signature
 *(.signature*)

.stab           0x00000000    0x15048
 *(.stab)
 .stab          0x00000000     0x1e78 controlador_Jarboter.o
 .stab          0x00001e78      0x9e4 C:/Jarboter_V_2_1/GUI/C/conversion.o
                                0xde0 (size before relaxing)
 .stab          0x0000285c      0x474 C:/Jarboter_V_2_1/Comunicacion/Interface_PC_Controlador/C/low_usb.o
                                0xd20 (size before relaxing)
 .stab          0x00002cd0      0x5ac C:/Jarboter_V_2_1/Comunicacion/Interface_PC_Controlador/C/robotData.o
                                0xe70 (size before relaxing)
 .stab          0x0000327c     0x1434 C:/Jarboter_V_2_1/Comunicacion/Interface_PC_Controlador/C/packetIO.o
                               0x1d34 (size before relaxing)
 .stab          0x000046b0      0x288 C:/Jarboter_V_2_1/Comunicacion/Interface_PC_Controlador/C/mem.o
                                0xb40 (size before relaxing)
 .stab          0x00004938     0x105c C:/Jarboter_V_2_1/Comunicacion/Interface_PC_Controlador/C/messages.o
                               0x18c0 (size before relaxing)
 .stab          0x00005994      0x2d0 C:/Jarboter_V_2_1/Firmware/Configuracion_uC/C/uC_setup.o
                                0x48c (size before relaxing)
 .stab          0x00005c64     0x1068 C:/Jarboter_V_2_1/Firmware/Interface_uC_PMD/C/basicIO.o
                               0x1914 (size before relaxing)
 .stab          0x00006ccc      0xedc C:/Jarboter_V_2_1/Firmware/Interface_uC_PMD/C/PMDsetup.o
                               0x1890 (size before relaxing)
 .stab          0x00007ba8      0x93c C:/Jarboter_V_2_1/Firmware/Interface_uC_PMD/C/PMDtrace.o
                               0x1260 (size before relaxing)
 .stab          0x000084e4     0x2c4c C:/Jarboter_V_2_1/Firmware/Interface_uC_PMD/C/PMDrobotics.o
                               0x3618 (size before relaxing)
 .stab          0x0000b130      0xc3c C:/Jarboter_V_2_1/Firmware/Interface_uC_PMD/C/PMDinfo.o
                               0x15e4 (size before relaxing)
 .stab          0x0000bd6c      0xae0 C:/Jarboter_V_2_1/Firmware/Interface_uC_PMD/C/PMDinterrupt.o
                               0x1440 (size before relaxing)
 .stab          0x0000c84c     0x3df8 C:/Jarboter_V_2_1/Firmware/Interface_uC_PMD/C/c-motion.o
                               0x4674 (size before relaxing)
 .stab          0x00010644      0xa74 C:/Jarboter_V_2_1/Firmware/Interface_uC_PMD/C/PMDpar.o
                               0x1374 (size before relaxing)
 .stab          0x000110b8      0x7a4 C:/Jarboter_V_2_1/Firmware/Interface_uC_PMD/C/PMDtrans.o
                                0xffc (size before relaxing)
 .stab          0x0001185c      0x438 C:/Jarboter_V_2_1/Firmware/Interface_uC_Peripherical/C/uart.o
                                0x63c (size before relaxing)
 .stab          0x00011c94      0x498 C:/Jarboter_V_2_1/Firmware/Interface_uC_Peripherical/C/hd44780.o
                                0x654 (size before relaxing)
 .stab          0x0001212c      0x3c0 C:/Jarboter_V_2_1/Firmware/Interface_uC_Peripherical/C/lcd.o
                                0xc60 (size before relaxing)
 .stab          0x000124ec      0x738 C:/Jarboter_V_2_1/Firmware/Interface_uC_Peripherical/C/tw_interface.o
                               0x102c (size before relaxing)
 .stab          0x00012c24      0x27c C:/Jarboter_V_2_1/Firmware/Interface_uC_Peripherical/C/tw_eeprom.o
                                0xb28 (size before relaxing)
 .stab          0x00012ea0      0x564 C:/Jarboter_V_2_1/Firmware/Interface_uC_Peripherical/C/tw_rtc.o
                                0xe10 (size before relaxing)
 .stab          0x00013404      0x978 C:/Jarboter_V_2_1/Firmware/Interface_uC_Peripherical/C/tw_teach_pendant.o
                               0x1278 (size before relaxing)
 .stab          0x00013d7c      0x7ec C:/Jarboter_V_2_1/Firmware/Efector_Final/C/gripper.o
                               0x1098 (size before relaxing)
 .stab          0x00014568      0xae0 C:/Jarboter_V_2_1/Firmware/Interface_uC_Peripherical/C/debug.o
                               0x13b0 (size before relaxing)

.stabstr        0x00000000     0xe376
 *(.stabstr)
 .stabstr       0x00000000     0xe376 controlador_Jarboter.o

.stab.excl
 *(.stab.excl)

.stab.exclstr
 *(.stab.exclstr)

.stab.index
 *(.stab.index)

.stab.indexstr
 *(.stab.indexstr)

.comment
 *(.comment)

.debug
 *(.debug)

.line
 *(.line)

.debug_srcinfo
 *(.debug_srcinfo)

.debug_sfnames
 *(.debug_sfnames)

.debug_aranges
 *(.debug_aranges)

.debug_pubnames
 *(.debug_pubnames)

.debug_info
 *(.debug_info)
 *(.gnu.linkonce.wi.*)

.debug_abbrev
 *(.debug_abbrev)

.debug_line
 *(.debug_line)

.debug_frame
 *(.debug_frame)

.debug_str
 *(.debug_str)

.debug_loc
 *(.debug_loc)

.debug_macinfo
 *(.debug_macinfo)
OUTPUT(controlador_Jarboter.elf elf32-avr)
LOAD linker stubs

Cross Reference Table

Symbol                                            File
ATENDER_INT_IN                                    controlador_Jarboter.o
ATmegaEEPROM_var                                  C:/Jarboter_V_2_1/Firmware/Interface_uC_Peripherical/C/debug.o
Adicionar_PoseTWI                                 C:/Jarboter_V_2_1/Firmware/Interface_uC_Peripherical/C/tw_teach_pendant.o
                                                  controlador_Jarboter.o
AjustarPosicionActual                             C:/Jarboter_V_2_1/Firmware/Interface_uC_PMD/C/PMDrobotics.o
Axis2AxisMask                                     C:/Jarboter_V_2_1/Comunicacion/Interface_PC_Controlador/C/packetIO.o
                                                  C:/Jarboter_V_2_1/Firmware/Interface_uC_PMD/C/PMDrobotics.o
Axis2PMDAxis                                      C:/Jarboter_V_2_1/Firmware/Interface_uC_PMD/C/PMDpar.o
                                                  C:/Jarboter_V_2_1/Firmware/Interface_uC_PMD/C/PMDtrace.o
                                                  C:/Jarboter_V_2_1/Firmware/Interface_uC_PMD/C/PMDsetup.o
Axis2PMDChipset                                   C:/Jarboter_V_2_1/Firmware/Interface_uC_PMD/C/PMDpar.o
                                                  C:/Jarboter_V_2_1/Firmware/Interface_uC_PMD/C/PMDinfo.o
                                                  C:/Jarboter_V_2_1/Firmware/Interface_uC_PMD/C/PMDsetup.o
AxisName                                          C:/Jarboter_V_2_1/Comunicacion/Interface_PC_Controlador/C/messages.o
                                                  C:/Jarboter_V_2_1/Firmware/Interface_uC_PMD/C/PMDinterrupt.o
                                                  C:/Jarboter_V_2_1/Firmware/Interface_uC_PMD/C/PMDinfo.o
                                                  C:/Jarboter_V_2_1/Firmware/Interface_uC_PMD/C/PMDrobotics.o
                                                  C:/Jarboter_V_2_1/Firmware/Interface_uC_PMD/C/PMDtrace.o
                                                  C:/Jarboter_V_2_1/Comunicacion/Interface_PC_Controlador/C/packetIO.o
                                                  controlador_Jarboter.o
Axissetting2hAxisHandle                           C:/Jarboter_V_2_1/Firmware/Interface_uC_PMD/C/PMDsetup.o
                                                  controlador_Jarboter.o
BUFFERAlarmaTX                                    C:/Jarboter_V_2_1/Comunicacion/Interface_PC_Controlador/C/packetIO.o
BUFFERAxisLimitsTX                                C:/Jarboter_V_2_1/Comunicacion/Interface_PC_Controlador/C/packetIO.o
BUFFERAxisSettingsTX                              C:/Jarboter_V_2_1/Comunicacion/Interface_PC_Controlador/C/packetIO.o
BUFFERCommandTX                                   C:/Jarboter_V_2_1/Comunicacion/Interface_PC_Controlador/C/packetIO.o
BUFFERFechaTX                                     C:/Jarboter_V_2_1/Comunicacion/Interface_PC_Controlador/C/packetIO.o
BUFFERPacketDataTX                                C:/Jarboter_V_2_1/Comunicacion/Interface_PC_Controlador/C/packetIO.o
BUFFERStringTX                                    C:/Jarboter_V_2_1/Comunicacion/Interface_PC_Controlador/C/packetIO.o
BUFFERTraceTX                                     C:/Jarboter_V_2_1/Comunicacion/Interface_PC_Controlador/C/packetIO.o
BUFFERTrajectoryTX                                C:/Jarboter_V_2_1/Comunicacion/Interface_PC_Controlador/C/packetIO.o
BUFFERVectorPoseTX                                C:/Jarboter_V_2_1/Comunicacion/Interface_PC_Controlador/C/packetIO.o
BUFFERunit16TX                                    C:/Jarboter_V_2_1/Comunicacion/Interface_PC_Controlador/C/packetIO.o
BorrarEEPROM                                      C:/Jarboter_V_2_1/Firmware/Interface_uC_Peripherical/C/tw_teach_pendant.o
                                                  controlador_Jarboter.o
BuildCommand                                      C:/Jarboter_V_2_1/Firmware/Interface_uC_PMD/C/PMDtrans.o
Clear_Position_Error                              C:/Jarboter_V_2_1/Firmware/Interface_uC_PMD/C/PMDsetup.o
CommandMsg                                        C:/Jarboter_V_2_1/Comunicacion/Interface_PC_Controlador/C/messages.o
Conf_SR                                           C:/Jarboter_V_2_1/Firmware/Interface_uC_Peripherical/C/tw_rtc.o
Config_BreakPoint                                 C:/Jarboter_V_2_1/Firmware/Interface_uC_PMD/C/PMDsetup.o
Dayname                                           C:/Jarboter_V_2_1/Comunicacion/Interface_PC_Controlador/C/messages.o
                                                  C:/Jarboter_V_2_1/Firmware/Interface_uC_Peripherical/C/debug.o
                                                  controlador_Jarboter.o
DisableVariable                                   C:/Jarboter_V_2_1/Firmware/Interface_uC_PMD/C/PMDtrace.o
DisplayTraceResults                               C:/Jarboter_V_2_1/Firmware/Interface_uC_PMD/C/PMDtrace.o
EEprom_Reconf_Indicator                           C:/Jarboter_V_2_1/Comunicacion/Interface_PC_Controlador/C/robotData.o
                                                  C:/Jarboter_V_2_1/Firmware/Interface_uC_PMD/C/PMDsetup.o
EEprom_axisSettings                               C:/Jarboter_V_2_1/Comunicacion/Interface_PC_Controlador/C/robotData.o
                                                  C:/Jarboter_V_2_1/Firmware/Interface_uC_PMD/C/PMDsetup.o
Enable_Mov                                        C:/Jarboter_V_2_1/Firmware/Interface_uC_PMD/C/PMDrobotics.o
EnvioTrazado2PC                                   C:/Jarboter_V_2_1/Firmware/Interface_uC_PMD/C/PMDtrace.o
                                                  controlador_Jarboter.o
Envio_USB                                         C:/Jarboter_V_2_1/Comunicacion/Interface_PC_Controlador/C/low_usb.o
                                                  C:/Jarboter_V_2_1/Firmware/Interface_uC_PMD/C/PMDtrace.o
                                                  C:/Jarboter_V_2_1/Comunicacion/Interface_PC_Controlador/C/packetIO.o
Esimpar                                           C:/Jarboter_V_2_1/Comunicacion/Interface_PC_Controlador/C/packetIO.o
Estado_gripper                                    C:/Jarboter_V_2_1/Firmware/Efector_Final/C/gripper.o
                                                  controlador_Jarboter.o
FlagTraceok                                       C:/Jarboter_V_2_1/Comunicacion/Interface_PC_Controlador/C/packetIO.o
FlagTrayecPuntook                                 C:/Jarboter_V_2_1/Firmware/Interface_uC_Peripherical/C/tw_teach_pendant.o
FlagTrayectoryok                                  C:/Jarboter_V_2_1/Comunicacion/Interface_PC_Controlador/C/packetIO.o
FlagrxVectorok                                    C:/Jarboter_V_2_1/Comunicacion/Interface_PC_Controlador/C/packetIO.o
                                                  C:/Jarboter_V_2_1/Firmware/Interface_uC_Peripherical/C/tw_teach_pendant.o
                                                  C:/Jarboter_V_2_1/Firmware/Interface_uC_Peripherical/C/tw_rtc.o
Found_Id                                          C:/Jarboter_V_2_1/Firmware/Interface_uC_Peripherical/C/tw_teach_pendant.o
GetAxissetting                                    C:/Jarboter_V_2_1/Firmware/Interface_uC_PMD/C/PMDsetup.o
                                                  controlador_Jarboter.o
GetBufferFlag                                     controlador_Jarboter.o
Get_Num_Poses                                     C:/Jarboter_V_2_1/Firmware/Interface_uC_Peripherical/C/tw_teach_pendant.o
                                                  C:/Jarboter_V_2_1/Firmware/Interface_uC_Peripherical/C/debug.o
GripperActual                                     controlador_Jarboter.o
HomePitch_process_active                          C:/Jarboter_V_2_1/Firmware/Interface_uC_PMD/C/PMDrobotics.o
HomeRoll_process_active                           C:/Jarboter_V_2_1/Firmware/Interface_uC_PMD/C/PMDrobotics.o
HostInterruptDisable                              C:/Jarboter_V_2_1/Firmware/Interface_uC_PMD/C/PMDinterrupt.o
                                                  C:/Jarboter_V_2_1/Firmware/Interface_uC_PMD/C/PMDrobotics.o
HostInterruptEnable                               C:/Jarboter_V_2_1/Firmware/Interface_uC_PMD/C/PMDinterrupt.o
                                                  C:/Jarboter_V_2_1/Firmware/Interface_uC_PMD/C/PMDrobotics.o
                                                  controlador_Jarboter.o
Init_EXRAM                                        controlador_Jarboter.o
InstructionErrorhandling                          C:/Jarboter_V_2_1/Firmware/Interface_uC_PMD/C/PMDinterrupt.o
InterruptHandling_chipset1                        C:/Jarboter_V_2_1/Firmware/Interface_uC_PMD/C/PMDinterrupt.o
                                                  controlador_Jarboter.o
InterruptHandling_chipset2                        C:/Jarboter_V_2_1/Firmware/Interface_uC_PMD/C/PMDinterrupt.o
                                                  controlador_Jarboter.o
Led_off                                           C:/Jarboter_V_2_1/Firmware/Interface_uC_Peripherical/C/debug.o
                                                  controlador_Jarboter.o
Led_on                                            C:/Jarboter_V_2_1/Firmware/Interface_uC_Peripherical/C/debug.o
                                                  C:/Jarboter_V_2_1/Firmware/Interface_uC_PMD/C/PMDpar.o
                                                  C:/Jarboter_V_2_1/Firmware/Interface_uC_PMD/C/PMDinterrupt.o
                                                  C:/Jarboter_V_2_1/Firmware/Interface_uC_PMD/C/PMDsetup.o
                                                  controlador_Jarboter.o
Leer_PoseTWI                                      C:/Jarboter_V_2_1/Firmware/Interface_uC_Peripherical/C/tw_teach_pendant.o
                                                  controlador_Jarboter.o
Leo_USB                                           C:/Jarboter_V_2_1/Comunicacion/Interface_PC_Controlador/C/low_usb.o
                                                  C:/Jarboter_V_2_1/Comunicacion/Interface_PC_Controlador/C/packetIO.o
Memoryconfig                                      C:/Jarboter_V_2_1/Firmware/Interface_uC_PMD/C/PMDtrace.o