BL51 BANKED LINKER/LOCATER V4.03                                                        08/20/2011  17:01:19  PAGE 1


BL51 BANKED LINKER/LOCATER V4.03, INVOKED BY:
C:\KEIL\C51\BIN\BL51.EXE .\USBtrans.obj, .\gpif.obj, .\dscr.obj, .\fw.obj, ..\..\Comunicacion\USB_Firmware\lib\Ezusb.lib
>> , ..\..\Comunicacion\USB_Firmware\lib\USBJmpTb.OBJ TO USBtrans PRINT (.\Lst\USBtrans.m51) RAMSIZE (256) CODE (0X0080)
>>  XDATA (0X1000)


MEMORY MODEL: SMALL


INPUT MODULES INCLUDED:
  .\USBtrans.obj (USBTRANS)
  .\gpif.obj (GPIF)
  .\dscr.obj (DSCR)
  .\fw.obj (FW)
  ..\..\Comunicacion\USB_Firmware\lib\Ezusb.lib (RESUME)
  ..\..\Comunicacion\USB_Firmware\lib\Ezusb.lib (SUSP)
  ..\..\Comunicacion\USB_Firmware\lib\Ezusb.lib (DISCON)
  ..\..\Comunicacion\USB_Firmware\lib\Ezusb.lib (DELAY)
  ..\..\Comunicacion\USB_Firmware\lib\Ezusb.lib (EZREGS)
  ..\..\Comunicacion\USB_Firmware\lib\Ezusb.lib (GET_STRD)
  ..\..\Comunicacion\USB_Firmware\lib\Ezusb.lib (DELAY1MS)
  ..\..\Comunicacion\USB_Firmware\lib\USBJmpTb.OBJ (USBJMPTBL)
  C:\KEIL\C51\LIB\C51S.LIB (?C_STARTUP)
  C:\KEIL\C51\LIB\C51S.LIB (?C?ULCMP)
  C:\KEIL\C51\LIB\C51S.LIB (?C?CCASE)
  C:\KEIL\C51\LIB\C51S.LIB (?C_INIT)


LINK MAP OF MODULE:  USBtrans (USBTRANS)


            TYPE    BASE      LENGTH    RELOCATION   SEGMENT NAME
            -----------------------------------------------------

            * * * * * * *   D A T A   M E M O R Y   * * * * * * *
            REG     0000H     0008H     ABSOLUTE     "REG BANK 0"
            DATA    0008H     0012H     UNIT         _DATA_GROUP_
                    001AH     0006H                  *** GAP ***
            BIT     0020H.0   0000H.5   UNIT         ?BI?USBTRANS
            BIT     0020H.5   0000H.4   UNIT         ?BI?FW
            BIT     0021H.1   0000H.1   UNIT         _BIT_GROUP_
                    0021H.2   0000H.6                *** GAP ***
            DATA    0022H     000EH     UNIT         ?DT?FW
            DATA    0030H     0008H     UNIT         ?DT?USBTRANS
            IDATA   0038H     0001H     UNIT         ?STACK

            * * * * * * *  X D A T A   M E M O R Y  * * * * * * *
                    0000H     1000H                  *** GAP ***
            XDATA   1000H     0087H     UNIT         ?XD?GPIF
            XDATA   1087H     0002H     UNIT         ?XD?USBTRANS
                    1089H     D377H                  *** GAP ***
            XDATA   E400H     0001H     ABSOLUTE     
                    E401H     007FH                  *** GAP ***
            XDATA   E480H     0001H     ABSOLUTE     
                    E481H     017FH                  *** GAP ***
            XDATA   E600H     0001H     ABSOLUTE     
            XDATA   E601H     0001H     ABSOLUTE     
            XDATA   E602H     0001H     ABSOLUTE     
BL51 BANKED LINKER/LOCATER V4.03                                                      08/20/2011  17:01:19  PAGE 2


            XDATA   E603H     0001H     ABSOLUTE     
            XDATA   E604H     0001H     ABSOLUTE     
            XDATA   E605H     0001H     ABSOLUTE     
            XDATA   E606H     0001H     ABSOLUTE     
            XDATA   E607H     0001H     ABSOLUTE     
            XDATA   E608H     0001H     ABSOLUTE     
            XDATA   E609H     0001H     ABSOLUTE     
            XDATA   E60AH     0001H     ABSOLUTE     
            XDATA   E60BH     0001H     ABSOLUTE     
            XDATA   E60CH     0001H     ABSOLUTE     
                    E60DH     0003H                  *** GAP ***
            XDATA   E610H     0001H     ABSOLUTE     
            XDATA   E611H     0001H     ABSOLUTE     
            XDATA   E612H     0001H     ABSOLUTE     
            XDATA   E613H     0001H     ABSOLUTE     
            XDATA   E614H     0001H     ABSOLUTE     
            XDATA   E615H     0001H     ABSOLUTE     
                    E616H     0002H                  *** GAP ***
            XDATA   E618H     0001H     ABSOLUTE     
            XDATA   E619H     0001H     ABSOLUTE     
            XDATA   E61AH     0001H     ABSOLUTE     
            XDATA   E61BH     0001H     ABSOLUTE     
                    E61CH     0004H                  *** GAP ***
            XDATA   E620H     0001H     ABSOLUTE     
            XDATA   E621H     0001H     ABSOLUTE     
            XDATA   E622H     0001H     ABSOLUTE     
            XDATA   E623H     0001H     ABSOLUTE     
            XDATA   E624H     0001H     ABSOLUTE     
            XDATA   E625H     0001H     ABSOLUTE     
            XDATA   E626H     0001H     ABSOLUTE     
            XDATA   E627H     0001H     ABSOLUTE     
                    E628H     0008H                  *** GAP ***
            XDATA   E630H     0001H     ABSOLUTE     
            XDATA   E631H     0001H     ABSOLUTE     
            XDATA   E632H     0001H     ABSOLUTE     
            XDATA   E633H     0001H     ABSOLUTE     
            XDATA   E634H     0001H     ABSOLUTE     
            XDATA   E635H     0001H     ABSOLUTE     
            XDATA   E636H     0001H     ABSOLUTE     
            XDATA   E637H     0001H     ABSOLUTE     
                    E638H     0008H                  *** GAP ***
            XDATA   E640H     0001H     ABSOLUTE     
            XDATA   E641H     0001H     ABSOLUTE     
            XDATA   E642H     0001H     ABSOLUTE     
            XDATA   E643H     0001H     ABSOLUTE     
                    E644H     0004H                  *** GAP ***
            XDATA   E648H     0001H     ABSOLUTE     
            XDATA   E649H     0001H     ABSOLUTE     
                    E64AH     0006H                  *** GAP ***
            XDATA   E650H     0001H     ABSOLUTE     
            XDATA   E651H     0001H     ABSOLUTE     
            XDATA   E652H     0001H     ABSOLUTE     
            XDATA   E653H     0001H     ABSOLUTE     
            XDATA   E654H     0001H     ABSOLUTE     
            XDATA   E655H     0001H     ABSOLUTE     
            XDATA   E656H     0001H     ABSOLUTE     
            XDATA   E657H     0001H     ABSOLUTE     
BL51 BANKED LINKER/LOCATER V4.03                                                      08/20/2011  17:01:19  PAGE 3


            XDATA   E658H     0001H     ABSOLUTE     
            XDATA   E659H     0001H     ABSOLUTE     
            XDATA   E65AH     0001H     ABSOLUTE     
            XDATA   E65BH     0001H     ABSOLUTE     
            XDATA   E65CH     0001H     ABSOLUTE     
            XDATA   E65DH     0001H     ABSOLUTE     
            XDATA   E65EH     0001H     ABSOLUTE     
            XDATA   E65FH     0001H     ABSOLUTE     
            XDATA   E660H     0001H     ABSOLUTE     
            XDATA   E661H     0001H     ABSOLUTE     
            XDATA   E662H     0001H     ABSOLUTE     
            XDATA   E663H     0001H     ABSOLUTE     
            XDATA   E664H     0001H     ABSOLUTE     
            XDATA   E665H     0001H     ABSOLUTE     
            XDATA   E666H     0001H     ABSOLUTE     
            XDATA   E667H     0001H     ABSOLUTE     
            XDATA   E668H     0001H     ABSOLUTE     
                    E669H     0007H                  *** GAP ***
            XDATA   E670H     0001H     ABSOLUTE     
            XDATA   E671H     0001H     ABSOLUTE     
            XDATA   E672H     0001H     ABSOLUTE     
                    E673H     0005H                  *** GAP ***
            XDATA   E678H     0001H     ABSOLUTE     
            XDATA   E679H     0001H     ABSOLUTE     
            XDATA   E67AH     0001H     ABSOLUTE     
            XDATA   E67BH     0001H     ABSOLUTE     
            XDATA   E67CH     0001H     ABSOLUTE     
            XDATA   E67DH     0001H     ABSOLUTE     
            XDATA   E67EH     0001H     ABSOLUTE     
            XDATA   E67FH     0001H     ABSOLUTE     
            XDATA   E680H     0001H     ABSOLUTE     
            XDATA   E681H     0001H     ABSOLUTE     
            XDATA   E682H     0001H     ABSOLUTE     
            XDATA   E683H     0001H     ABSOLUTE     
            XDATA   E684H     0001H     ABSOLUTE     
            XDATA   E685H     0001H     ABSOLUTE     
            XDATA   E686H     0001H     ABSOLUTE     
            XDATA   E687H     0001H     ABSOLUTE     
                    E688H     0002H                  *** GAP ***
            XDATA   E68AH     0001H     ABSOLUTE     
            XDATA   E68BH     0001H     ABSOLUTE     
                    E68CH     0001H                  *** GAP ***
            XDATA   E68DH     0001H     ABSOLUTE     
                    E68EH     0001H                  *** GAP ***
            XDATA   E68FH     0001H     ABSOLUTE     
            XDATA   E690H     0001H     ABSOLUTE     
            XDATA   E691H     0001H     ABSOLUTE     
                    E692H     0002H                  *** GAP ***
            XDATA   E694H     0001H     ABSOLUTE     
            XDATA   E695H     0001H     ABSOLUTE     
                    E696H     0002H                  *** GAP ***
            XDATA   E698H     0001H     ABSOLUTE     
            XDATA   E699H     0001H     ABSOLUTE     
                    E69AH     0002H                  *** GAP ***
            XDATA   E69CH     0001H     ABSOLUTE     
            XDATA   E69DH     0001H     ABSOLUTE     
                    E69EH     0002H                  *** GAP ***
BL51 BANKED LINKER/LOCATER V4.03                                                      08/20/2011  17:01:19  PAGE 4


            XDATA   E6A0H     0001H     ABSOLUTE     
            XDATA   E6A1H     0001H     ABSOLUTE     
            XDATA   E6A2H     0001H     ABSOLUTE     
            XDATA   E6A3H     0001H     ABSOLUTE     
            XDATA   E6A4H     0001H     ABSOLUTE     
            XDATA   E6A5H     0001H     ABSOLUTE     
            XDATA   E6A6H     0001H     ABSOLUTE     
            XDATA   E6A7H     0001H     ABSOLUTE     
            XDATA   E6A8H     0001H     ABSOLUTE     
            XDATA   E6A9H     0001H     ABSOLUTE     
            XDATA   E6AAH     0001H     ABSOLUTE     
            XDATA   E6ABH     0001H     ABSOLUTE     
            XDATA   E6ACH     0001H     ABSOLUTE     
            XDATA   E6ADH     0001H     ABSOLUTE     
            XDATA   E6AEH     0001H     ABSOLUTE     
            XDATA   E6AFH     0001H     ABSOLUTE     
            XDATA   E6B0H     0001H     ABSOLUTE     
            XDATA   E6B1H     0001H     ABSOLUTE     
            XDATA   E6B2H     0001H     ABSOLUTE     
            XDATA   E6B3H     0001H     ABSOLUTE     
            XDATA   E6B4H     0001H     ABSOLUTE     
            XDATA   E6B5H     0001H     ABSOLUTE     
                    E6B6H     0002H                  *** GAP ***
            XDATA   E6B8H     0008H     ABSOLUTE     
            XDATA   E6C0H     0001H     ABSOLUTE     
            XDATA   E6C1H     0001H     ABSOLUTE     
            XDATA   E6C2H     0001H     ABSOLUTE     
            XDATA   E6C3H     0001H     ABSOLUTE     
            XDATA   E6C4H     0001H     ABSOLUTE     
            XDATA   E6C5H     0001H     ABSOLUTE     
            XDATA   E6C6H     0001H     ABSOLUTE     
            XDATA   E6C7H     0001H     ABSOLUTE     
            XDATA   E6C8H     0001H     ABSOLUTE     
            XDATA   E6C9H     0001H     ABSOLUTE     
            XDATA   E6CAH     0001H     ABSOLUTE     
            XDATA   E6CBH     0001H     ABSOLUTE     
            XDATA   E6CCH     0001H     ABSOLUTE     
            XDATA   E6CDH     0001H     ABSOLUTE     
            XDATA   E6CEH     0001H     ABSOLUTE     
            XDATA   E6CFH     0001H     ABSOLUTE     
            XDATA   E6D0H     0001H     ABSOLUTE     
            XDATA   E6D1H     0001H     ABSOLUTE     
            XDATA   E6D2H     0001H     ABSOLUTE     
            XDATA   E6D3H     0001H     ABSOLUTE     
            XDATA   E6D4H     0001H     ABSOLUTE     
                    E6D5H     0005H                  *** GAP ***
            XDATA   E6DAH     0001H     ABSOLUTE     
            XDATA   E6DBH     0001H     ABSOLUTE     
            XDATA   E6DCH     0001H     ABSOLUTE     
                    E6DDH     0005H                  *** GAP ***
            XDATA   E6E2H     0001H     ABSOLUTE     
            XDATA   E6E3H     0001H     ABSOLUTE     
            XDATA   E6E4H     0001H     ABSOLUTE     
                    E6E5H     0005H                  *** GAP ***
            XDATA   E6EAH     0001H     ABSOLUTE     
            XDATA   E6EBH     0001H     ABSOLUTE     
            XDATA   E6ECH     0001H     ABSOLUTE     
BL51 BANKED LINKER/LOCATER V4.03                                                      08/20/2011  17:01:19  PAGE 5


                    E6EDH     0003H                  *** GAP ***
            XDATA   E6F0H     0001H     ABSOLUTE     
            XDATA   E6F1H     0001H     ABSOLUTE     
            XDATA   E6F2H     0001H     ABSOLUTE     
            XDATA   E6F3H     0001H     ABSOLUTE     
            XDATA   E6F4H     0001H     ABSOLUTE     
            XDATA   E6F5H     0001H     ABSOLUTE     
                    E6F6H     0002H                  *** GAP ***
            XDATA   E6F8H     0001H     ABSOLUTE     
            XDATA   E6F9H     0001H     ABSOLUTE     
            XDATA   E6FAH     0001H     ABSOLUTE     
            XDATA   E6FBH     0001H     ABSOLUTE     
            XDATA   E6FCH     0001H     ABSOLUTE     
            XDATA   E6FDH     0001H     ABSOLUTE     
            XDATA   E6FEH     0001H     ABSOLUTE     
                    E6FFH     0041H                  *** GAP ***
            XDATA   E740H     0040H     ABSOLUTE     
            XDATA   E780H     0040H     ABSOLUTE     
            XDATA   E7C0H     0040H     ABSOLUTE     
                    E800H     0800H                  *** GAP ***
            XDATA   F000H     0400H     ABSOLUTE     
            XDATA   F400H     0400H     ABSOLUTE     
            XDATA   F800H     0400H     ABSOLUTE     
            XDATA   FC00H     0400H     ABSOLUTE     

            * * * * * * *   C O D E   M E M O R Y   * * * * * * *
            CODE    0000H     0003H     ABSOLUTE     
                    0003H     0030H                  *** GAP ***
            CODE    0033H     0003H     ABSOLUTE     
                    0036H     000DH                  *** GAP ***
            CODE    0043H     0003H     ABSOLUTE     
                    0046H     000DH                  *** GAP ***
            CODE    0053H     0003H     ABSOLUTE     
                    0056H     002AH                  *** GAP ***
            CODE    0080H     0008H     UNIT         ?PR?DR_SETCONFIGURATION?USBTRANS
            CODE    0088H     0008H     UNIT         ?PR?DR_SETINTERFACE?USBTRANS
            CODE    0090H     009EH     ABSOLUTE     
            CODE    012EH     0213H     UNIT         ?PR?DR_VENDORCMND?USBTRANS
            CODE    0341H     01CAH     UNIT         ?PR?MAIN?FW
            CODE    050BH     01B7H     UNIT         ?PR?SETUPCOMMAND?FW
            CODE    06C2H     011BH     UNIT         ?PR?TD_POLL?USBTRANS
            CODE    07DDH     00C4H     UNIT         ?PR?GPIFINIT?GPIF
            CODE    08A1H     0046H     UNIT         ?PR?_EZUSB_DELAY?DELAY
            CODE    08E7H     0018H     UNIT         ?PR?ISR_SUDAV?USBTRANS
            CODE    08FFH     0001H     UNIT         ?PR?ISR_EP0ACK?USBTRANS
            CODE    0900H     00B8H     PAGE         ?PR?USB_JUMP_TABLE?USBJT
            CODE    09B8H     00A9H     UNIT         ?PR?TD_INIT?USBTRANS
            CODE    0A61H     00A6H     UNIT         ?C_INITSEG
            CODE    0B07H     008CH     UNIT         ?C_C51STARTUP
            CODE    0B93H     0037H     UNIT         ?PR?ISR_URES?USBTRANS
            CODE    0BCAH     0037H     UNIT         ?PR?ISR_HIGHSPEED?USBTRANS
            CODE    0C01H     0037H     UNIT         ?C?LIB_CODE
            CODE    0C38H     002FH     UNIT         ?PR?EZUSB_DISCON?DISCON
            CODE    0C67H     002CH     UNIT         ?PR?EZUSB_RESUME?RESUME
            CODE    0C93H     002CH     UNIT         ?PR?_EZUSB_GETSTRINGDSCR?GET_STRD
            CODE    0CBFH     0025H     UNIT         EZUSB
            CODE    0CE4H     0018H     UNIT         ?PR?ISR_SUSP?USBTRANS
BL51 BANKED LINKER/LOCATER V4.03                                                      08/20/2011  17:01:19  PAGE 6


            CODE    0CFCH     0016H     UNIT         ?PR?ISR_SUTOK?USBTRANS
            CODE    0D12H     0016H     UNIT         ?PR?ISR_SOF?USBTRANS
            CODE    0D28H     0012H     UNIT         ?PR?DR_GETCONFIGURATION?USBTRANS
            CODE    0D3AH     0012H     UNIT         ?PR?DR_GETINTERFACE?USBTRANS
            CODE    0D4CH     0004H     UNIT         ?PR?RESUME_ISR?FW
            CODE    0D50H     0002H     UNIT         ?PR?TD_SUSPEND?USBTRANS
            CODE    0D52H     0002H     UNIT         ?PR?TD_RESUME?USBTRANS
            CODE    0D54H     0002H     UNIT         ?PR?DR_GETDESCRIPTOR?USBTRANS
            CODE    0D56H     0002H     UNIT         ?PR?DR_GETSTATUS?USBTRANS
            CODE    0D58H     0002H     UNIT         ?PR?DR_CLEARFEATURE?USBTRANS
            CODE    0D5AH     0002H     UNIT         ?PR?DR_SETFEATURE?USBTRANS
            CODE    0D5CH     0001H     UNIT         ?PR?ISR_STUB?USBTRANS
            CODE    0D5DH     0001H     UNIT         ?PR?ISR_EP0IN?USBTRANS
            CODE    0D5EH     0001H     UNIT         ?PR?ISR_EP0OUT?USBTRANS
            CODE    0D5FH     0001H     UNIT         ?PR?ISR_EP1IN?USBTRANS
            CODE    0D60H     0001H     UNIT         ?PR?ISR_EP1OUT?USBTRANS
            CODE    0D61H     0001H     UNIT         ?PR?ISR_EP2INOUT?USBTRANS
            CODE    0D62H     0001H     UNIT         ?PR?ISR_EP4INOUT?USBTRANS
            CODE    0D63H     0001H     UNIT         ?PR?ISR_EP6INOUT?USBTRANS
            CODE    0D64H     0001H     UNIT         ?PR?ISR_EP8INOUT?USBTRANS
            CODE    0D65H     0001H     UNIT         ?PR?ISR_IBN?USBTRANS
            CODE    0D66H     0001H     UNIT         ?PR?ISR_EP0PINGNAK?USBTRANS
            CODE    0D67H     0001H     UNIT         ?PR?ISR_EP1PINGNAK?USBTRANS
            CODE    0D68H     0001H     UNIT         ?PR?ISR_EP2PINGNAK?USBTRANS
            CODE    0D69H     0001H     UNIT         ?PR?ISR_EP4PINGNAK?USBTRANS
            CODE    0D6AH     0001H     UNIT         ?PR?ISR_EP6PINGNAK?USBTRANS
            CODE    0D6BH     0001H     UNIT         ?PR?ISR_EP8PINGNAK?USBTRANS
            CODE    0D6CH     0001H     UNIT         ?PR?ISR_ERRORLIMIT?USBTRANS
            CODE    0D6DH     0001H     UNIT         ?PR?ISR_EP2PIDERROR?USBTRANS
            CODE    0D6EH     0001H     UNIT         ?PR?ISR_EP4PIDERROR?USBTRANS
            CODE    0D6FH     0001H     UNIT         ?PR?ISR_EP6PIDERROR?USBTRANS
            CODE    0D70H     0001H     UNIT         ?PR?ISR_EP8PIDERROR?USBTRANS
            CODE    0D71H     0001H     UNIT         ?PR?ISR_EP2PFLAG?USBTRANS
            CODE    0D72H     0001H     UNIT         ?PR?ISR_EP4PFLAG?USBTRANS
            CODE    0D73H     0001H     UNIT         ?PR?ISR_EP6PFLAG?USBTRANS
            CODE    0D74H     0001H     UNIT         ?PR?ISR_EP8PFLAG?USBTRANS
            CODE    0D75H     0001H     UNIT         ?PR?ISR_EP2EFLAG?USBTRANS
            CODE    0D76H     0001H     UNIT         ?PR?ISR_EP4EFLAG?USBTRANS
            CODE    0D77H     0001H     UNIT         ?PR?ISR_EP6EFLAG?USBTRANS
            CODE    0D78H     0001H     UNIT         ?PR?ISR_EP8EFLAG?USBTRANS
            CODE    0D79H     0001H     UNIT         ?PR?ISR_EP2FFLAG?USBTRANS
            CODE    0D7AH     0001H     UNIT         ?PR?ISR_EP4FFLAG?USBTRANS
            CODE    0D7BH     0001H     UNIT         ?PR?ISR_EP6FFLAG?USBTRANS
            CODE    0D7CH     0001H     UNIT         ?PR?ISR_EP8FFLAG?USBTRANS
            CODE    0D7DH     0001H     UNIT         ?PR?ISR_GPIFCOMPLETE?USBTRANS
            CODE    0D7EH     0001H     UNIT         ?PR?ISR_GPIFWAVEFORM?USBTRANS



OVERLAY MAP OF MODULE:   USBtrans (USBTRANS)


SEGMENT                                      BIT_GROUP          DATA_GROUP 
  +--> CALLED SEGMENT                     START    LENGTH     START    LENGTH
-----------------------------------------------------------------------------
?PR?USB_JUMP_TABLE?USBJT                  -----    -----      -----    -----
  +--> ?PR?ISR_SUDAV?USBTRANS
BL51 BANKED LINKER/LOCATER V4.03                                                      08/20/2011  17:01:19  PAGE 7


  +--> ?PR?ISR_SOF?USBTRANS
  +--> ?PR?ISR_SUTOK?USBTRANS
  +--> ?PR?ISR_SUSP?USBTRANS
  +--> ?PR?ISR_URES?USBTRANS
  +--> ?PR?ISR_HIGHSPEED?USBTRANS
  +--> ?PR?ISR_EP0ACK?USBTRANS
  +--> ?PR?ISR_STUB?USBTRANS
  +--> ?PR?ISR_EP0IN?USBTRANS
  +--> ?PR?ISR_EP0OUT?USBTRANS
  +--> ?PR?ISR_EP1IN?USBTRANS
  +--> ?PR?ISR_EP1OUT?USBTRANS
  +--> ?PR?ISR_EP2INOUT?USBTRANS
  +--> ?PR?ISR_EP4INOUT?USBTRANS
  +--> ?PR?ISR_EP6INOUT?USBTRANS
  +--> ?PR?ISR_EP8INOUT?USBTRANS
  +--> ?PR?ISR_IBN?USBTRANS
  +--> ?PR?ISR_EP0PINGNAK?USBTRANS
  +--> ?PR?ISR_EP1PINGNAK?USBTRANS
  +--> ?PR?ISR_EP2PINGNAK?USBTRANS
  +--> ?PR?ISR_EP4PINGNAK?USBTRANS
  +--> ?PR?ISR_EP6PINGNAK?USBTRANS
  +--> ?PR?ISR_EP8PINGNAK?USBTRANS
  +--> ?PR?ISR_ERRORLIMIT?USBTRANS
  +--> ?PR?ISR_EP2PIDERROR?USBTRANS
  +--> ?PR?ISR_EP4PIDERROR?USBTRANS
  +--> ?PR?ISR_EP6PIDERROR?USBTRANS
  +--> ?PR?ISR_EP8PIDERROR?USBTRANS
  +--> ?PR?ISR_EP2PFLAG?USBTRANS
  +--> ?PR?ISR_EP4PFLAG?USBTRANS
  +--> ?PR?ISR_EP6PFLAG?USBTRANS
  +--> ?PR?ISR_EP8PFLAG?USBTRANS
  +--> ?PR?ISR_EP2EFLAG?USBTRANS
  +--> ?PR?ISR_EP4EFLAG?USBTRANS
  +--> ?PR?ISR_EP6EFLAG?USBTRANS
  +--> ?PR?ISR_EP8EFLAG?USBTRANS
  +--> ?PR?ISR_EP2FFLAG?USBTRANS
  +--> ?PR?ISR_EP4FFLAG?USBTRANS
  +--> ?PR?ISR_EP6FFLAG?USBTRANS
  +--> ?PR?ISR_EP8FFLAG?USBTRANS
  +--> ?PR?ISR_GPIFCOMPLETE?USBTRANS
  +--> ?PR?ISR_GPIFWAVEFORM?USBTRANS

*** NEW ROOT ***************************************************

?C_C51STARTUP                             -----    -----      -----    -----
  +--> ?PR?MAIN?FW
  +--> ?C_INITSEG

?PR?MAIN?FW                               -----    -----      0008H    0010H
  +--> ?PR?TD_INIT?USBTRANS
  +--> ?PR?EZUSB_DISCON?DISCON
  +--> ?PR?SETUPCOMMAND?FW
  +--> ?PR?TD_SUSPEND?USBTRANS
  +--> ?PR?EZUSB_RESUME?RESUME
  +--> ?PR?TD_RESUME?USBTRANS
  +--> ?PR?TD_POLL?USBTRANS

BL51 BANKED LINKER/LOCATER V4.03                                                      08/20/2011  17:01:19  PAGE 8


?PR?TD_INIT?USBTRANS                      -----    -----      -----    -----
  +--> ?PR?GPIFINIT?GPIF

?PR?EZUSB_DISCON?DISCON                   0021H.1  0000H.1    -----    -----
  +--> ?PR?_EZUSB_DELAY?DELAY

?PR?_EZUSB_DELAY?DELAY                    -----    -----      0018H    0002H

?PR?SETUPCOMMAND?FW                       -----    -----      -----    -----
  +--> ?PR?DR_GETDESCRIPTOR?USBTRANS
  +--> ?PR?_EZUSB_GETSTRINGDSCR?GET_STRD
  +--> ?PR?DR_GETINTERFACE?USBTRANS
  +--> ?PR?DR_SETINTERFACE?USBTRANS
  +--> ?PR?DR_SETCONFIGURATION?USBTRANS
  +--> ?PR?DR_GETCONFIGURATION?USBTRANS
  +--> ?PR?DR_GETSTATUS?USBTRANS
  +--> ?PR?DR_CLEARFEATURE?USBTRANS
  +--> ?PR?DR_SETFEATURE?USBTRANS
  +--> ?PR?DR_VENDORCMND?USBTRANS

?PR?DR_VENDORCMND?USBTRANS                -----    -----      -----    -----
  +--> ?PR?_EZUSB_DELAY?DELAY

?PR?EZUSB_RESUME?RESUME                   -----    -----      -----    -----
  +--> ?PR?_EZUSB_DELAY?DELAY

?PR?TD_POLL?USBTRANS                      -----    -----      -----    -----
  +--> ?PR?_EZUSB_DELAY?DELAY



SYMBOL TABLE OF MODULE:  USBtrans (USBTRANS)

  VALUE           TYPE          NAME
  ----------------------------------

  -------         MODULE        USBTRANS
  C:0000H         SYMBOL        _ICE_DUMMY_
  C:0D6CH         PUBLIC        ISR_Errorlimit
  B:00C0H.3       PUBLIC        TB81
  B:00C0H.7       PUBLIC        SM01
  B:00C0H.6       PUBLIC        SM11
  B:00E8H.1       PUBLIC        EI2C
  B:00D0H.6       PUBLIC        AC
  B:00C0H.5       PUBLIC        SM21
  B:0080H.0       PUBLIC        RESET
  B:00A8H.7       PUBLIC        EA
  C:0080H         PUBLIC        DR_SetConfiguration
  D:0034H         PUBLIC        AlternateSetting
  B:00B0H.0       PUBLIC        APTR1FZ
  B:00B0H.1       PUBLIC        APTR2FZ
  C:0D5DH         PUBLIC        ISR_Ep0in
  C:0D5FH         PUBLIC        ISR_Ep1in
  C:09B8H         PUBLIC        TD_Init
  B:00F8H.1       PUBLIC        PI2C
  C:0D5EH         PUBLIC        ISR_Ep0out
  C:0D60H         PUBLIC        ISR_Ep1out
BL51 BANKED LINKER/LOCATER V4.03                                                      08/20/2011  17:01:19  PAGE 9


  C:06C2H         PUBLIC        TD_Poll
  B:00D0H.1       PUBLIC        FL
  B:00C8H.6       PUBLIC        EXF2
  C:0D7DH         PUBLIC        ISR_GpifComplete
  B:00C0H.4       PUBLIC        REN1
  B:0098H.0       PUBLIC        RI
  B:00D0H.7       PUBLIC        CY
  B:0098H.1       PUBLIC        TI
  C:0D56H         PUBLIC        DR_GetStatus
  B:00D8H.3       PUBLIC        INT6
  C:0D66H         PUBLIC        ISR_Ep0pingnak
  C:0D67H         PUBLIC        ISR_Ep1pingnak
  C:0D7EH         PUBLIC        ISR_GpifWaveform
  C:0D6DH         PUBLIC        ISR_Ep2piderror
  C:0D68H         PUBLIC        ISR_Ep2pingnak
  B:00D0H.2       PUBLIC        OV
  C:0D6EH         PUBLIC        ISR_Ep4piderror
  C:0D69H         PUBLIC        ISR_Ep4pingnak
  C:0D6FH         PUBLIC        ISR_Ep6piderror
  C:0D6AH         PUBLIC        ISR_Ep6pingnak
  B:00C8H.1       PUBLIC        C_T2
  D:00AAH         PUBLIC        EP2468STAT
  C:0D70H         PUBLIC        ISR_Ep8piderror
  C:0D6BH         PUBLIC        ISR_Ep8pingnak
  B:00C8H.5       PUBLIC        RCLK
  D:0091H         PUBLIC        EXIF
  B:0020H.0       SYMBOL        enum_high_speed
  B:00C8H.4       PUBLIC        TCLK
  C:0D3AH         PUBLIC        DR_GetInterface
  B:00E8H.0       PUBLIC        EUSB
  B:0020H.1       PUBLIC        Mod_TCIN
  C:0D58H         PUBLIC        DR_ClearFeature
  B:00D8H.4       PUBLIC        RESI
  B:0080H.2       PUBLIC        INT_USB
  D:0035H         SYMBOL        temp
  C:0D75H         PUBLIC        ISR_Ep2eflag
  B:00A8H.7       PUBLIC        EXTACC
  C:0D79H         PUBLIC        ISR_Ep2fflag
  B:00F8H.0       PUBLIC        PUSB
  C:0D76H         PUBLIC        ISR_Ep4eflag
  C:0088H         PUBLIC        DR_SetInterface
  C:0D7AH         PUBLIC        ISR_Ep4fflag
  C:0D77H         PUBLIC        ISR_Ep6eflag
  B:0088H.1       PUBLIC        IE0
  C:0D7BH         PUBLIC        ISR_Ep6fflag
  C:0D54H         PUBLIC        DR_GetDescriptor
  B:0088H.3       PUBLIC        IE1
  C:0D78H         PUBLIC        ISR_Ep8eflag
  B:0020H.2       SYMBOL        INT_FLAGin
  C:0D7CH         PUBLIC        ISR_Ep8fflag
  B:0020H.3       SYMBOL        INT_FLAGout
  B:00C8H.0       PUBLIC        CP_RL2
  C:0D71H         PUBLIC        ISR_Ep2pflag
  C:0D72H         PUBLIC        ISR_Ep4pflag
  B:00A8H.4       PUBLIC        ES0
  C:0D73H         PUBLIC        ISR_Ep6pflag
  B:00A8H.6       PUBLIC        ES1
BL51 BANKED LINKER/LOCATER V4.03                                                      08/20/2011  17:01:19  PAGE 10


  B:00A8H.1       PUBLIC        ET0
  B:00A8H.3       PUBLIC        ET1
  B:0088H.5       PUBLIC        TF0
  C:0D74H         PUBLIC        ISR_Ep8pflag
  B:00A8H.5       PUBLIC        ET2
  B:0088H.7       PUBLIC        TF1
  B:00C8H.7       PUBLIC        TF2
  B:00C0H.0       PUBLIC        RI1
  B:0098H.2       PUBLIC        RB8
  B:00A8H.0       PUBLIC        EX0
  B:0088H.0       PUBLIC        IT0
  B:00C0H.1       PUBLIC        TI1
  B:00A8H.2       PUBLIC        EX1
  B:0098H.3       PUBLIC        TB8
  B:0088H.2       PUBLIC        IT1
  B:00D0H.0       PUBLIC        P
  B:0098H.7       PUBLIC        SM0
  B:0098H.6       PUBLIC        SM1
  B:0098H.5       PUBLIC        SM2
  B:00B8H.4       PUBLIC        PS0
  B:0080H.6       PUBLIC        USB_FLAG_WRITE
  B:00B8H.6       PUBLIC        PS1
  B:00B8H.1       PUBLIC        PT0
  C:08E7H         PUBLIC        ISR_Sudav
  B:00D0H.3       PUBLIC        RS0
  B:00B8H.3       PUBLIC        PT1
  D:00B2H         PUBLIC        OEA
  B:00D0H.4       PUBLIC        RS1
  B:00B8H.5       PUBLIC        PT2
  B:0088H.4       PUBLIC        TR0
  B:0088H.6       PUBLIC        TR1
  B:00C8H.2       PUBLIC        TR2
  B:00B8H.0       PUBLIC        PX0
  D:00ACH         PUBLIC        EP68FIFOFLGS
  B:00B8H.2       PUBLIC        PX1
  D:0080H         PUBLIC        IOA
  C:0D50H         PUBLIC        TD_Suspend
  D:00BBH         PUBLIC        GPIFTRIG
  B:00E8H.2       PUBLIC        EIEX4
  D:0037H         PUBLIC        Configuration
  B:00E8H.3       PUBLIC        EIEX5
  B:0020H.4       PUBLIC        in_token_event
  B:00E8H.4       PUBLIC        EIEX6
  B:00C8H.3       PUBLIC        EXEN2
  B:0080H.7       PUBLIC        USB_FLAG_READ
  B:0080H.6       PUBLIC        SEL
  B:00D8H.7       PUBLIC        SMOD1
  B:0098H.4       PUBLIC        REN
  C:08FFH         PUBLIC        ISR_Ep0ack
  C:0BCAH         PUBLIC        ISR_Highspeed
  C:0CFCH         PUBLIC        ISR_Sutok
  C:0D65H         PUBLIC        ISR_Ibn
  C:0D61H         PUBLIC        ISR_Ep2inout
  B:00F8H.2       PUBLIC        EIPX4
  C:0D62H         PUBLIC        ISR_Ep4inout
  B:00F8H.3       PUBLIC        EIPX5
  C:012EH         PUBLIC        DR_VendorCmnd
BL51 BANKED LINKER/LOCATER V4.03                                                      08/20/2011  17:01:19  PAGE 11


  C:0D52H         PUBLIC        TD_Resume
  B:00F8H.4       PUBLIC        EIPX6
  C:0D63H         PUBLIC        ISR_Ep6inout
  C:0D5CH         PUBLIC        ISR_Stub
  C:0D64H         PUBLIC        ISR_Ep8inout
  C:0B93H         PUBLIC        ISR_Ures
  C:0D5AH         PUBLIC        DR_SetFeature
  B:00D0H.5       PUBLIC        F0
  C:0D12H         PUBLIC        ISR_Sof
  B:00D8H.5       PUBLIC        ERESI
  C:0D28H         PUBLIC        DR_GetConfiguration
  C:0CE4H         PUBLIC        ISR_Susp
  X:1087H         PUBLIC        IN_BC
  B:00C0H.2       PUBLIC        RB81
  -------         PROC          TD_INIT
  C:09B8H         LINE#         74
  C:09B8H         LINE#         75
  C:09B8H         LINE#         77
  C:09BEH         LINE#         78
  C:09C1H         LINE#         80
  C:09C6H         LINE#         81
  C:09CAH         LINE#         82
  C:09CEH         LINE#         83
  C:09D4H         LINE#         84
  C:09D7H         LINE#         85
  C:09DDH         LINE#         87
  C:09E0H         LINE#         88
  C:09E6H         LINE#         89
  C:09E9H         LINE#         90
  C:09ECH         LINE#         91
  C:09EFH         LINE#         92
  C:09F2H         LINE#         93
  C:09F5H         LINE#         94
  C:09F7H         LINE#         95
  C:09FAH         LINE#         96
  C:0A00H         LINE#         97
  C:0A03H         LINE#         98
  C:0A09H         LINE#         100
  C:0A10H         LINE#         101
  C:0A10H         LINE#         102
  C:0A13H         LINE#         103
  C:0A19H         LINE#         104
  C:0A1CH         LINE#         105
  C:0A21H         LINE#         106
  C:0A24H         LINE#         107
  C:0A26H         LINE#         108
  C:0A28H         LINE#         110
  C:0A28H         LINE#         111
  C:0A2BH         LINE#         112
  C:0A30H         LINE#         113
  C:0A33H         LINE#         114
  C:0A39H         LINE#         115
  C:0A3CH         LINE#         116
  C:0A3CH         LINE#         118
  C:0A3FH         LINE#         119
  C:0A45H         LINE#         120
  C:0A48H         LINE#         121
BL51 BANKED LINKER/LOCATER V4.03                                                      08/20/2011  17:01:19  PAGE 12


  C:0A49H         LINE#         122
  C:0A4CH         LINE#         124
  C:0A51H         LINE#         125
  C:0A54H         LINE#         126
  C:0A57H         LINE#         127
  C:0A5AH         LINE#         128
  C:0A5DH         LINE#         129
  C:0A60H         LINE#         130
  -------         ENDPROC       TD_INIT
  -------         PROC          TD_POLL
  -------         DO            TD_POLL
  D:0030H         SYMBOL        xFIFOTC_OUT
  D:0032H         SYMBOL        xFIFOTC_IN
  -------         ENDDO         xFIFOTC_IN
  C:06C2H         LINE#         133
  C:06C2H         LINE#         134
  C:06C2H         LINE#         143
  C:06CAH         LINE#         144
  C:06CAH         LINE#         145
  C:06D2H         LINE#         146
  C:06D2H         LINE#         147
  C:06E5H         LINE#         148
  C:06E9H         LINE#         149
  C:06EEH         LINE#         151
  C:06EEH         LINE#         152
  C:06F1H         LINE#         153
  C:06F1H         LINE#         154
  C:06F3H         LINE#         155
  C:06F5H         LINE#         156
  C:06F8H         LINE#         157
  C:06F8H         LINE#         158
  C:06FAH         LINE#         159
  C:0701H         LINE#         160
  C:0703H         LINE#         161
  C:0705H         LINE#         162
  C:0705H         LINE#         163
  C:0710H         LINE#         164
  C:0716H         LINE#         165
  C:071CH         LINE#         166
  C:0721H         LINE#         167
  C:0723H         LINE#         168
  C:0725H         LINE#         170
  C:0725H         LINE#         171
  C:0728H         LINE#         172
  C:0730H         LINE#         173
  C:0733H         LINE#         174
  C:073BH         LINE#         175
  C:073EH         LINE#         176
  C:0744H         LINE#         177
  C:0747H         LINE#         178
  C:074DH         LINE#         179
  C:0750H         LINE#         180
  C:0751H         LINE#         181
  C:0753H         LINE#         182
  C:0753H         LINE#         183
  C:0753H         LINE#         184
  C:0753H         LINE#         185
BL51 BANKED LINKER/LOCATER V4.03                                                      08/20/2011  17:01:19  PAGE 13


  C:0753H         LINE#         189
  C:0759H         LINE#         190
  C:0759H         LINE#         191
  C:076CH         LINE#         192
  C:076FH         LINE#         193
  C:0784H         LINE#         194
  C:0787H         LINE#         195
  C:078DH         LINE#         196
  C:078DH         LINE#         197
  C:0790H         LINE#         198
  C:0790H         LINE#         199
  C:0796H         LINE#         200
  C:079CH         LINE#         201
  C:079EH         LINE#         203
  C:079EH         LINE#         204
  C:07ADH         LINE#         205
  C:07B3H         LINE#         206
  C:07B3H         LINE#         207
  C:07B5H         LINE#         208
  C:07B7H         LINE#         210
  C:07B8H         LINE#         212
  C:07B8H         LINE#         213
  C:07BDH         LINE#         214
  C:07BDH         LINE#         215
  C:07C2H         LINE#         216
  C:07C2H         LINE#         217
  C:07C4H         LINE#         218
  C:07C6H         LINE#         219
  C:07C9H         LINE#         220
  C:07C9H         LINE#         221
  C:07CBH         LINE#         222
  C:07D2H         LINE#         223
  C:07D4H         LINE#         224
  C:07D6H         LINE#         225
  C:07D6H         LINE#         226
  C:07D9H         LINE#         227
  C:07DCH         LINE#         228
  C:07DCH         LINE#         229
  C:07DCH         LINE#         230
  C:07DCH         LINE#         231
  C:07DCH         LINE#         233
  -------         ENDPROC       TD_POLL
  -------         PROC          TD_SUSPEND
  C:0D50H         LINE#         235
  C:0D50H         LINE#         236
  C:0D50H         LINE#         237
  C:0D51H         LINE#         238
  -------         ENDPROC       TD_SUSPEND
  -------         PROC          TD_RESUME
  C:0D52H         LINE#         240
  C:0D52H         LINE#         241
  C:0D52H         LINE#         242
  C:0D53H         LINE#         243
  -------         ENDPROC       TD_RESUME
  -------         PROC          DR_GETDESCRIPTOR
  C:0D54H         LINE#         250
  C:0D54H         LINE#         251
BL51 BANKED LINKER/LOCATER V4.03                                                      08/20/2011  17:01:19  PAGE 14


  C:0D54H         LINE#         252
  C:0D55H         LINE#         253
  -------         ENDPROC       DR_GETDESCRIPTOR
  -------         PROC          DR_SETCONFIGURATION
  C:0080H         LINE#         255
  C:0080H         LINE#         256
  C:0080H         LINE#         258
  C:0086H         LINE#         259
  C:0087H         LINE#         260
  -------         ENDPROC       DR_SETCONFIGURATION
  -------         PROC          DR_GETCONFIGURATION
  C:0D28H         LINE#         262
  C:0D28H         LINE#         263
  C:0D28H         LINE#         264
  C:0D2EH         LINE#         265
  C:0D33H         LINE#         266
  C:0D38H         LINE#         267
  C:0D39H         LINE#         268
  -------         ENDPROC       DR_GETCONFIGURATION
  -------         PROC          DR_SETINTERFACE
  C:0088H         LINE#         270
  C:0088H         LINE#         271
  C:0088H         LINE#         272
  C:008EH         LINE#         273
  C:008FH         LINE#         274
  -------         ENDPROC       DR_SETINTERFACE
  -------         PROC          DR_GETINTERFACE
  C:0D3AH         LINE#         276
  C:0D3AH         LINE#         277
  C:0D3AH         LINE#         278
  C:0D40H         LINE#         279
  C:0D45H         LINE#         280
  C:0D4AH         LINE#         281
  C:0D4BH         LINE#         282
  -------         ENDPROC       DR_GETINTERFACE
  -------         PROC          DR_GETSTATUS
  C:0D56H         LINE#         284
  C:0D56H         LINE#         285
  C:0D56H         LINE#         286
  C:0D57H         LINE#         287
  -------         ENDPROC       DR_GETSTATUS
  -------         PROC          DR_CLEARFEATURE
  C:0D58H         LINE#         289
  C:0D58H         LINE#         290
  C:0D58H         LINE#         291
  C:0D59H         LINE#         292
  -------         ENDPROC       DR_CLEARFEATURE
  -------         PROC          DR_SETFEATURE
  C:0D5AH         LINE#         294
  C:0D5AH         LINE#         295
  C:0D5AH         LINE#         296
  C:0D5BH         LINE#         297
  -------         ENDPROC       DR_SETFEATURE
  -------         PROC          DR_VENDORCMND
  C:012EH         LINE#         302
  C:012EH         LINE#         303
  C:012EH         LINE#         304
BL51 BANKED LINKER/LOCATER V4.03                                                      08/20/2011  17:01:19  PAGE 15


  C:0160H         LINE#         305
  C:0160H         LINE#         307
  C:0160H         LINE#         308
  C:0160H         LINE#         309
  C:0166H         LINE#         310
  C:016BH         LINE#         311
  C:0170H         LINE#         312
  C:0177H         LINE#         313
  C:017AH         LINE#         314
  C:017AH         LINE#         316
  C:017AH         LINE#         317
  C:017AH         LINE#         318
  C:017CH         LINE#         319
  C:0184H         LINE#         320
  C:0189H         LINE#         321
  C:018EH         LINE#         322
  C:0195H         LINE#         323
  C:0198H         LINE#         324
  C:0198H         LINE#         325
  C:0198H         LINE#         326
  C:0198H         LINE#         327
  C:019BH         LINE#         328
  C:01A1H         LINE#         329
  C:01A4H         LINE#         330
  C:01A7H         LINE#         331
  C:01AAH         LINE#         332
  C:01ADH         LINE#         333
  C:01B0H         LINE#         334
  C:01B2H         LINE#         335
  C:01B5H         LINE#         336
  C:01BBH         LINE#         337
  C:01BEH         LINE#         338
  C:01BFH         LINE#         339
  C:01C2H         LINE#         340
  C:01C8H         LINE#         341
  C:01CDH         LINE#         342
  C:01D2H         LINE#         343
  C:01D9H         LINE#         344
  C:01DCH         LINE#         345
  C:01DCH         LINE#         346
  C:01DCH         LINE#         347
  C:01DCH         LINE#         348
  C:01DEH         LINE#         349
  C:01E4H         LINE#         350
  C:01E7H         LINE#         351
  C:01EAH         LINE#         352
  C:01F1H         LINE#         353
  C:01F3H         LINE#         354
  C:01FAH         LINE#         355
  C:01FFH         LINE#         356
  C:0204H         LINE#         357
  C:020BH         LINE#         358
  C:020EH         LINE#         359
  C:020EH         LINE#         360
  C:020EH         LINE#         361
  C:020EH         LINE#         362
  C:0210H         LINE#         363
BL51 BANKED LINKER/LOCATER V4.03                                                      08/20/2011  17:01:19  PAGE 16


  C:0212H         LINE#         364
  C:0218H         LINE#         365
  C:021DH         LINE#         366
  C:0222H         LINE#         367
  C:0229H         LINE#         368
  C:022CH         LINE#         369
  C:022CH         LINE#         370
  C:022CH         LINE#         371
  C:022CH         LINE#         372
  C:022EH         LINE#         373
  C:0236H         LINE#         374
  C:023BH         LINE#         375
  C:0240H         LINE#         376
  C:0247H         LINE#         377
  C:024AH         LINE#         378
  C:024AH         LINE#         379
  C:024AH         LINE#         380
  C:024AH         LINE#         381
  C:0250H         LINE#         382
  C:0255H         LINE#         383
  C:025AH         LINE#         384
  C:025FH         LINE#         385
  C:0266H         LINE#         386
  C:0269H         LINE#         387
  C:0269H         LINE#         388
  C:0269H         LINE#         389
  C:0269H         LINE#         390
  C:026BH         LINE#         391
  C:0273H         LINE#         392
  C:0278H         LINE#         393
  C:027DH         LINE#         394
  C:0284H         LINE#         395
  C:0287H         LINE#         396
  C:0287H         LINE#         397
  C:0287H         LINE#         398
  C:0287H         LINE#         400
  C:0289H         LINE#         401
  C:028BH         LINE#         402
  C:028DH         LINE#         403
  C:0294H         LINE#         404
  C:0296H         LINE#         405
  C:029CH         LINE#         406
  C:02A1H         LINE#         407
  C:02A6H         LINE#         408
  C:02ADH         LINE#         409
  C:02B0H         LINE#         410
  C:02B0H         LINE#         411
  C:02B0H         LINE#         412
  C:02B0H         LINE#         413
  C:02B2H         LINE#         414
  C:02BAH         LINE#         415
  C:02BFH         LINE#         416
  C:02C4H         LINE#         417
  C:02CBH         LINE#         418
  C:02CDH         LINE#         419
  C:02CDH         LINE#         420
  C:02CDH         LINE#         421
BL51 BANKED LINKER/LOCATER V4.03                                                      08/20/2011  17:01:19  PAGE 17


  C:02CDH         LINE#         422
  C:02CFH         LINE#         423
  C:02D7H         LINE#         424
  C:02DCH         LINE#         425
  C:02E1H         LINE#         426
  C:02E8H         LINE#         427
  C:02EAH         LINE#         428
  C:02EAH         LINE#         429
  C:02EAH         LINE#         430
  C:02EAH         LINE#         431
  C:02F2H         LINE#         432
  C:02F7H         LINE#         433
  C:02FCH         LINE#         434
  C:0303H         LINE#         435
  C:0305H         LINE#         436
  C:0305H         LINE#         437
  C:0305H         LINE#         438
  C:0305H         LINE#         439
  C:030DH         LINE#         440
  C:0312H         LINE#         441
  C:0317H         LINE#         442
  C:031EH         LINE#         443
  C:0320H         LINE#         444
  C:0320H         LINE#         445
  C:0320H         LINE#         446
  C:0326H         LINE#         447
  C:032EH         LINE#         448
  C:0333H         LINE#         449
  C:0338H         LINE#         450
  C:033FH         LINE#         451
  C:033FH         LINE#         452
  C:0340H         LINE#         453
  -------         ENDPROC       DR_VENDORCMND
  -------         PROC          ISR_SUDAV
  C:08E7H         LINE#         461
  C:08EDH         LINE#         463
  C:08EFH         LINE#         464
  C:08F2H         LINE#         465
  C:08F8H         LINE#         466
  -------         ENDPROC       ISR_SUDAV
  -------         PROC          ISR_SUTOK
  C:0CFCH         LINE#         469
  C:0D02H         LINE#         471
  C:0D05H         LINE#         472
  C:0D0BH         LINE#         473
  -------         ENDPROC       ISR_SUTOK
  -------         PROC          ISR_SOF
  C:0D12H         LINE#         475
  C:0D18H         LINE#         477
  C:0D1BH         LINE#         478
  C:0D21H         LINE#         479
  -------         ENDPROC       ISR_SOF
  -------         PROC          ISR_URES
  C:0B93H         LINE#         481
  C:0B99H         LINE#         483
  C:0BA0H         LINE#         484
  C:0BA0H         LINE#         485
BL51 BANKED LINKER/LOCATER V4.03                                                      08/20/2011  17:01:19  PAGE 18


  C:0BA6H         LINE#         486
  C:0BACH         LINE#         487
  C:0BAEH         LINE#         489
  C:0BAEH         LINE#         490
  C:0BB4H         LINE#         491
  C:0BBAH         LINE#         492
  C:0BBAH         LINE#         494
  C:0BBDH         LINE#         495
  C:0BC3H         LINE#         496
  -------         ENDPROC       ISR_URES
  -------         PROC          ISR_SUSP
  C:0CE4H         LINE#         498
  C:0CEAH         LINE#         500
  C:0CECH         LINE#         501
  C:0CEFH         LINE#         502
  C:0CF5H         LINE#         503
  -------         ENDPROC       ISR_SUSP
  -------         PROC          ISR_HIGHSPEED
  C:0BCAH         LINE#         505
  C:0BD0H         LINE#         507
  C:0BD7H         LINE#         508
  C:0BD7H         LINE#         509
  C:0BDDH         LINE#         510
  C:0BE3H         LINE#         511
  C:0BE5H         LINE#         513
  C:0BE5H         LINE#         514
  C:0BEBH         LINE#         515
  C:0BF1H         LINE#         516
  C:0BF1H         LINE#         518
  C:0BF4H         LINE#         519
  C:0BFAH         LINE#         520
  -------         ENDPROC       ISR_HIGHSPEED
  -------         PROC          ISR_EP0ACK
  C:08FFH         LINE#         521
  C:08FFH         LINE#         523
  -------         ENDPROC       ISR_EP0ACK
  -------         PROC          ISR_STUB
  C:0D5CH         LINE#         524
  C:0D5CH         LINE#         526
  -------         ENDPROC       ISR_STUB
  -------         PROC          ISR_EP0IN
  C:0D5DH         LINE#         527
  C:0D5DH         LINE#         529
  -------         ENDPROC       ISR_EP0IN
  -------         PROC          ISR_EP0OUT
  C:0D5EH         LINE#         530
  C:0D5EH         LINE#         532
  -------         ENDPROC       ISR_EP0OUT
  -------         PROC          ISR_EP1IN
  C:0D5FH         LINE#         533
  C:0D5FH         LINE#         535
  -------         ENDPROC       ISR_EP1IN
  -------         PROC          ISR_EP1OUT
  C:0D60H         LINE#         536
  C:0D60H         LINE#         538
  -------         ENDPROC       ISR_EP1OUT
  -------         PROC          ISR_EP2INOUT
BL51 BANKED LINKER/LOCATER V4.03                                                      08/20/2011  17:01:19  PAGE 19


  C:0D61H         LINE#         539
  C:0D61H         LINE#         541
  -------         ENDPROC       ISR_EP2INOUT
  -------         PROC          ISR_EP4INOUT
  C:0D62H         LINE#         542
  C:0D62H         LINE#         544
  -------         ENDPROC       ISR_EP4INOUT
  -------         PROC          ISR_EP6INOUT
  C:0D63H         LINE#         545
  C:0D63H         LINE#         547
  -------         ENDPROC       ISR_EP6INOUT
  -------         PROC          ISR_EP8INOUT
  C:0D64H         LINE#         548
  C:0D64H         LINE#         550
  -------         ENDPROC       ISR_EP8INOUT
  -------         PROC          ISR_IBN
  C:0D65H         LINE#         551
  C:0D65H         LINE#         553
  -------         ENDPROC       ISR_IBN
  -------         PROC          ISR_EP0PINGNAK
  C:0D66H         LINE#         554
  C:0D66H         LINE#         556
  -------         ENDPROC       ISR_EP0PINGNAK
  -------         PROC          ISR_EP1PINGNAK
  C:0D67H         LINE#         557
  C:0D67H         LINE#         559
  -------         ENDPROC       ISR_EP1PINGNAK
  -------         PROC          ISR_EP2PINGNAK
  C:0D68H         LINE#         560
  C:0D68H         LINE#         562
  -------         ENDPROC       ISR_EP2PINGNAK
  -------         PROC          ISR_EP4PINGNAK
  C:0D69H         LINE#         563
  C:0D69H         LINE#         565
  -------         ENDPROC       ISR_EP4PINGNAK
  -------         PROC          ISR_EP6PINGNAK
  C:0D6AH         LINE#         566
  C:0D6AH         LINE#         568
  -------         ENDPROC       ISR_EP6PINGNAK
  -------         PROC          ISR_EP8PINGNAK
  C:0D6BH         LINE#         569
  C:0D6BH         LINE#         571
  -------         ENDPROC       ISR_EP8PINGNAK
  -------         PROC          ISR_ERRORLIMIT
  C:0D6CH         LINE#         572
  C:0D6CH         LINE#         574
  -------         ENDPROC       ISR_ERRORLIMIT
  -------         PROC          ISR_EP2PIDERROR
  C:0D6DH         LINE#         575
  C:0D6DH         LINE#         577
  -------         ENDPROC       ISR_EP2PIDERROR
  -------         PROC          ISR_EP4PIDERROR
  C:0D6EH         LINE#         578
  C:0D6EH         LINE#         580
  -------         ENDPROC       ISR_EP4PIDERROR
  -------         PROC          ISR_EP6PIDERROR
  C:0D6FH         LINE#         581
BL51 BANKED LINKER/LOCATER V4.03                                                      08/20/2011  17:01:19  PAGE 20


  C:0D6FH         LINE#         583
  -------         ENDPROC       ISR_EP6PIDERROR
  -------         PROC          ISR_EP8PIDERROR
  C:0D70H         LINE#         584
  C:0D70H         LINE#         586
  -------         ENDPROC       ISR_EP8PIDERROR
  -------         PROC          ISR_EP2PFLAG
  C:0D71H         LINE#         587
  C:0D71H         LINE#         589
  -------         ENDPROC       ISR_EP2PFLAG
  -------         PROC          ISR_EP4PFLAG
  C:0D72H         LINE#         590
  C:0D72H         LINE#         592
  -------         ENDPROC       ISR_EP4PFLAG
  -------         PROC          ISR_EP6PFLAG
  C:0D73H         LINE#         593
  C:0D73H         LINE#         595
  -------         ENDPROC       ISR_EP6PFLAG
  -------         PROC          ISR_EP8PFLAG
  C:0D74H         LINE#         596
  C:0D74H         LINE#         598
  -------         ENDPROC       ISR_EP8PFLAG
  -------         PROC          ISR_EP2EFLAG
  C:0D75H         LINE#         599
  C:0D75H         LINE#         601
  -------         ENDPROC       ISR_EP2EFLAG
  -------         PROC          ISR_EP4EFLAG
  C:0D76H         LINE#         602
  C:0D76H         LINE#         604
  -------         ENDPROC       ISR_EP4EFLAG
  -------         PROC          ISR_EP6EFLAG
  C:0D77H         LINE#         605
  C:0D77H         LINE#         607
  -------         ENDPROC       ISR_EP6EFLAG
  -------         PROC          ISR_EP8EFLAG
  C:0D78H         LINE#         608
  C:0D78H         LINE#         610
  -------         ENDPROC       ISR_EP8EFLAG
  -------         PROC          ISR_EP2FFLAG
  C:0D79H         LINE#         611
  C:0D79H         LINE#         613
  -------         ENDPROC       ISR_EP2FFLAG
  -------         PROC          ISR_EP4FFLAG
  C:0D7AH         LINE#         614
  C:0D7AH         LINE#         616
  -------         ENDPROC       ISR_EP4FFLAG
  -------         PROC          ISR_EP6FFLAG
  C:0D7BH         LINE#         617
  C:0D7BH         LINE#         619
  -------         ENDPROC       ISR_EP6FFLAG
  -------         PROC          ISR_EP8FFLAG
  C:0D7CH         LINE#         620
  C:0D7CH         LINE#         622
  -------         ENDPROC       ISR_EP8FFLAG
  -------         PROC          ISR_GPIFCOMPLETE
  C:0D7DH         LINE#         623
  C:0D7DH         LINE#         625
BL51 BANKED LINKER/LOCATER V4.03                                                      08/20/2011  17:01:19  PAGE 21


  -------         ENDPROC       ISR_GPIFCOMPLETE
  -------         PROC          ISR_GPIFWAVEFORM
  C:0D7EH         LINE#         626
  C:0D7EH         LINE#         628
  -------         ENDPROC       ISR_GPIFWAVEFORM
  -------         ENDMOD        USBTRANS

  -------         MODULE        GPIF
  C:0000H         SYMBOL        _ICE_DUMMY_
  B:00C0H.3       PUBLIC        TB81
  B:00C0H.7       PUBLIC        SM01
  B:00C0H.6       PUBLIC        SM11
  B:00E8H.1       PUBLIC        EI2C
  B:00D0H.6       PUBLIC        AC
  B:00C0H.5       PUBLIC        SM21
  B:00A8H.7       PUBLIC        EA
  B:00B0H.0       PUBLIC        APTR1FZ
  B:00B0H.1       PUBLIC        APTR2FZ
  B:00F8H.1       PUBLIC        PI2C
  X:1000H         PUBLIC        WaveData
  B:00D0H.1       PUBLIC        FL
  X:1080H         PUBLIC        InitData
  B:00C8H.6       PUBLIC        EXF2
  B:00C0H.4       PUBLIC        REN1
  B:0098H.0       PUBLIC        RI
  B:00D0H.7       PUBLIC        CY
  B:0098H.1       PUBLIC        TI
  C:07DDH         PUBLIC        GpifInit
  B:00D8H.3       PUBLIC        INT6
  B:00D0H.2       PUBLIC        OV
  B:00C8H.1       PUBLIC        C_T2
  B:00C8H.5       PUBLIC        RCLK
  D:009DH         PUBLIC        AUTOPTRH2
  B:00C8H.4       PUBLIC        TCLK
  B:00E8H.0       PUBLIC        EUSB
  D:009EH         PUBLIC        AUTOPTRL2
  D:009AH         PUBLIC        APTR1H
  B:00D8H.4       PUBLIC        RESI
  D:009BH         PUBLIC        APTR1L
  B:00A8H.7       PUBLIC        EXTACC
  B:00F8H.0       PUBLIC        PUSB
  B:0088H.1       PUBLIC        IE0
  B:0088H.3       PUBLIC        IE1
  B:00C8H.0       PUBLIC        CP_RL2
  D:00AFH         PUBLIC        AUTOPTRSETUP
  B:00A8H.4       PUBLIC        ES0
  B:00A8H.6       PUBLIC        ES1
  B:00A8H.1       PUBLIC        ET0
  B:00A8H.3       PUBLIC        ET1
  B:0088H.5       PUBLIC        TF0
  B:00A8H.5       PUBLIC        ET2
  B:0088H.7       PUBLIC        TF1
  B:00C8H.7       PUBLIC        TF2
  B:00C0H.0       PUBLIC        RI1
  B:0098H.2       PUBLIC        RB8
  B:00A8H.0       PUBLIC        EX0
  B:0088H.0       PUBLIC        IT0
BL51 BANKED LINKER/LOCATER V4.03                                                      08/20/2011  17:01:19  PAGE 22


  B:00C0H.1       PUBLIC        TI1
  B:00A8H.2       PUBLIC        EX1
  B:0098H.3       PUBLIC        TB8
  B:0088H.2       PUBLIC        IT1
  B:00D0H.0       PUBLIC        P
  B:0098H.7       PUBLIC        SM0
  B:0098H.6       PUBLIC        SM1
  B:0098H.5       PUBLIC        SM2
  B:00B8H.4       PUBLIC        PS0
  B:00B8H.6       PUBLIC        PS1
  B:00B8H.1       PUBLIC        PT0
  B:00D0H.3       PUBLIC        RS0
  B:00B8H.3       PUBLIC        PT1
  B:00D0H.4       PUBLIC        RS1
  B:00B8H.5       PUBLIC        PT2
  B:0088H.4       PUBLIC        TR0
  D:00B4H         PUBLIC        OEC
  B:0088H.6       PUBLIC        TR1
  B:00C8H.2       PUBLIC        TR2
  B:00B8H.0       PUBLIC        PX0
  B:00B8H.2       PUBLIC        PX1
  B:00E8H.2       PUBLIC        EIEX4
  B:00E8H.3       PUBLIC        EIEX5
  B:00E8H.4       PUBLIC        EIEX6
  B:00C8H.3       PUBLIC        EXEN2
  B:0080H.6       PUBLIC        SEL
  B:00D8H.7       PUBLIC        SMOD1
  B:0098H.4       PUBLIC        REN
  B:00F8H.2       PUBLIC        EIPX4
  B:00F8H.3       PUBLIC        EIPX5
  B:00F8H.4       PUBLIC        EIPX6
  B:00D0H.5       PUBLIC        F0
  B:00D8H.5       PUBLIC        ERESI
  B:00C0H.2       PUBLIC        RB81
  -------         PROC          GPIFINIT
  -------         DO            GPIFINIT
  D:0007H         SYMBOL        i
  -------         ENDDO         i
  C:07DDH         LINE#         197
  C:07DDH         LINE#         198
  C:07DDH         LINE#         203
  C:07E3H         LINE#         211
  C:07E9H         LINE#         218
  C:07F1H         LINE#         219
  C:07F9H         LINE#         220
  C:0801H         LINE#         221
  C:0809H         LINE#         222
  C:0811H         LINE#         223
  C:0819H         LINE#         228
  C:0820H         LINE#         232
  C:0823H         LINE#         235
  C:0827H         LINE#         236
  C:082BH         LINE#         238
  C:082EH         LINE#         239
  C:0831H         LINE#         241
  C:0832H         LINE#         242
  C:0832H         LINE#         243
BL51 BANKED LINKER/LOCATER V4.03                                                      08/20/2011  17:01:19  PAGE 23


  C:083AH         LINE#         244
  C:083EH         LINE#         248
  C:0841H         LINE#         249
  C:0844H         LINE#         251
  C:0847H         LINE#         252
  C:0849H         LINE#         255
  C:084AH         LINE#         256
  C:084AH         LINE#         257
  C:0852H         LINE#         258
  C:0856H         LINE#         263
  C:085CH         LINE#         264
  C:085FH         LINE#         265
  C:0866H         LINE#         266
  C:0869H         LINE#         275
  C:086EH         LINE#         276
  C:0872H         LINE#         280
  C:0876H         LINE#         281
  C:087AH         LINE#         282
  C:087EH         LINE#         283
  C:0882H         LINE#         284
  C:0886H         LINE#         285
  C:088CH         LINE#         286
  C:0892H         LINE#         287
  C:0897H         LINE#         288
  C:089CH         LINE#         289
  C:08A0H         LINE#         290
  -------         ENDPROC       GPIFINIT
  -------         ENDMOD        GPIF

  -------         MODULE        DSCR
  C:0090H         PUBLIC        DEVICEDSCR
  C:00A2H         PUBLIC        DEVICEQUALDSCR
  C:00CCH         PUBLIC        FULLSPEEDCONFIGDSCR
  C:00ACH         PUBLIC        HIGHSPEEDCONFIGDSCR
  C:00ECH         PUBLIC        STRINGDSCR
  C:012CH         PUBLIC        USERDSCR
  N:0002H         SYMBOL        DSCR_CONFIG
  N:0009H         SYMBOL        DSCR_CONFIG_LEN
  N:0001H         SYMBOL        DSCR_DEVICE
  N:0012H         SYMBOL        DSCR_DEVICE_LEN
  N:0006H         SYMBOL        DSCR_DEVQUAL
  N:000AH         SYMBOL        DSCR_DEVQUAL_LEN
  N:0005H         SYMBOL        DSCR_ENDPNT
  N:0007H         SYMBOL        DSCR_ENDPNT_LEN
  N:0004H         SYMBOL        DSCR_INTRFC
  N:0009H         SYMBOL        DSCR_INTRFC_LEN
  N:0003H         SYMBOL        DSCR_STRING
  N:0002H         SYMBOL        ET_BULK
  N:0000H         SYMBOL        ET_CONTROL
  N:0003H         SYMBOL        ET_INT
  N:0001H         SYMBOL        ET_ISO
  C:00ECH         SYMBOL        FULLSPEEDCONFIGDSCREND
  C:00CCH         SYMBOL        HIGHSPEEDCONFIGDSCREND
  C:00ECH         SYMBOL        STRINGDSCR0
  C:00F0H         SYMBOL        STRINGDSCR0END
  C:00F0H         SYMBOL        STRINGDSCR1
  C:010EH         SYMBOL        STRINGDSCR1END
BL51 BANKED LINKER/LOCATER V4.03                                                      08/20/2011  17:01:19  PAGE 24


  C:010EH         SYMBOL        STRINGDSCR2
  C:012CH         SYMBOL        STRINGDSCR2END
  -------         ENDMOD        DSCR

  -------         MODULE        FW
  C:0000H         SYMBOL        _ICE_DUMMY_
  B:00C0H.3       PUBLIC        TB81
  B:00C0H.7       PUBLIC        SM01
  B:00C0H.6       PUBLIC        SM11
  B:00E8H.1       PUBLIC        EI2C
  B:00D0H.6       PUBLIC        AC
  B:00C0H.5       PUBLIC        SM21
  B:00A8H.7       PUBLIC        EA
  B:00B0H.0       PUBLIC        APTR1FZ
  B:00B0H.1       PUBLIC        APTR2FZ
  B:00F8H.1       PUBLIC        PI2C
  B:00D0H.1       PUBLIC        FL
  B:0020H.5       PUBLIC        Rwuen
  B:00C8H.6       PUBLIC        EXF2
  B:00C0H.4       PUBLIC        REN1
  B:0020H.6       PUBLIC        GotSUD
  B:0098H.0       PUBLIC        RI
  B:00D0H.7       PUBLIC        CY
  B:0098H.1       PUBLIC        TI
  B:00D8H.3       PUBLIC        INT6
  B:00D0H.2       PUBLIC        OV
  C:0341H         PUBLIC        main
  B:00C8H.1       PUBLIC        C_T2
  B:00C8H.5       PUBLIC        RCLK
  B:00C8H.4       PUBLIC        TCLK
  B:00E8H.0       PUBLIC        EUSB
  B:00D8H.4       PUBLIC        RESI
  B:00A8H.7       PUBLIC        EXTACC
  B:00F8H.0       PUBLIC        PUSB
  B:0088H.1       PUBLIC        IE0
  B:0088H.3       PUBLIC        IE1
  B:00C8H.0       PUBLIC        CP_RL2
  C:0D4CH         PUBLIC        resume_isr
  B:00A8H.4       PUBLIC        ES0
  B:00A8H.6       PUBLIC        ES1
  B:00A8H.1       PUBLIC        ET0
  B:00A8H.3       PUBLIC        ET1
  B:0088H.5       PUBLIC        TF0
  B:00A8H.5       PUBLIC        ET2
  B:0088H.7       PUBLIC        TF1
  B:00C8H.7       PUBLIC        TF2
  B:00C0H.0       PUBLIC        RI1
  B:0098H.2       PUBLIC        RB8
  B:00A8H.0       PUBLIC        EX0
  B:0088H.0       PUBLIC        IT0
  B:00C0H.1       PUBLIC        TI1
  B:00A8H.2       PUBLIC        EX1
  B:0098H.3       PUBLIC        TB8
  B:0088H.2       PUBLIC        IT1
  B:00D0H.0       PUBLIC        P
  B:0098H.7       PUBLIC        SM0
  B:0098H.6       PUBLIC        SM1
BL51 BANKED LINKER/LOCATER V4.03                                                      08/20/2011  17:01:19  PAGE 25


  D:0022H         PUBLIC        pHighSpeedConfigDscr
  B:0098H.5       PUBLIC        SM2
  B:00B8H.4       PUBLIC        PS0
  D:0024H         PUBLIC        pDeviceDscr
  B:00B8H.6       PUBLIC        PS1
  B:00B8H.1       PUBLIC        PT0
  B:00D0H.3       PUBLIC        RS0
  B:00B8H.3       PUBLIC        PT1
  B:00D0H.4       PUBLIC        RS1
  B:00B8H.5       PUBLIC        PT2
  B:0088H.4       PUBLIC        TR0
  B:0088H.6       PUBLIC        TR1
  C:050BH         PUBLIC        SetupCommand
  B:00C8H.2       PUBLIC        TR2
  B:00B8H.0       PUBLIC        PX0
  B:00B8H.2       PUBLIC        PX1
  D:0026H         PUBLIC        pConfigDscr
  D:0028H         PUBLIC        pOtherConfigDscr
  B:00E8H.2       PUBLIC        EIEX4
  B:00E8H.3       PUBLIC        EIEX5
  B:00E8H.4       PUBLIC        EIEX6
  B:00C8H.3       PUBLIC        EXEN2
  B:0080H.6       PUBLIC        SEL
  D:002AH         PUBLIC        pFullSpeedConfigDscr
  B:00D8H.7       PUBLIC        SMOD1
  B:0098H.4       PUBLIC        REN
  B:0020H.7       PUBLIC        Selfpwr
  D:002CH         PUBLIC        pDeviceQualDscr
  B:00F8H.2       PUBLIC        EIPX4
  B:00F8H.3       PUBLIC        EIPX5
  B:00F8H.4       PUBLIC        EIPX6
  D:00D8H         PUBLIC        EICON
  D:008EH         PUBLIC        CKCON
  B:00D0H.5       PUBLIC        F0
  B:00D8H.5       PUBLIC        ERESI
  D:002EH         PUBLIC        pStringDscr
  B:0021H.0       PUBLIC        Sleep
  B:00C0H.2       PUBLIC        RB81
  -------         PROC          MAIN
  -------         DO            MAIN
  D:0008H         SYMBOL        i
  D:0006H         SYMBOL        offset
  D:000CH         SYMBOL        DevDescrLen
  D:0010H         SYMBOL        j
  D:0014H         SYMBOL        IntDescrAddr
  D:0016H         SYMBOL        ExtDescrAddr
  -------         ENDDO         ExtDescrAddr
  C:0341H         LINE#         87
  C:0341H         LINE#         88
  C:0341H         LINE#         92
  C:034AH         LINE#         97
  C:034CH         LINE#         98
  C:034EH         LINE#         99
  C:0350H         LINE#         100
  C:0352H         LINE#         103
  C:0355H         LINE#         111
  C:035DH         LINE#         112
BL51 BANKED LINKER/LOCATER V4.03                                                      08/20/2011  17:01:19  PAGE 26


  C:0363H         LINE#         113
  C:0369H         LINE#         114
  C:036FH         LINE#         115
  C:0375H         LINE#         117
  C:037CH         LINE#         118
  C:037CH         LINE#         119
  C:0382H         LINE#         120
  C:0388H         LINE#         121
  C:038AH         LINE#         123
  C:038AH         LINE#         124
  C:0390H         LINE#         125
  C:0396H         LINE#         126
  C:0396H         LINE#         128
  C:039EH         LINE#         129
  C:039EH         LINE#         130
  C:03A4H         LINE#         131
  C:03ACH         LINE#         132
  C:03C4H         LINE#         133
  C:03E2H         LINE#         134
  C:040CH         LINE#         135
  C:042BH         LINE#         136
  C:0460H         LINE#         137
  C:0466H         LINE#         138
  C:0470H         LINE#         139
  C:047BH         LINE#         140
  C:0486H         LINE#         141
  C:0491H         LINE#         142
  C:049CH         LINE#         143
  C:04A7H         LINE#         144
  C:04B2H         LINE#         145
  C:04B2H         LINE#         147
  C:04B4H         LINE#         148
  C:04B7H         LINE#         150
  C:04BEH         LINE#         152
  C:04C5H         LINE#         153
  C:04C7H         LINE#         157
  C:04CCH         LINE#         160
  C:04CFH         LINE#         163
  C:04D1H         LINE#         166
  C:04D1H         LINE#         167
  C:04D1H         LINE#         168
  C:04D4H         LINE#         169
  C:04D4H         LINE#         170
  C:04D7H         LINE#         171
  C:04D9H         LINE#         172
  C:04D9H         LINE#         179
  C:04DCH         LINE#         180
  C:04DCH         LINE#         181
  C:04E1H         LINE#         182
  C:04E1H         LINE#         183
  C:04E3H         LINE#         185
  C:04E3H         LINE#         186
  C:04E6H         LINE#         187
  C:04E6H         LINE#         188
  C:04FFH         LINE#         193
  C:0502H         LINE#         194
  C:0505H         LINE#         195
BL51 BANKED LINKER/LOCATER V4.03                                                      08/20/2011  17:01:19  PAGE 27


  C:0505H         LINE#         196
  C:0505H         LINE#         197
  C:0508H         LINE#         198
  -------         ENDPROC       MAIN
  -------         PROC          SETUPCOMMAND
  -------         DO            SETUPCOMMAND
  D:0001H         SYMBOL        dscr_ptr
  -------         ENDDO         dscr_ptr
  C:050BH         LINE#         202
  C:050BH         LINE#         203
  C:050BH         LINE#         206
  C:0541H         LINE#         207
  C:0541H         LINE#         208
  C:0541H         LINE#         209
  C:0549H         LINE#         210
  C:055FH         LINE#         211
  C:055FH         LINE#         212
  C:055FH         LINE#         213
  C:0565H         LINE#         214
  C:056BH         LINE#         215
  C:056EH         LINE#         216
  C:056EH         LINE#         217
  C:0574H         LINE#         218
  C:057AH         LINE#         219
  C:057DH         LINE#         220
  C:057DH         LINE#         221
  C:0583H         LINE#         222
  C:0589H         LINE#         223
  C:058CH         LINE#         224
  C:058CH         LINE#         226
  C:0592H         LINE#         227
  C:0598H         LINE#         228
  C:059BH         LINE#         229
  C:059BH         LINE#         230
  C:05ADH         LINE#         231
  C:05ADH         LINE#         232
  C:05B2H         LINE#         233
  C:05B7H         LINE#         234
  C:05BAH         LINE#         236
  C:05C1H         LINE#         237
  C:05C4H         LINE#         238
  C:05C4H         LINE#         239
  C:05CBH         LINE#         240
  C:05CBH         LINE#         241
  C:05CEH         LINE#         242
  C:05CEH         LINE#         243
  C:05D1H         LINE#         244
  C:05D4H         LINE#         245
  C:05D4H         LINE#         246
  C:05D7H         LINE#         247
  C:05DAH         LINE#         248
  C:05DAH         LINE#         249
  C:05DDH         LINE#         250
  C:05E0H         LINE#         251
  C:05E0H         LINE#         252
  C:05E3H         LINE#         253
  C:05E6H         LINE#         254
BL51 BANKED LINKER/LOCATER V4.03                                                      08/20/2011  17:01:19  PAGE 28


  C:05E6H         LINE#         255
  C:05EEH         LINE#         256
  C:05FDH         LINE#         257
  C:05FDH         LINE#         258
  C:05FDH         LINE#         259
  C:060EH         LINE#         260
  C:0611H         LINE#         261
  C:0615H         LINE#         262
  C:061BH         LINE#         263
  C:061EH         LINE#         264
  C:061EH         LINE#         265
  C:0623H         LINE#         266
  C:0625H         LINE#         267
  C:0629H         LINE#         268
  C:062FH         LINE#         269
  C:0632H         LINE#         270
  C:0632H         LINE#         273
  C:0637H         LINE#         274
  C:063BH         LINE#         275
  C:0641H         LINE#         276
  C:0643H         LINE#         277
  C:0643H         LINE#         278
  C:064AH         LINE#         279
  C:064AH         LINE#         280
  C:064CH         LINE#         281
  C:064CH         LINE#         282
  C:0651H         LINE#         283
  C:065DH         LINE#         284
  C:065DH         LINE#         285
  C:065DH         LINE#         286
  C:0664H         LINE#         287
  C:0668H         LINE#         289
  C:066FH         LINE#         290
  C:0671H         LINE#         291
  C:0671H         LINE#         292
  C:0677H         LINE#         293
  C:0677H         LINE#         296
  C:0677H         LINE#         298
  C:067EH         LINE#         299
  C:0680H         LINE#         300
  C:0680H         LINE#         301
  C:0680H         LINE#         302
  C:0680H         LINE#         303
  C:0685H         LINE#         304
  C:0691H         LINE#         305
  C:0691H         LINE#         306
  C:0691H         LINE#         307
  C:0698H         LINE#         308
  C:069CH         LINE#         310
  C:06A3H         LINE#         311
  C:06A5H         LINE#         312
  C:06A5H         LINE#         316
  C:06ACH         LINE#         317
  C:06AEH         LINE#         318
  C:06AEH         LINE#         319
  C:06AEH         LINE#         320
  C:06AEH         LINE#         321
BL51 BANKED LINKER/LOCATER V4.03                                                      08/20/2011  17:01:19  PAGE 29


  C:06B3H         LINE#         322
  C:06BAH         LINE#         323
  C:06BAH         LINE#         328
  C:06C1H         LINE#         329
  -------         ENDPROC       SETUPCOMMAND
  -------         PROC          RESUME_ISR
  C:0D4CH         LINE#         332
  C:0D4CH         LINE#         334
  C:0D4FH         LINE#         335
  -------         ENDPROC       RESUME_ISR
  -------         ENDMOD        FW

  -------         MODULE        RESUME
  C:0000H         SYMBOL        _ICE_DUMMY_
  B:00C0H.3       PUBLIC        TB81
  B:00C0H.7       PUBLIC        SM01
  B:00C0H.6       PUBLIC        SM11
  B:00E8H.1       PUBLIC        EI2C
  B:00D0H.6       PUBLIC        AC
  B:00C0H.5       PUBLIC        SM21
  B:00A8H.7       PUBLIC        EA
  B:00B0H.0       PUBLIC        APTR1FZ
  B:00B0H.1       PUBLIC        APTR2FZ
  B:00F8H.1       PUBLIC        PI2C
  B:00D0H.1       PUBLIC        FL
  B:00C8H.6       PUBLIC        EXF2
  B:00C0H.4       PUBLIC        REN1
  B:0098H.0       PUBLIC        RI
  B:00D0H.7       PUBLIC        CY
  B:0098H.1       PUBLIC        TI
  B:00D8H.3       PUBLIC        INT6
  B:00D0H.2       PUBLIC        OV
  B:00C8H.1       PUBLIC        C_T2
  B:00C8H.5       PUBLIC        RCLK
  B:00C8H.4       PUBLIC        TCLK
  B:00E8H.0       PUBLIC        EUSB
  B:00D8H.4       PUBLIC        RESI
  B:00A8H.7       PUBLIC        EXTACC
  B:00F8H.0       PUBLIC        PUSB
  B:0088H.1       PUBLIC        IE0
  B:0088H.3       PUBLIC        IE1
  B:00C8H.0       PUBLIC        CP_RL2
  B:00A8H.4       PUBLIC        ES0
  B:00A8H.6       PUBLIC        ES1
  B:00A8H.1       PUBLIC        ET0
  B:00A8H.3       PUBLIC        ET1
  B:0088H.5       PUBLIC        TF0
  B:00A8H.5       PUBLIC        ET2
  B:0088H.7       PUBLIC        TF1
  B:00C8H.7       PUBLIC        TF2
  B:00C0H.0       PUBLIC        RI1
  B:0098H.2       PUBLIC        RB8
  B:00A8H.0       PUBLIC        EX0
  B:0088H.0       PUBLIC        IT0
  B:00C0H.1       PUBLIC        TI1
  B:00A8H.2       PUBLIC        EX1
  B:0098H.3       PUBLIC        TB8
BL51 BANKED LINKER/LOCATER V4.03                                                      08/20/2011  17:01:19  PAGE 30


  B:0088H.2       PUBLIC        IT1
  B:00D0H.0       PUBLIC        P
  B:0098H.7       PUBLIC        SM0
  B:0098H.6       PUBLIC        SM1
  B:0098H.5       PUBLIC        SM2
  B:00B8H.4       PUBLIC        PS0
  B:00B8H.6       PUBLIC        PS1
  B:00B8H.1       PUBLIC        PT0
  B:00D0H.3       PUBLIC        RS0
  B:00B8H.3       PUBLIC        PT1
  B:00D0H.4       PUBLIC        RS1
  B:00B8H.5       PUBLIC        PT2
  B:0088H.4       PUBLIC        TR0
  B:0088H.6       PUBLIC        TR1
  B:00C8H.2       PUBLIC        TR2
  B:00B8H.0       PUBLIC        PX0
  B:00B8H.2       PUBLIC        PX1
  B:00E8H.2       PUBLIC        EIEX4
  C:0C67H         PUBLIC        EZUSB_Resume
  B:00E8H.3       PUBLIC        EIEX5
  B:00E8H.4       PUBLIC        EIEX6
  B:00C8H.3       PUBLIC        EXEN2
  B:0080H.6       PUBLIC        SEL
  B:00D8H.7       PUBLIC        SMOD1
  B:0098H.4       PUBLIC        REN
  B:00F8H.2       PUBLIC        EIPX4
  B:00F8H.3       PUBLIC        EIPX5
  B:00F8H.4       PUBLIC        EIPX6
  B:00D0H.5       PUBLIC        F0
  B:00D8H.5       PUBLIC        ERESI
  B:00C0H.2       PUBLIC        RB81
  -------         PROC          EZUSB_RESUME
  C:0C67H         LINE#         4
  C:0C67H         LINE#         5
  C:0C67H         LINE#         6
  C:0C7DH         LINE#         8
  C:0C7DH         LINE#         9
  C:0C84H         LINE#         10
  C:0C8BH         LINE#         11
  C:0C92H         LINE#         12
  C:0C92H         LINE#         13
  -------         ENDPROC       EZUSB_RESUME
  -------         ENDMOD        RESUME

  -------         MODULE        SUSP
  C:0CBFH         SEGMENT       EZUSB
  C:0CBFH         PUBLIC        EZUSB_SUSP
  B:00D0H.6       SYMBOL        AC
  D:00E0H         SYMBOL        ACC
  D:009AH         SYMBOL        APTR1H
  D:009BH         SYMBOL        APTR1L
  D:009AH         SYMBOL        AUTOPTR1H
  D:009BH         SYMBOL        AUTOPTR1L
  D:009DH         SYMBOL        AUTOPTRH2
  D:009EH         SYMBOL        AUTOPTRL2
  D:00AFH         SYMBOL        AUTOPTRSETUP
  D:00F0H         SYMBOL        B
BL51 BANKED LINKER/LOCATER V4.03                                                      08/20/2011  17:01:19  PAGE 31


  X:E606H         SYMBOL        BPADDRH
  X:E607H         SYMBOL        BPADDRL
  X:E605H         SYMBOL        BREAKPT
  D:008EH         SYMBOL        CKCON
  X:E665H         SYMBOL        CLRERRCNT
  X:E600H         SYMBOL        CPUCS
  B:00C8H.0       SYMBOL        CP_RL2
  X:E6FBH         SYMBOL        CT1
  X:E6FCH         SYMBOL        CT2
  X:E6FDH         SYMBOL        CT3
  X:E6FEH         SYMBOL        CT4
  B:00D0H.7       SYMBOL        CY
  B:00C8H.1       SYMBOL        C_T2
  X:E6F8H         SYMBOL        DBUG
  D:0083H         SYMBOL        DPH
  D:0085H         SYMBOL        DPH1
  D:0082H         SYMBOL        DPL
  D:0084H         SYMBOL        DPL1
  D:0086H         SYMBOL        DPS
  B:00A8H.7       SYMBOL        EA
  B:00E8H.1       SYMBOL        EI2C
  D:00D8H         SYMBOL        EICON
  D:00E8H         SYMBOL        EIE
  B:00E8H.2       SYMBOL        EIEX4
  B:00E8H.3       SYMBOL        EIEX5
  B:00E8H.4       SYMBOL        EIEX6
  D:00F8H         SYMBOL        EIP
  B:00F8H.2       SYMBOL        EIPX4
  B:00F8H.3       SYMBOL        EIPX5
  B:00F8H.4       SYMBOL        EIPX6
  D:00BAH         SYMBOL        EP01STAT
  X:E68AH         SYMBOL        EP0BCH
  X:E68BH         SYMBOL        EP0BCL
  X:E740H         SYMBOL        EP0BUF
  X:E6A0H         SYMBOL        EP0CS
  X:E780H         SYMBOL        EP10UTBUF
  X:E68FH         SYMBOL        EP1INBC
  X:E7C0H         SYMBOL        EP1INBUF
  X:E611H         SYMBOL        EP1INCFG
  X:E6A2H         SYMBOL        EP1INCS
  X:E68DH         SYMBOL        EP1OUTBC
  X:E610H         SYMBOL        EP1OUTCFG
  X:E6A1H         SYMBOL        EP1OUTCS
  D:00AAH         SYMBOL        EP2468STAT
  D:00ABH         SYMBOL        EP24FIFOFLGS
  X:E620H         SYMBOL        EP2AUTOINLENH
  X:E621H         SYMBOL        EP2AUTOINLENL
  X:E690H         SYMBOL        EP2BCH
  X:E691H         SYMBOL        EP2BCL
  X:E612H         SYMBOL        EP2CFG
  X:E6A3H         SYMBOL        EP2CS
  X:E6ABH         SYMBOL        EP2FIFOBCH
  X:E6ACH         SYMBOL        EP2FIFOBCL
  X:F000H         SYMBOL        EP2FIFOBUF
  X:E618H         SYMBOL        EP2FIFOCFG
  X:E6A7H         SYMBOL        EP2FIFOFLGS
  X:E650H         SYMBOL        EP2FIFOIE
BL51 BANKED LINKER/LOCATER V4.03                                                      08/20/2011  17:01:19  PAGE 32


  X:E651H         SYMBOL        EP2FIFOIRQ
  X:E630H         SYMBOL        EP2FIFOPFH
  X:E631H         SYMBOL        EP2FIFOPFL
  X:E6D2H         SYMBOL        EP2GPIFFLGSEL
  X:E6D3H         SYMBOL        EP2GPIFPFSTOP
  X:E6D0H         SYMBOL        EP2GPIFTCH
  X:E6D1H         SYMBOL        EP2GPIFTCL
  X:E6D4H         SYMBOL        EP2GPIFTRIG
  X:E640H         SYMBOL        EP2ISOINPKTS
  X:E622H         SYMBOL        EP4AUTOINLENH
  X:E623H         SYMBOL        EP4AUTOINLENL
  X:E694H         SYMBOL        EP4BCH
  X:E695H         SYMBOL        EP4BCL
  X:E613H         SYMBOL        EP4CFG
  X:E6A4H         SYMBOL        EP4CS
  X:E6ADH         SYMBOL        EP4FIFOBCH
  X:E6AEH         SYMBOL        EP4FIFOBCL
  X:F400H         SYMBOL        EP4FIFOBUF
  X:E619H         SYMBOL        EP4FIFOCFG
  X:E6A8H         SYMBOL        EP4FIFOFLGS
  X:E652H         SYMBOL        EP4FIFOIE
  X:E653H         SYMBOL        EP4FIFOIRQ
  X:E632H         SYMBOL        EP4FIFOPFH
  X:E633H         SYMBOL        EP4FIFOPFL
  X:E6DAH         SYMBOL        EP4GPIFFLGSEL
  X:E6DBH         SYMBOL        EP4GPIFPFSTOP
  X:E6D0H         SYMBOL        EP4GPIFTCH
  X:E6D1H         SYMBOL        EP4GPIFTCL
  X:E6DCH         SYMBOL        EP4GPIFTRIG
  X:E641H         SYMBOL        EP4ISOINPKTS
  D:00ACH         SYMBOL        EP68FIFOFLGS
  X:E624H         SYMBOL        EP6AUTOINLENH
  X:E625H         SYMBOL        EP6AUTOINLENL
  X:E698H         SYMBOL        EP6BCH
  X:E699H         SYMBOL        EP6BCL
  X:E614H         SYMBOL        EP6CFG
  X:E6A5H         SYMBOL        EP6CS
  X:E6AFH         SYMBOL        EP6FIFOBCH
  X:E6B0H         SYMBOL        EP6FIFOBCL
  X:F800H         SYMBOL        EP6FIFOBUF
  X:E61AH         SYMBOL        EP6FIFOCFG
  X:E6A9H         SYMBOL        EP6FIFOFLGS
  X:E654H         SYMBOL        EP6FIFOIE
  X:E655H         SYMBOL        EP6FIFOIRQ
  X:E634H         SYMBOL        EP6FIFOPFH
  X:E635H         SYMBOL        EP6FIFOPFL
  X:E6E2H         SYMBOL        EP6GPIFFLGSEL
  X:E6E3H         SYMBOL        EP6GPIFPFSTOP
  X:E6D0H         SYMBOL        EP6GPIFTCH
  X:E6D1H         SYMBOL        EP6GPIFTCL
  X:E6E4H         SYMBOL        EP6GPIFTRIG
  X:E642H         SYMBOL        EP6ISOINPKTS
  X:E626H         SYMBOL        EP8AUTOINLENH
  X:E627H         SYMBOL        EP8AUTOINLENL
  X:E69CH         SYMBOL        EP8BCH
  X:E69DH         SYMBOL        EP8BCL
  X:E615H         SYMBOL        EP8CFG
BL51 BANKED LINKER/LOCATER V4.03                                                      08/20/2011  17:01:19  PAGE 33


  X:E6A6H         SYMBOL        EP8CS
  X:E6B1H         SYMBOL        EP8FIFOBCH
  X:E6B2H         SYMBOL        EP8FIFOBCL
  X:FC00H         SYMBOL        EP8FIFOBUF
  X:E61BH         SYMBOL        EP8FIFOCFG
  X:E6AAH         SYMBOL        EP8FIFOFLGS
  X:E656H         SYMBOL        EP8FIFOIE
  X:E657H         SYMBOL        EP8FIFOIRQ
  X:E636H         SYMBOL        EP8FIFOPFH
  X:E637H         SYMBOL        EP8FIFOPFL
  X:E6EAH         SYMBOL        EP8GPIFFLGSEL
[...]
  B:00B8H.3       PUBLIC        PT1
  X:E6EBH         PUBLIC        EP8GPIFPFSTOP
  X:E679H         PUBLIC        I2DAT
  X:E635H         PUBLIC        EP6FIFOPFL
  B:00D0H.4       PUBLIC        RS1
  B:00B8H.5       PUBLIC        PT2
  B:0088H.4       PUBLIC        TR0
  B:0088H.6       PUBLIC        TR1
  X:E6A1H         PUBLIC        EP1OUTCS
  X:E637H         PUBLIC        EP8FIFOPFL
  B:00C8H.2       PUBLIC        TR2
  B:00B8H.0       PUBLIC        PX0
  X:E65DH         PUBLIC        USBIRQ
  B:00B8H.2       PUBLIC        PX1
  X:E670H         PUBLIC        PORTACFG
  X:E671H         PUBLIC        PORTCCFG
  X:E651H         PUBLIC        EP2FIFOIRQ
  X:E602H         PUBLIC        PINFLAGSAB
  X:E6A0H         PUBLIC        EP0CS
  X:E6F4H         PUBLIC        GPIFREADYSTAT
  X:E6C3H         PUBLIC        GPIFCTLCFG
  X:E672H         PUBLIC        PORTECFG
  X:E653H         PUBLIC        EP4FIFOIRQ
  X:E6C1H         PUBLIC        GPIFIDLECS
  X:E6A3H         PUBLIC        EP2CS
  X:E67AH         PUBLIC        I2CTL
  X:E655H         PUBLIC        EP6FIFOIRQ
  X:E603H         PUBLIC        PINFLAGSCD
  B:00E8H.2       PUBLIC        EIEX4
  X:E6A4H         PUBLIC        EP4CS
  X:E648H         PUBLIC        INPKTEND
  B:00E8H.3       PUBLIC        EIEX5
  X:E657H         PUBLIC        EP8FIFOIRQ
  B:00E8H.4       PUBLIC        EIEX6
  X:E6A5H         PUBLIC        EP6CS
  B:00C8H.3       PUBLIC        EXEN2
  B:0080H.6       PUBLIC        SEL
  X:E6A6H         PUBLIC        EP8CS
  X:E68FH         PUBLIC        EP1INBC
  X:E662H         PUBLIC        USBERRIE
  B:00D8H.7       PUBLIC        SMOD1
  B:0098H.4       PUBLIC        REN
  X:E6C8H         PUBLIC        FLOWEQ0CTL
  X:E6C9H         PUBLIC        FLOWEQ1CTL
  X:E682H         PUBLIC        WAKEUPCS
  X:E6F1H         PUBLIC        XGPIFSGLDATLX
  X:E658H         PUBLIC        IBNIE
  X:E686H         PUBLIC        MICROFRAME
  X:E65AH         PUBLIC        NAKIE
  B:00F8H.2       PUBLIC        EIPX4
BL51 BANKED LINKER/LOCATER V4.03                                                      08/20/2011  17:01:19  PAGE 44


  B:00F8H.3       PUBLIC        EIPX5
  B:00F8H.4       PUBLIC        EIPX6
  X:E6B8H         PUBLIC        SETUPDAT
  X:E6F3H         PUBLIC        GPIFREADYCFG
  B:00D0H.5       PUBLIC        F0
  X:E6A2H         PUBLIC        EP1INCS
  X:E606H         PUBLIC        BPADDRH
  B:00D8H.5       PUBLIC        ERESI
  X:E65CH         PUBLIC        USBIE
  X:E60AH         PUBLIC        REVID
  X:E607H         PUBLIC        BPADDRL
  X:E650H         PUBLIC        EP2FIFOIE
  B:00C0H.2       PUBLIC        RB81
  -------         ENDMOD        EZREGS

  -------         MODULE        GET_STRD
  C:0000H         SYMBOL        _ICE_DUMMY_
  C:0C93H         PUBLIC        _EZUSB_GetStringDscr
  -------         PROC          _EZUSB_GETSTRINGDSCR
  D:0001H         SYMBOL        StrIdx
  -------         DO            StrIdx
  D:0006H         SYMBOL        dscr
  -------         ENDDO         dscr
  C:0C93H         LINE#         4
  C:0C95H         LINE#         5
  C:0C95H         LINE#         8
  C:0C99H         LINE#         10
  C:0CA3H         LINE#         11
  C:0CA3H         LINE#         12
  C:0CA9H         LINE#         13
  C:0CAAH         LINE#         14
  C:0CB8H         LINE#         15
  C:0CBAH         LINE#         17
  C:0CBEH         LINE#         18
  -------         ENDPROC       _EZUSB_GETSTRINGDSCR
  -------         ENDMOD        GET_STRD

  -------         MODULE        DELAY1MS
  C:0CBFH         SEGMENT       EZUSB
  C:0CD3H         PUBLIC        EZUSB_DELAY1MS
  B:00D0H.6       SYMBOL        AC
  D:00E0H         SYMBOL        ACC
  D:009AH         SYMBOL        APTR1H
  D:009BH         SYMBOL        APTR1L
  D:009AH         SYMBOL        AUTOPTR1H
  D:009BH         SYMBOL        AUTOPTR1L
  D:009DH         SYMBOL        AUTOPTRH2
  D:009EH         SYMBOL        AUTOPTRL2
  D:00AFH         SYMBOL        AUTOPTRSETUP
  D:00F0H         SYMBOL        B
  X:E606H         SYMBOL        BPADDRH
  X:E607H         SYMBOL        BPADDRL
  X:E605H         SYMBOL        BREAKPT
  D:008EH         SYMBOL        CKCON
  X:E665H         SYMBOL        CLRERRCNT
  X:E600H         SYMBOL        CPUCS
  B:00C8H.0       SYMBOL        CP_RL2
BL51 BANKED LINKER/LOCATER V4.03                                                      08/20/2011  17:01:19  PAGE 45


  X:E6FBH         SYMBOL        CT1
  X:E6FCH         SYMBOL        CT2
  X:E6FDH         SYMBOL        CT3
  X:E6FEH         SYMBOL        CT4
  B:00D0H.7       SYMBOL        CY
  B:00C8H.1       SYMBOL        C_T2
  X:E6F8H         SYMBOL        DBUG
  N:0000H         SYMBOL        DELAY1MS
  D:0083H         SYMBOL        DPH
  D:0085H         SYMBOL        DPH1
  D:0082H         SYMBOL        DPL
  D:0084H         SYMBOL        DPL1
  D:0086H         SYMBOL        DPS
  B:00A8H.7       SYMBOL        EA
  B:00E8H.1       SYMBOL        EI2C
  D:00D8H         SYMBOL        EICON
  D:00E8H         SYMBOL        EIE
  B:00E8H.2       SYMBOL        EIEX4
  B:00E8H.3       SYMBOL        EIEX5
  B:00E8H.4       SYMBOL        EIEX6
  D:00F8H         SYMBOL        EIP
  B:00F8H.2       SYMBOL        EIPX4
  B:00F8H.3       SYMBOL        EIPX5
  B:00F8H.4       SYMBOL        EIPX6
  D:00BAH         SYMBOL        EP01STAT
  X:E68AH         SYMBOL        EP0BCH
  X:E68BH         SYMBOL        EP0BCL
  X:E740H         SYMBOL        EP0BUF
  X:E6A0H         SYMBOL        EP0CS
  X:E780H         SYMBOL        EP10UTBUF
  X:E68FH         SYMBOL        EP1INBC
  X:E7C0H         SYMBOL        EP1INBUF
  X:E611H         SYMBOL        EP1INCFG
  X:E6A2H         SYMBOL        EP1INCS
  X:E68DH         SYMBOL        EP1OUTBC
  X:E610H         SYMBOL        EP1OUTCFG
  X:E6A1H         SYMBOL        EP1OUTCS
  D:00AAH         SYMBOL        EP2468STAT
  D:00ABH         SYMBOL        EP24FIFOFLGS
  X:E620H         SYMBOL        EP2AUTOINLENH
  X:E621H         SYMBOL        EP2AUTOINLENL
  X:E690H         SYMBOL        EP2BCH
  X:E691H         SYMBOL        EP2BCL
  X:E612H         SYMBOL        EP2CFG
  X:E6A3H         SYMBOL        EP2CS
  X:E6ABH         SYMBOL        EP2FIFOBCH
  X:E6ACH         SYMBOL        EP2FIFOBCL
  X:F000H         SYMBOL        EP2FIFOBUF
  X:E618H         SYMBOL        EP2FIFOCFG
  X:E6A7H         SYMBOL        EP2FIFOFLGS
  X:E650H         SYMBOL        EP2FIFOIE
  X:E651H         SYMBOL        EP2FIFOIRQ
  X:E630H         SYMBOL        EP2FIFOPFH
  X:E631H         SYMBOL        EP2FIFOPFL
  X:E6D2H         SYMBOL        EP2GPIFFLGSEL
  X:E6D3H         SYMBOL        EP2GPIFPFSTOP
  X:E6D0H         SYMBOL        EP2GPIFTCH
BL51 BANKED LINKER/LOCATER V4.03                                                      08/20/2011  17:01:19  PAGE 46


  X:E6D1H         SYMBOL        EP2GPIFTCL
  X:E6D4H         SYMBOL        EP2GPIFTRIG
  X:E640H         SYMBOL        EP2ISOINPKTS
  X:E622H         SYMBOL        EP4AUTOINLENH
  X:E623H         SYMBOL        EP4AUTOINLENL
  X:E694H         SYMBOL        EP4BCH
  X:E695H         SYMBOL        EP4BCL
  X:E613H         SYMBOL        EP4CFG
  X:E6A4H         SYMBOL        EP4CS
  X:E6ADH         SYMBOL        EP4FIFOBCH
  X:E6AEH         SYMBOL        EP4FIFOBCL
  X:F400H         SYMBOL        EP4FIFOBUF
  X:E619H         SYMBOL        EP4FIFOCFG
  X:E6A8H         SYMBOL        EP4FIFOFLGS
  X:E652H         SYMBOL        EP4FIFOIE
  X:E653H         SYMBOL        EP4FIFOIRQ
  X:E632H         SYMBOL        EP4FIFOPFH
  X:E633H         SYMBOL        EP4FIFOPFL
  X:E6DAH         SYMBOL        EP4GPIFFLGSEL
  X:E6DBH         SYMBOL        EP4GPIFPFSTOP
  X:E6D0H         SYMBOL        EP4GPIFTCH
  X:E6D1H         SYMBOL        EP4GPIFTCL
  X:E6DCH         SYMBOL        EP4GPIFTRIG
  X:E641H         SYMBOL        EP4ISOINPKTS
  D:00ACH         SYMBOL        EP68FIFOFLGS
  X:E624H         SYMBOL        EP6AUTOINLENH
  X:E625H         SYMBOL        EP6AUTOINLENL
  X:E698H         SYMBOL        EP6BCH
  X:E699H         SYMBOL        EP6BCL
  X:E614H         SYMBOL        EP6CFG
  X:E6A5H         SYMBOL        EP6CS
  X:E6AFH         SYMBOL        EP6FIFOBCH
  X:E6B0H         SYMBOL        EP6FIFOBCL
  X:F800H         SYMBOL        EP6FIFOBUF
  X:E61AH         SYMBOL        EP6FIFOCFG
  X:E6A9H         SYMBOL        EP6FIFOFLGS
  X:E654H         SYMBOL        EP6FIFOIE
  X:E655H         SYMBOL        EP6FIFOIRQ
  X:E634H         SYMBOL        EP6FIFOPFH
  X:E635H         SYMBOL        EP6FIFOPFL
  X:E6E2H         SYMBOL        EP6GPIFFLGSEL
  X:E6E3H         SYMBOL        EP6GPIFPFSTOP
  X:E6D0H         SYMBOL        EP6GPIFTCH
  X:E6D1H         SYMBOL        EP6GPIFTCL
  X:E6E4H         SYMBOL        EP6GPIFTRIG
  X:E642H         SYMBOL        EP6ISOINPKTS
  X:E626H         SYMBOL        EP8AUTOINLENH
  X:E627H         SYMBOL        EP8AUTOINLENL
  X:E69CH         SYMBOL        EP8BCH
  X:E69DH         SYMBOL        EP8BCL
  X:E615H         SYMBOL        EP8CFG
  X:E6A6H         SYMBOL        EP8CS
  X:E6B1H         SYMBOL        EP8FIFOBCH
  X:E6B2H         SYMBOL        EP8FIFOBCL
  X:FC00H         SYMBOL        EP8FIFOBUF
  X:E61BH         SYMBOL        EP8FIFOCFG
  X:E6AAH         SYMBOL        EP8FIFOFLGS
BL51 BANKED LINKER/LOCATER V4.03                                                      08/20/2011  17:01:19  PAGE 47


  X:E656H         SYMBOL        EP8FIFOIE
  X:E657H         SYMBOL        EP8FIFOIRQ
  X:E636H         SYMBOL        EP8FIFOPFH
  X:E637H         SYMBOL        EP8FIFOPFL
  X:E6EAH         SYMBOL        EP8GPIFFLGSEL
  X:E6EBH         SYMBOL        EP8GPIFPFSTOP
  X:E6D0H         SYMBOL        EP8GPIFTCH
  X:E6D1H         SYMBOL        EP8GPIFTCL
  X:E6ECH         SYMBOL        EP8GPIFTRIG
  X:E643H         SYMBOL        EP8ISOINPKTS
  X:E65EH         SYMBOL        EPIE
  X:E65FH         SYMBOL        EPIRQ
  B:00D8H.5       SYMBOL        ERESI
  X:E664H         SYMBOL        ERRCNTLIM
  C:0CE3H         SYMBOL        ER_END
  B:00A8H.4       SYMBOL        ES0
  B:00A8H.6       SYMBOL        ES1
  B:00A8H.1       SYMBOL        ET0
  B:00A8H.3       SYMBOL        ET1
  B:00A8H.5       SYMBOL        ET2
  B:00E8H.0       SYMBOL        EUSB
  B:00A8H.0       SYMBOL        EX0
  B:00A8H.2       SYMBOL        EX1
  B:00C8H.3       SYMBOL        EXEN2
  B:00C8H.6       SYMBOL        EXF2
  D:0091H         SYMBOL        EXIF
  X:E67BH         SYMBOL        EXTAUTODAT1
  X:E67CH         SYMBOL        EXTAUTODAT2
  B:00D0H.5       SYMBOL        F0
  X:E609H         SYMBOL        FIFOPINPOLAR
  X:E604H         SYMBOL        FIFORESET
  B:00D0H.1       SYMBOL        FL
  X:E6CCH         SYMBOL        FLOWEDGE
  X:E6C8H         SYMBOL        FLOWEQ0CTL
  X:E6C9H         SYMBOL        FLOWEQ1CTL
  X:E6C7H         SYMBOL        FLOWLOGIC
  X:E6C6H         SYMBOL        FLOWSTATE
  X:E6CBH         SYMBOL        FLOWSTB
  X:E6CDH         SYMBOL        FLOWSTBHPERIOD
  X:E687H         SYMBOL        FNADDR
  X:E6F5H         SYMBOL        GPIFABORT
  X:E6C4H         SYMBOL        GPIFADRH
  X:E6C5H         SYMBOL        GPIFADRL
  X:E6C3H         SYMBOL        GPIFCTLCFG
  X:E60CH         SYMBOL        GPIFHOLDAMOUNT
  X:E6C1H         SYMBOL        GPIFIDLECS
  X:E6C2H         SYMBOL        GPIFIDLECTL
  X:E660H         SYMBOL        GPIFIE
  X:E661H         SYMBOL        GPIFIRQ
  X:E6F3H         SYMBOL        GPIFREADYCFG
  X:E6F4H         SYMBOL        GPIFREADYSTAT
  D:00BDH         SYMBOL        GPIFSGLDATH
  D:00BFH         SYMBOL        GPIFSGLDATLNOX
  D:00BEH         SYMBOL        GPIFSGLDATLX
  X:E6D1H         SYMBOL        GPIFTCB0
  X:E6D0H         SYMBOL        GPIFTCB1
  X:E6CFH         SYMBOL        GPIFTCB2
BL51 BANKED LINKER/LOCATER V4.03                                                      08/20/2011  17:01:19  PAGE 48


  X:E6CEH         SYMBOL        GPIFTCB3
  D:00BBH         SYMBOL        GPIFTRIG
  X:E6C0H         SYMBOL        GPIFWFSELECT
  X:E400H         SYMBOL        GPIF_WAVE_DATA
  X:E678H         SYMBOL        I2CS
  X:E67AH         SYMBOL        I2CTL
  X:E679H         SYMBOL        I2DAT
  X:E658H         SYMBOL        IBNIE
  X:E659H         SYMBOL        IBNIRQ
  D:00A8H         SYMBOL        IE
  B:0088H.1       SYMBOL        IE0
  B:0088H.3       SYMBOL        IE1
  X:E601H         SYMBOL        IFCONFIG
  X:E648H         SYMBOL        INPKTEND
  D:00A1H         SYMBOL        INT2CLR
  X:E666H         SYMBOL        INT2IVEC
  D:00A2H         SYMBOL        INT4CLR
  X:E667H         SYMBOL        INT4IVEC
  B:00D8H.3       SYMBOL        INT6
  X:E668H         SYMBOL        INTSETUP
  D:0080H         SYMBOL        IOA
  D:0090H         SYMBOL        IOB
  D:00A0H         SYMBOL        IOC
  D:00B0H         SYMBOL        IOD
  D:00B1H         SYMBOL        IOE
  D:00B8H         SYMBOL        IP
  B:0088H.0       SYMBOL        IT0
  B:0088H.2       SYMBOL        IT1
  C:0CDCH         SYMBOL        LOOP
  X:E686H         SYMBOL        MICROFRAME
  D:0092H         SYMBOL        MPAGE
  X:E65AH         SYMBOL        NAKIE
  X:E65BH         SYMBOL        NAKIRQ
  D:00B2H         SYMBOL        OEA
  D:00B3H         SYMBOL        OEB
  D:00B4H         SYMBOL        OEC
  D:00B5H         SYMBOL        OED
  D:00B6H         SYMBOL        OEE
  X:E649H         SYMBOL        OUTPKTEND
  B:00D0H.2       SYMBOL        OV
  B:00D0H.0       SYMBOL        P
  D:0087H         SYMBOL        PCON
  B:00F8H.1       SYMBOL        PI2C
  X:E602H         SYMBOL        PINFLAGSAB
  X:E603H         SYMBOL        PINFLAGSCD
  X:E670H         SYMBOL        PORTACFG
  X:E671H         SYMBOL        PORTCCFG
  X:E672H         SYMBOL        PORTECFG
  B:00B8H.4       SYMBOL        PS0
  B:00B8H.6       SYMBOL        PS1
  D:00D0H         SYMBOL        PSW
  B:00B8H.1       SYMBOL        PT0
  B:00B8H.3       SYMBOL        PT1
  B:00B8H.5       SYMBOL        PT2
  B:00F8H.0       SYMBOL        PUSB
  B:00B8H.0       SYMBOL        PX0
  B:00B8H.2       SYMBOL        PX1
BL51 BANKED LINKER/LOCATER V4.03                                                      08/20/2011  17:01:19  PAGE 49


  B:0098H.2       SYMBOL        RB8
  B:00C0H.2       SYMBOL        RB81
  D:00CBH         SYMBOL        RCAP2H
  D:00CAH         SYMBOL        RCAP2L
  B:00C8H.5       SYMBOL        RCLK
  B:0098H.4       SYMBOL        REN
  B:00C0H.4       SYMBOL        REN1
  B:00D8H.4       SYMBOL        RESI
  X:E480H         SYMBOL        RES_WAVEDATA_END
  X:E60BH         SYMBOL        REVCTL
  X:E60AH         SYMBOL        REVID
  B:0098H.0       SYMBOL        RI
  B:00C0H.0       SYMBOL        RI1
  B:00D0H.3       SYMBOL        RS0
  B:00D0H.4       SYMBOL        RS1
  D:0099H         SYMBOL        SBUF0
  D:00C1H         SYMBOL        SBUF1
  D:0098H         SYMBOL        SCON0
  D:00C0H         SYMBOL        SCON1
  B:0080H.6       SYMBOL        SEL
  X:E6B8H         SYMBOL        SETUPDAT
  B:0098H.7       SYMBOL        SM0
  B:00C0H.7       SYMBOL        SM01
  B:0098H.6       SYMBOL        SM1
  B:00C0H.6       SYMBOL        SM11
  B:0098H.5       SYMBOL        SM2
  B:00C0H.5       SYMBOL        SM21
  B:00D8H.7       SYMBOL        SMOD1
  D:0081H         SYMBOL        SP
  X:E6B5H         SYMBOL        SUDPTRCTL
  X:E6B3H         SYMBOL        SUDPTRH
  X:E6B4H         SYMBOL        SUDPTRL
  X:E681H         SYMBOL        SUSPEND
  D:00C8H         SYMBOL        T2CON
  B:0098H.3       SYMBOL        TB8
  B:00C0H.3       SYMBOL        TB81
  B:00C8H.4       SYMBOL        TCLK
  D:0088H         SYMBOL        TCON
  X:E6F9H         SYMBOL        TESTCFG
  B:0088H.5       SYMBOL        TF0
  B:0088H.7       SYMBOL        TF1
  B:00C8H.7       SYMBOL        TF2
  D:008CH         SYMBOL        TH0
  D:008DH         SYMBOL        TH1
  D:00CDH         SYMBOL        TH2
  B:0098H.1       SYMBOL        TI
  B:00C0H.1       SYMBOL        TI1
  D:008AH         SYMBOL        TL0
  D:008BH         SYMBOL        TL1
  D:00CCH         SYMBOL        TL2
  D:0089H         SYMBOL        TMOD
  X:E683H         SYMBOL        TOGCTL
  B:0088H.4       SYMBOL        TR0
  B:0088H.6       SYMBOL        TR1
  B:00C8H.2       SYMBOL        TR2
  X:E608H         SYMBOL        UART230
  X:E67DH         SYMBOL        UDMACRCH
BL51 BANKED LINKER/LOCATER V4.03                                                      08/20/2011  17:01:19  PAGE 50


  X:E67EH         SYMBOL        UDMACRCL
  X:E67FH         SYMBOL        UDMACRCQUAL
  X:E680H         SYMBOL        USBCS
  X:E662H         SYMBOL        USBERRIE
  X:E663H         SYMBOL        USBERRIRQ
  X:E684H         SYMBOL        USBFRAMEH
  X:E685H         SYMBOL        USBFRAMEL
  X:E65CH         SYMBOL        USBIE
  X:E65DH         SYMBOL        USBIRQ
  X:E6FAH         SYMBOL        USBTEST
  X:E682H         SYMBOL        WAKEUPCS
  X:E6F0H         SYMBOL        XGPIFSGLDATH
  X:E6F2H         SYMBOL        XGPIFSGLDATLNOX
  X:E6F1H         SYMBOL        XGPIFSGLDATLX
  C:0CD3H         LINE#         14
  C:0CD5H         LINE#         15
  C:0CD7H         LINE#         16
  C:0CDAH         LINE#         17
  C:0CDCH         LINE#         19
  C:0CDDH         LINE#         20
  C:0CDFH         LINE#         21
  C:0CE1H         LINE#         22
  C:0CE3H         LINE#         24
  -------         ENDMOD        DELAY1MS

  -------         MODULE        USBJMPTBL
  C:0900H         SEGMENT       ?PR?USB_JUMP_TABLE?USBJT
  N:0045H         PUBLIC        USB_INT2AUTOVECTOR
  N:0055H         PUBLIC        USB_INT4AUTOVECTOR
  C:0900H         PUBLIC        USB_JUMP_TABLE
  N:0000H         SYMBOL        USBJMPTBL
  C:0043H         LINE#         15
  C:0053H         LINE#         19
  C:0900H         LINE#         27
  C:0904H         LINE#         29
  C:0908H         LINE#         31
  C:090CH         LINE#         33
  C:0910H         LINE#         35
  C:0914H         LINE#         37
  C:0918H         LINE#         39
  C:091CH         LINE#         41
  C:0920H         LINE#         43
  C:0924H         LINE#         45
  C:0928H         LINE#         47
  C:092CH         LINE#         49
  C:0930H         LINE#         51
  C:0934H         LINE#         53
  C:0938H         LINE#         55
  C:093CH         LINE#         57
  C:0940H         LINE#         59
  C:0944H         LINE#         61
  C:0948H         LINE#         63
  C:094CH         LINE#         65
  C:0950H         LINE#         67
  C:0954H         LINE#         69
  C:0958H         LINE#         71
  C:095CH         LINE#         73
BL51 BANKED LINKER/LOCATER V4.03                                                      08/20/2011  17:01:19  PAGE 51


  C:0960H         LINE#         75
  C:0964H         LINE#         77
  C:0968H         LINE#         79
  C:096CH         LINE#         81
  C:0970H         LINE#         83
  C:0974H         LINE#         85
  C:0978H         LINE#         87
  C:097CH         LINE#         89
  C:0980H         LINE#         92
  C:0984H         LINE#         94
  C:0988H         LINE#         96
  C:098CH         LINE#         98
  C:0990H         LINE#         100
  C:0994H         LINE#         102
  C:0998H         LINE#         104
  C:099CH         LINE#         106
  C:09A0H         LINE#         108
  C:09A4H         LINE#         110
  C:09A8H         LINE#         112
  C:09ACH         LINE#         114
  C:09B0H         LINE#         116
  C:09B4H         LINE#         118
  -------         ENDMOD        USBJMPTBL

  -------         MODULE        ?C?ULCMP
  C:0C01H         PUBLIC        ?C?ULCMP
  -------         ENDMOD        ?C?ULCMP

  -------         MODULE        ?C?CCASE
  C:0C12H         PUBLIC        ?C?CCASE
  -------         ENDMOD        ?C?CCASE

******************************************************************************
* RESTRICTED VERSION WITH 1000H BYTE CODE SIZE LIMIT; USED: 0D0BH BYTE (81%) *
******************************************************************************

LINK/LOCATE RUN COMPLETE.  0 WARNING(S),  0 ERROR(S)
